06-08 08:23:05.189  1959  2064 I chatty  : uid=1000(system) android.fg expire 1 line
06-08 08:23:05.279  1959  2077 I chatty  : uid=1000(system) ActivityManager expire 32 lines
06-08 08:23:05.346  1959  2078 I chatty  : uid=1000(system) ActivityManager expire 9 lines
06-08 08:23:05.776  1959  2723 I chatty  : uid=1000(system) Binder:1959_8 expire 4 lines
06-08 08:23:06.187  1959  2435 I chatty  : uid=1000(system) Binder:1959_5 expire 2 lines
06-08 08:23:06.243  1959  1959 I chatty  : uid=1000 system_server expire 20 lines
06-08 08:23:07.196  1959  2722 I chatty  : uid=1000(system) Binder:1959_7 expire 4 lines
06-08 08:23:09.031  1959  2268 I chatty  : uid=1000(system) Binder:1959_3 expire 3 lines
06-08 08:23:09.113  1959  3884 I chatty  : uid=1000(system) Binder:1959_10 expire 6 lines
06-08 08:23:14.324  1959  5175 I chatty  : uid=1000(system) Binder:1959_14 expire 4 lines
06-08 08:23:16.669  1959  2065 I chatty  : uid=1000(system) android.ui expire 2 lines
06-08 08:23:24.588  1959  5442 I chatty  : uid=1000(system) Binder:1959_16 expire 2 lines
06-08 08:23:35.322  1959  2076 I chatty  : uid=1000(system) android.bg expire 3 lines
06-08 08:24:55.431  1959  8254 I chatty  : uid=1000(system) Binder:1959_1E expire 1 line
06-08 08:24:57.054  1959  2606 I chatty  : uid=1000(system) Binder:1959_6 expire 9 lines
06-08 08:24:57.557  1959  5863 I chatty  : uid=1000(system) Binder:1959_17 expire 3 lines
06-08 08:24:57.579  1959  2088 I chatty  : uid=1000(system) batterystats-wo expire 11 lines
06-08 08:24:57.589  1959  2067 I chatty  : uid=1000(system) android.display expire 9 lines
06-08 08:25:11.224  1959  2105 I chatty  : uid=1000(system) PowerManagerSer expire 2 lines
06-08 08:26:48.637  1959  8215 I chatty  : uid=1000(system) Binder:1959_1D expire 2 lines
06-08 08:26:48.693  1959  6287 I chatty  : uid=1000(system) Binder:1959_19 expire 3 lines
06-08 08:26:48.694  1959  2257 I chatty  : uid=1000(system) ConnectivitySer expire 8 lines
06-08 08:26:58.317  1959  3857 I chatty  : uid=1000(system) Binder:1959_E expire 4 lines
06-08 08:28:37.891  1959  4070 I chatty  : uid=1000(system) Binder:1959_11 expire 2 lines
06-08 08:28:37.892  1959  2032 I chatty  : uid=1000(system) Binder:1959_2 expire 1 line
06-08 08:28:39.957  1959  3620 I chatty  : uid=1000(system) Binder:1959_B expire 2 lines
06-08 08:28:39.998  1959  3858 I chatty  : uid=1000(system) Binder:1959_F expire 3 lines
06-08 08:28:40.000  1959  9391 I chatty  : uid=1000(system) Binder:1959_20 expire 1 line
06-08 08:28:40.003  1959  6083 I chatty  : uid=1000(system) Binder:1959_18 expire 2 lines
06-08 08:28:40.058  1959  4680 I chatty  : uid=1000(system) Binder:1959_13 expire 4 lines
06-08 08:28:40.210  1959  2338 I chatty  : uid=1000(system) Binder:1959_4 expire 3 lines
06-08 08:28:46.198  1959  2031 I chatty  : uid=1000(system) Binder:1959_1 expire 2 lines
06-08 08:28:46.199  1959  7315 I chatty  : uid=1000(system) Binder:1959_1B expire 1 line
06-08 08:28:46.216  1959  7264 I chatty  : uid=1000(system) Binder:1959_1A expire 1 line
06-08 08:28:46.217  1959  9158 I chatty  : uid=1000(system) Binder:1959_1F expire 2 lines
06-08 08:28:46.505  1959  2078 I ActivityManager: Start proc 7044:com.google.android.gms/u0a122 for service {com.google.android.gms/com.google.android.gms.cast.service.CastPersistentService}
06-08 08:28:47.577  1959  2078 I ActivityManager: Start proc 7067:com.google.process.gservices/u0a122 for content provider {com.google.android.gsf/com.google.android.gsf.gservices.GservicesProvider}
06-08 08:28:47.873  1959  6083 I ActivityManager: Process com.ttxapps.wifiadb (pid 6761) has died: prcp FGS 
06-08 08:28:47.874  1959  6083 W ActivityManager: Scheduling restart of crashed service com.ttxapps.wifiadb/.NetworkMonitorService in 28588ms
06-08 08:28:47.893  1959  5442 D ConnectivityService: ConnectivityService NetworkRequestInfo binderDied(NetworkRequest [ LISTEN id=1046, [ Capabilities: NOT_RESTRICTED Uid: 10122] ], android.os.BinderProxy@45d5a38)
06-08 08:28:47.894  1959  6083 D ConnectivityService: ConnectivityService NetworkRequestInfo binderDied(NetworkRequest [ TRACK_DEFAULT id=1063, [ Capabilities: INTERNET&NOT_RESTRICTED&TRUSTED Uid: 10122] ], android.os.BinderProxy@c8caa11)
06-08 08:28:47.894  1959  7264 D ConnectivityService: ConnectivityService NetworkRequestInfo binderDied(NetworkRequest [ LISTEN id=1064, [ Capabilities: INTERNET&NOT_RESTRICTED&TRUSTED Uid: 10122] ], android.os.BinderProxy@ddbc776)
06-08 08:28:47.895  1959  2257 D ConnectivityService: releasing NetworkRequest [ TRACK_DEFAULT id=1063, [ Capabilities: INTERNET&NOT_RESTRICTED&TRUSTED Uid: 10122] ] (release request)
06-08 08:28:47.898  1959  2268 I ActivityManager: Process com.google.android.gms.persistent (pid 22422) has died: vis BFGS
06-08 08:28:47.899  1959  2268 W ActivityManager: Scheduling restart of crashed service com.google.android.gms/com.google.android.location.network.NetworkLocationService in 38563ms
06-08 08:28:47.899  1959  2268 W ActivityManager: Scheduling restart of crashed service com.google.android.gms/.gcm.GcmService in 48563ms
06-08 08:28:47.899  1959  2268 W ActivityManager: Scheduling restart of crashed service com.google.android.gms/.auth.setup.devicesignals.LockScreenService in 58563ms
06-08 08:28:47.899  1959  2268 W ActivityManager: Scheduling restart of crashed service com.google.android.gms/.nearby.sharing.ReceiveSurfaceService in 68563ms
06-08 08:28:47.899  1959  2268 W ActivityManager: Scheduling restart of crashed service com.google.android.gms/.tron.CollectionService in 78563ms
06-08 08:28:47.899  1959  2268 W ActivityManager: Scheduling restart of crashed service com.google.android.gms/com.google.android.location.internal.server.HardwareArProviderService in 88563ms
06-08 08:28:47.900  1959  2268 W ActivityManager: Scheduling restart of crashed service com.google.android.gms/com.google.android.location.internal.server.GoogleLocationService in 98563ms
06-08 08:28:47.900  1959  2268 W ActivityManager: Scheduling restart of crashed service com.google.android.gms/com.google.android.location.internal.GoogleLocationManagerService in 108563ms
06-08 08:28:47.900  1959  2268 W ActivityManager: Scheduling restart of crashed service com.google.android.gms/com.google.android.location.fused.FusedLocationService in 118563ms
06-08 08:28:47.900  1959  2268 W ActivityManager: Scheduling restart of crashed service com.google.android.gms/com.google.android.location.geocode.GeocodeService in 128563ms
06-08 08:28:47.900  1959  2268 W ActivityManager: Scheduling restart of crashed service com.google.android.gms/.auth.trustagent.GoogleTrustAgent in 138563ms
06-08 08:28:47.900  1959  2268 W ActivityManager: Scheduling restart of crashed service com.google.android.gms/com.google.android.contextmanager.service.ContextManagerService in 148563ms
06-08 08:28:47.903  1959  2077 W BroadcastQueue: Background execution not allowed: receiving Intent { act=android.location.PROVIDERS_CHANGED flg=0x10 (has extras) } to com.google.android.apps.maps/com.google.android.apps.gmm.locationsharing.usr.LocationAvailabilityChecker$LocationProvidersChangedBroadcastReceiver
06-08 08:28:47.904  1959  2077 W BroadcastQueue: Background execution not allowed: receiving Intent { act=android.location.PROVIDERS_CHANGED flg=0x10 (has extras) } to com.google.android.gms/.chimera.GmsIntentOperationService$PersistentTrustedReceiver
06-08 08:28:47.905  1959  2077 W BroadcastQueue: Background execution not allowed: receiving Intent { act=android.location.PROVIDERS_CHANGED flg=0x10 (has extras) } to com.google.android.googlequicksearchbox/com.google.android.apps.gsa.broadcastreceiver.external.ExternalCommonBroadcastReceiver
06-08 08:28:47.921  1959  4314 W ActivityManager: Unable to start service Intent { act=com.qti.izat.xt.srv cmp=com.qualcomm.location.XT/.XTSrv (has extras) } U=0: not found
06-08 08:28:48.504  1959  2078 I ActivityManager: Start proc 7099:com.google.android.gms.persistent/u0a122 for content provider {com.google.android.gms/com.google.android.gms.phenotype.provider.ConfigurationProvider}
06-08 08:28:49.193  1959  2078 I ActivityManager: Start proc 7140:com.google.process.gapps/u0a122 for content provider {com.google.android.gsf/com.google.android.gsf.settings.GoogleSettingsProvider}
06-08 08:28:49.352  1959  7353 E WifiService: Permission violation - startScan not allowed for uid=10122, packageName=com.google.android.gms, reason=java.lang.SecurityException: Location mode is disabled for the device
06-08 08:28:49.388  1959  2077 W BroadcastQueue: Background execution not allowed: receiving Intent { act=android.location.PROVIDERS_CHANGED flg=0x10 (has extras) } to com.google.android.apps.maps/com.google.android.apps.gmm.locationsharing.usr.LocationAvailabilityChecker$LocationProvidersChangedBroadcastReceiver
06-08 08:28:49.388  1959  2077 W BroadcastQueue: Background execution not allowed: receiving Intent { act=android.location.PROVIDERS_CHANGED flg=0x10 (has extras) } to com.google.android.gms/.chimera.GmsIntentOperationService$PersistentTrustedReceiver
06-08 08:28:49.388  1959  4314 W ActivityManager: Unable to start service Intent { act=com.qti.izat.xt.srv cmp=com.qualcomm.location.XT/.XTSrv (has extras) } U=0: not found
06-08 08:28:49.389  1959  2077 W BroadcastQueue: Background execution not allowed: receiving Intent { act=android.location.PROVIDERS_CHANGED flg=0x10 (has extras) } to com.google.android.googlequicksearchbox/com.google.android.apps.gsa.broadcastreceiver.external.ExternalCommonBroadcastReceiver
06-08 08:28:51.113  1959  2078 I ActivityManager: Start proc 7221:com.google.android.apps.wellbeing/u0a205 for broadcast {com.google.android.apps.wellbeing/com.google.android.apps.wellbeing.autodnd.impl.ContextManagerRestartBroadcastReceiver_Receiver}
06-08 08:28:51.256  1959  3858 W ProcessStats: Tracking association SourceState{8ad8cfb com.google.android.gms.persistent/10122 ImpFg #198857} whose proc state 2 is better than process ProcessState{8867f1f com.google.android.gms/10122 pkg=com.google.android.gms} proc state 3 (1 skipped)
06-08 08:28:51.328  1959  2268 W ActivityManager: Unable to start service Intent { act=com.google.android.gms.nearby.messages.service.NearbyMessagesService.START pkg=com.google.android.gms } U=0: not found
06-08 08:28:51.329  1959  2268 W ActivityManager: Unbind failed: could not find connection for android.os.BinderProxy@2faa073
06-08 08:28:51.611  1959  2032 W ActivityManager: Unable to start service Intent { act=com.google.android.gms.nearby.messages.service.NearbyMessagesService.START pkg=com.google.android.gms } U=0: not found
06-08 08:28:51.612  1959  2268 W ActivityManager: Unbind failed: could not find connection for android.os.BinderProxy@ea95453
06-08 08:28:51.849  1959  2078 I ActivityManager: Start proc 7256:com.google.android.googlequicksearchbox:search/u0a129 for broadcast {com.google.android.googlequicksearchbox/com.google.android.apps.gsa.broadcastreceiver.CommonBroadcastReceiver}
06-08 08:28:56.493  1959  2078 I ActivityManager: Start proc 7348:com.drilens.wamr:notificationl/u0a222 for service {com.drilens.wamr/com.drilens.wamr.NotificationListener}
06-08 08:28:56.862  1959  1959 V NotificationListeners: 0 notification listener service connected: ComponentInfo{com.drilens.wamr/com.drilens.wamr.NotificationListener}
06-08 08:29:02.644  1959  4680 W ProcessStats: Tracking association SourceState{8ad8cfb com.google.android.gms.persistent/10122 ImpFg #199065} whose proc state 2 is better than process ProcessState{8867f1f com.google.android.gms/10122 pkg=com.google.android.gms} proc state 3 (35 skipped)
06-08 08:29:06.492  1959  2078 I ActivityManager: Start proc 7401:com.google.android.inputmethod.latin/u0a212 for service {com.google.android.inputmethod.latin/com.android.inputmethod.latin.LatinIME}
06-08 08:29:08.264  1959  2078 I ActivityManager: Start proc 7468:android.process.acore/u0a115 for content provider {com.android.providers.userdictionary/com.android.providers.userdictionary.UserDictionaryProvider}
06-08 08:29:08.560  7468  7468 D ActivityThread: Loading provider contacts;com.android.contacts: com.android.providers.contacts.ContactsProvider2
06-08 08:29:08.799  1959  3857 D ConnectivityService: requestNetwork for uid/pid:10212/7401 NetworkRequest [ TRACK_DEFAULT id=1274, [ Capabilities: INTERNET&NOT_RESTRICTED&TRUSTED Uid: 10212] ]
06-08 08:29:12.770  1959  2088 E BatteryExternalStatsWorker: no controller energy info supplied for wifi
06-08 08:29:12.770  1959  2088 E BatteryExternalStatsWorker: no controller energy info supplied for bluetooth
06-08 08:29:16.488  1959  2078 I ActivityManager: Start proc 7541:com.ttxapps.wifiadb/u0a256 for service {com.ttxapps.wifiadb/com.ttxapps.wifiadb.NetworkMonitorService}
06-08 08:29:18.230  1959  2268 I ActivityTaskManager: START u0 {act=android.content.pm.action.REQUEST_PERMISSIONS pkg=com.android.permissioncontroller cmp=com.android.permissioncontroller/com.android.packageinstaller.permission.ui.GrantPermissionsActivity (has extras)} from uid 10252
06-08 08:29:18.253  1959  2078 I ActivityManager: Start proc 7580:com.android.permissioncontroller/u0a118 for pre-top-activity {com.android.permissioncontroller/com.android.packageinstaller.permission.ui.GrantPermissionsActivity}
06-08 08:29:18.735  1959  2067 W ActivityTaskManager: Activity pause timeout for ActivityRecord{ff3109 u0 com.ricediseaseprediction/.MainActivity t1673}
06-08 08:29:18.950  1959  3857 V AppLockService: setForegroundApp(com.android.permissioncontroller)
06-08 08:29:19.003  1959  2435 W NotificationService: Toast already killed. pkg=com.ricediseaseprediction callback=android.app.ITransientNotification$Stub$Proxy@a84d94b
06-08 08:29:19.039  1959  2435 V AppLockService: setForegroundApp(com.ricediseaseprediction)
06-08 08:29:20.210  1959  2067 W WindowManager: Unable to start animation, surface is null or no children.
06-08 08:29:29.630  1959  1959 W WindowManager: removeWindowToken: Attempted to remove non-existing token: android.os.Binder@40aee80
06-08 08:29:29.742  1959  2078 I ActivityManager: Start proc 7665:com.instagram.android/u0a192 for broadcast {com.instagram.android/com.instagram.analytics.uploadscheduler.AnalyticsUploadAlarmReceiver}
06-08 08:29:29.758  1959  2078 I ActivityManager: Start proc 7671:com.google.android.youtube/u0a242 for service {com.google.android.youtube/androidx.work.impl.background.systemjob.SystemJobService}
06-08 08:29:30.971  1959  2032 D ConnectivityService: requestNetwork for uid/pid:10242/7671 NetworkRequest [ TRACK_DEFAULT id=1276, [ Capabilities: INTERNET&NOT_RESTRICTED&TRUSTED Uid: 10242] ]
06-08 08:29:33.235  1959  2032 I DropBoxManagerService: add tag=keymaster isTagEnabled=true flags=0x0
06-08 08:29:33.661  1959  2078 I ActivityManager: Start proc 7951:com.google.android.apps.turbo/u0a195 for broadcast {com.google.android.apps.turbo/com.google.android.apps.turbo.nudges.broadcasts.BatteryStatusChangedReceiver}
06-08 08:29:33.751  1959  2032 W ActivityManager: Background start not allowed: service Intent { act=Orca.START cmp=com.instagram.android/com.facebook.rti.push.service.FbnsService (has extras) } to com.instagram.android/com.facebook.rti.push.service.FbnsService from pid=7665 uid=10192 pkg=com.instagram.android startFg?=false
06-08 08:29:33.777  1959  2078 I ActivityManager: Start proc 7976:com.instagram.android:mqtt/u0a192 for service {com.instagram.android/com.facebook.rti.push.service.FbnsService}
06-08 08:29:33.816  1959  2032 W ActivityManager: Background start not allowed: service Intent { act=Orca.START cmp=com.instagram.android/com.facebook.rti.push.service.FbnsService (has extras) } to com.instagram.android/com.facebook.rti.push.service.FbnsService from pid=7665 uid=10192 pkg=com.instagram.android startFg?=false
06-08 08:29:35.261  1959  2077 W BroadcastQueue: Background execution not allowed: receiving Intent { act=android.intent.action.DROPBOX_ENTRY_ADDED flg=0x10 (has extras) } to com.google.android.gms/.stats.service.DropBoxEntryAddedReceiver
06-08 08:29:35.261  1959  2077 W BroadcastQueue: Background execution not allowed: receiving Intent { act=android.intent.action.DROPBOX_ENTRY_ADDED flg=0x10 (has extras) } to com.google.android.gms/.chimera.GmsIntentOperationService$PersistentTrustedReceiver
06-08 08:30:03.176  1959  3857 I ActivityManager: Process android.process.acore (pid 7468) has died: cch+65 CEM 
06-08 08:30:03.225  1959  4369 I ActivityManager: Process com.google.android.googlequicksearchbox:search (pid 7256) has died: cch+55 CEM 
06-08 08:30:03.260  1959  2268 I ActivityManager: Process com.google.process.gapps (pid 7140) has died: cch+55 CEM 
06-08 08:30:03.262  1959  3010 I ActivityManager: Process com.google.android.apps.wellbeing (pid 7221) has died: cch+55 CEM 
06-08 08:30:03.277  1959  4369 I ActivityManager: Process com.instagram.android (pid 7665) has died: cch+25 CEM 
06-08 08:30:03.342  1959  4369 I ActivityManager: Process com.instagram.android:mqtt (pid 7976) has died: cch+5 CEM 
06-08 08:30:03.357  1959  3634 D ConnectivityService: ConnectivityService NetworkRequestInfo binderDied(NetworkRequest [ TRACK_DEFAULT id=1276, [ Capabilities: INTERNET&NOT_RESTRICTED&TRUSTED Uid: 10242] ], android.os.BinderProxy@f26bdd0)
06-08 08:30:03.357  1959  3884 D ConnectivityService: ConnectivityService NetworkRequestInfo binderDied(NetworkRequest [ LISTEN id=1277, [ Capabilities: INTERNET&NOT_RESTRICTED&TRUSTED&FOREGROUND Uid: 10242] ], android.os.BinderProxy@3461c9)
06-08 08:30:03.357  1959  7264 I ActivityManager: Process com.google.android.youtube (pid 7671) has died: cch+15 CEM 
06-08 08:30:03.358  1959  2257 D ConnectivityService: releasing NetworkRequest [ TRACK_DEFAULT id=1276, [ Capabilities: INTERNET&NOT_RESTRICTED&TRUSTED Uid: 10242] ] (release request)
06-08 08:30:08.572  1959  7264 I ActivityManager: Process com.android.permissioncontroller (pid 7580) has died: cch+15 CEM 
06-08 08:30:08.578  1959  7264 I ActivityManager: Process com.google.process.gservices (pid 7067) has died: prev LAST
06-08 08:30:08.595  1959  3010 I ActivityManager: Process com.google.android.apps.turbo (pid 7951) has died: cch+5 CEM 
06-08 08:30:09.081  1959  4680 D ConnectivityService: ConnectivityService NetworkRequestInfo binderDied(NetworkRequest [ LISTEN id=1273, [ Transports: WIFI Capabilities: NOT_RESTRICTED&TRUSTED&NOT_VPN Uid: 10122] ], android.os.BinderProxy@68f10ce)
06-08 08:30:09.082  1959  3634 I ActivityManager: Process com.google.android.gms (pid 7044) has died: svc SVC 
06-08 08:30:09.083  1959  3634 W ActivityManager: Scheduling restart of crashed service com.google.android.gms/.cast.service.CastPersistentService in 1000ms
06-08 08:30:09.085  1959  8215 E WifiMulticastLockManager: Multicaster binderDied
06-08 08:30:09.087  1959  3309 D NotificationListeners: Removing active service ComponentInfo{com.drilens.wamr/com.drilens.wamr.NotificationListener}
06-08 08:30:09.087  1959  1959 V NotificationListeners: 0 notification listener connection lost: ComponentInfo{com.drilens.wamr/com.drilens.wamr.NotificationListener}
06-08 08:30:09.087  1959  3634 I ActivityManager: Process com.drilens.wamr:notificationl (pid 7348) has died: prcl BFGS
06-08 08:30:09.088  1959  3634 W ActivityManager: Scheduling restart of crashed service com.drilens.wamr/.NotificationListener in 10995ms
06-08 08:30:09.098  1959  3634 I ActivityManager: Process com.android.webview:webview_service (pid 6026) has died: cch+5 CEM 
06-08 08:30:09.112  1959  3634 I ActivityManager: Process com.ttxapps.wifiadb (pid 7541) has died: prcp FGS 
06-08 08:30:09.112  1959  3634 W ActivityManager: Scheduling restart of crashed service com.ttxapps.wifiadb/.NetworkMonitorService in 114352ms
06-08 08:30:09.150  1959  2435 D ConnectivityService: ConnectivityService NetworkRequestInfo binderDied(NetworkRequest [ TRACK_DEFAULT id=1274, [ Capabilities: INTERNET&NOT_RESTRICTED&TRUSTED Uid: 10212] ], android.os.BinderProxy@301e6fc)
06-08 08:30:09.150  1959  7315 D ConnectivityService: ConnectivityService NetworkRequestInfo binderDied(NetworkRequest [ LISTEN id=1275, [ Capabilities: INTERNET&NOT_RESTRICTED&TRUSTED&FOREGROUND Uid: 10212] ], android.os.BinderProxy@f185185)
06-08 08:30:09.150  1959  2257 D ConnectivityService: releasing NetworkRequest [ TRACK_DEFAULT id=1274, [ Capabilities: INTERNET&NOT_RESTRICTED&TRUSTED Uid: 10212] ] (release request)
06-08 08:30:09.152  1959  3620 I ActivityManager: Process com.google.android.inputmethod.latin (pid 7401) has died: prcp IMPB
06-08 08:30:09.152  1959  3620 W ActivityManager: Scheduling restart of crashed service com.google.android.inputmethod.latin/com.android.inputmethod.latin.LatinIME in 20931ms
06-08 08:30:09.154  1959  1959 W InputMethodManagerService: Session failed to close due to remote exception
06-08 08:30:09.154  1959  1959 W InputMethodManagerService: android.os.DeadObjectException
06-08 08:30:09.154  1959  1959 W InputMethodManagerService: 	at android.os.BinderProxy.transactNative(Native Method)
06-08 08:30:09.154  1959  1959 W InputMethodManagerService: 	at android.os.BinderProxy.transact(BinderProxy.java:511)
06-08 08:30:09.154  1959  1959 W InputMethodManagerService: 	at com.android.internal.view.IInputMethodSession$Stub$Proxy.finishSession(IInputMethodSession.java:419)
06-08 08:30:09.154  1959  1959 W InputMethodManagerService: 	at com.android.server.inputmethod.InputMethodManagerService.finishSessionLocked(InputMethodManagerService.java:2371)
06-08 08:30:09.154  1959  1959 W InputMethodManagerService: 	at com.android.server.inputmethod.InputMethodManagerService.clearClientSessionLocked(InputMethodManagerService.java:2362)
06-08 08:30:09.154  1959  1959 W InputMethodManagerService: 	at com.android.server.inputmethod.InputMethodManagerService.clearCurMethodLocked(InputMethodManagerService.java:2389)
06-08 08:30:09.154  1959  1959 W InputMethodManagerService: 	at com.android.server.inputmethod.InputMethodManagerService.onServiceDisconnected(InputMethodManagerService.java:2416)
06-08 08:30:09.154  1959  1959 W InputMethodManagerService: 	at android.app.LoadedApk$ServiceDispatcher.doDeath(LoadedApk.java:1972)
06-08 08:30:09.154  1959  1959 W InputMethodManagerService: 	at android.app.LoadedApk$ServiceDispatcher$RunConnection.run(LoadedApk.java:1987)
06-08 08:30:09.154  1959  1959 W InputMethodManagerService: 	at android.os.Handler.handleCallback(Handler.java:883)
06-08 08:30:09.154  1959  1959 W InputMethodManagerService: 	at android.os.Handler.dispatchMessage(Handler.java:100)
06-08 08:30:09.154  1959  1959 W InputMethodManagerService: 	at android.os.Looper.loop(Looper.java:214)
06-08 08:30:09.154  1959  1959 W InputMethodManagerService: 	at com.android.server.SystemServer.run(SystemServer.java:571)
06-08 08:30:09.154  1959  1959 W InputMethodManagerService: 	at com.android.server.SystemServer.main(SystemServer.java:382)
06-08 08:30:09.154  1959  1959 W InputMethodManagerService: 	at java.lang.reflect.Method.invoke(Native Method)
06-08 08:30:09.154  1959  1959 W InputMethodManagerService: 	at com.android.internal.os.RuntimeInit$MethodAndArgsCaller.run(RuntimeInit.java:491)
06-08 08:30:09.154  1959  1959 W InputMethodManagerService: 	at com.android.internal.os.ZygoteInit.main(ZygoteInit.java:903)
06-08 08:30:09.199  1959  5175 D ConnectivityService: ConnectivityService NetworkRequestInfo binderDied(NetworkRequest [ LISTEN id=1272, [ Capabilities: NOT_RESTRICTED Uid: 10122] ], android.os.BinderProxy@609880b)
06-08 08:30:09.201  1959  8254 I ActivityManager: Process com.google.android.gms.persistent (pid 7099) has died: vis BFGS
06-08 08:30:09.202  1959  8254 W ActivityManager: Scheduling restart of crashed service com.google.android.gms/com.google.android.location.network.NetworkLocationService in 30881ms
06-08 08:30:09.202  1959  8254 W ActivityManager: Scheduling restart of crashed service com.google.android.gms/.gcm.GcmService in 40881ms
06-08 08:30:09.203  1959  8254 W ActivityManager: Scheduling restart of crashed service com.google.android.gms/.auth.setup.devicesignals.LockScreenService in 50881ms
06-08 08:30:09.203  1959  8254 W ActivityManager: Scheduling restart of crashed service com.google.android.gms/.nearby.sharing.ReceiveSurfaceService in 60880ms
06-08 08:30:09.203  1959  8254 W ActivityManager: Scheduling restart of crashed service com.google.android.gms/.nearby.discovery.service.DiscoveryService in 70880ms
06-08 08:30:09.203  1959  8254 W ActivityManager: Scheduling restart of crashed service com.google.android.gms/.tron.CollectionService in 70880ms
06-08 08:30:09.203  1959  8254 W ActivityManager: Scheduling restart of crashed service com.google.android.gms/com.google.android.location.internal.server.HardwareArProviderService in 80880ms
06-08 08:30:09.203  1959  8254 W ActivityManager: Scheduling restart of crashed service com.google.android.gms/com.google.android.location.internal.server.GoogleLocationService in 90880ms
06-08 08:30:09.203  1959  8254 W ActivityManager: Scheduling restart of crashed service com.google.android.gms/com.google.android.location.internal.GoogleLocationManagerService in 100880ms
06-08 08:30:09.204  1959  8254 W ActivityManager: Scheduling restart of crashed service com.google.android.gms/com.google.android.location.fused.FusedLocationService in 124261ms
06-08 08:30:09.204  1959  8254 W ActivityManager: Scheduling restart of crashed service com.google.android.gms/com.google.android.location.geocode.GeocodeService in 134261ms
06-08 08:30:09.204  1959  8254 W ActivityManager: Scheduling restart of crashed service com.google.android.gms/.auth.trustagent.GoogleTrustAgent in 144261ms
06-08 08:30:09.204  1959  8254 W ActivityManager: Scheduling restart of crashed service com.google.android.gms/com.google.android.contextmanager.service.ContextManagerService in 154261ms
06-08 08:30:09.214  1959  2077 W BroadcastQueue: Background execution not allowed: receiving Intent { act=android.location.PROVIDERS_CHANGED flg=0x10 (has extras) } to com.google.android.apps.maps/com.google.android.apps.gmm.locationsharing.usr.LocationAvailabilityChecker$LocationProvidersChangedBroadcastReceiver
06-08 08:30:09.215  1959  2077 W BroadcastQueue: Background execution not allowed: receiving Intent { act=android.location.PROVIDERS_CHANGED flg=0x10 (has extras) } to com.google.android.gms/.chimera.GmsIntentOperationService$PersistentTrustedReceiver
06-08 08:30:09.215  1959  2077 W BroadcastQueue: Background execution not allowed: receiving Intent { act=android.location.PROVIDERS_CHANGED flg=0x10 (has extras) } to com.google.android.googlequicksearchbox/com.google.android.apps.gsa.broadcastreceiver.external.ExternalCommonBroadcastReceiver
06-08 08:30:09.225  1959  4314 W ActivityManager: Unable to start service Intent { act=com.qti.izat.xt.srv cmp=com.qualcomm.location.XT/.XTSrv (has extras) } U=0: not found
06-08 08:30:09.303  1959  3309 I ActivityManager: Process com.android.launcher3 (pid 22365) has died: vis BFGS
06-08 08:30:09.305  1959  8254 I WindowManager: WIN DEATH: Window{34cc3c2 u0 com.android.launcher3/com.android.launcher3.shady.ShadyLauncher}
06-08 08:30:09.305  1959  5377 D NotificationListeners: Removing active service ComponentInfo{com.android.launcher3/com.android.launcher3.notification.NotificationListener}
06-08 08:30:09.305  1959  1959 V NotificationListeners: 0 notification listener connection lost: ComponentInfo{com.android.launcher3/com.android.launcher3.notification.NotificationListener}
06-08 08:30:09.325  1959  3309 W ActivityManager: Scheduling restart of crashed service com.android.launcher3/com.android.quickstep.TouchInteractionService in 164141ms
06-08 08:30:09.325  1959  3309 W ActivityManager: Scheduling restart of crashed service com.android.launcher3/.notification.NotificationListener in 174141ms
06-08 08:30:09.327  1959  2067 W ActivityManager: setHasOverlayUi called on unknown pid: 22365
06-08 08:30:09.328  1959  7315 I ActivityManager: Process com.android.smspush (pid 24633) has died: vis IMPF
06-08 08:30:09.332  1959  7315 W ActivityManager: Scheduling restart of crashed service com.android.smspush/.WapPushManager in 164136ms
06-08 08:30:09.355  1959  3309 I ActivityManager: Process com.qualcomm.qcrilmsgtunnel (pid 24589) has died: vis IMPF
06-08 08:30:09.356  1959  3309 W ActivityManager: Scheduling restart of crashed service com.qualcomm.qcrilmsgtunnel/.QcrilMsgTunnelService in 184110ms
06-08 08:30:09.368  1959  7315 I ActivityManager: Process com.google.android.googlequicksearchbox:interactor (pid 22740) has died: vis FGSL
06-08 08:30:09.369  1959  7315 W ActivityManager: Scheduling restart of crashed service com.google.android.googlequicksearchbox/com.google.android.voiceinteraction.GsaVoiceInteractionService in 194098ms
06-08 08:30:09.387  1959  2078 I ActivityManager: Start proc 8276:com.android.launcher3/u0a176 for service {com.android.launcher3/com.android.quickstep.TouchInteractionService}
06-08 08:30:10.052  1959  1959 V NotificationListeners: 0 notification listener service connected: ComponentInfo{com.android.launcher3/com.android.launcher3.notification.NotificationListener}
06-08 08:30:10.106  1959  2078 I ActivityManager: Start proc 8304:com.google.android.gms/u0a122 for service {com.google.android.gms/com.google.android.gms.cast.service.CastPersistentService}
06-08 08:30:10.271  1959  7353 I ActivityManager: Process com.ricediseaseprediction (pid 6610) has died: fore TOP 
06-08 08:30:10.272  1959  2268 I WindowManager: WIN DEATH: Window{4428e82 u0 com.ricediseaseprediction/com.ricediseaseprediction.MainActivity}
06-08 08:30:10.277  1959  6083 I WindowManager: WIN DEATH: Window{796f4ff u0 com.ricediseaseprediction/com.ricediseaseprediction.MainActivity}
06-08 08:30:10.283  1959  7315 I WindowManager: WIN DEATH: Window{6000870 u0 com.ricediseaseprediction/com.ricediseaseprediction.MainActivity}
06-08 08:30:10.288  1959  7353 W ActivityTaskManager: Force removing ActivityRecord{ff3109 u0 com.ricediseaseprediction/.MainActivity t1673}: app died, no saved state
06-08 08:30:10.313  1959  2067 W ActivityManager: setHasOverlayUi called on unknown pid: 6610
06-08 08:30:10.660  1959  1959 W ActivityManager: Unable to start service Intent { act=android.service.appprediction.AppPredictionService cmp=com.google.android.as/com.google.android.apps.miphone.aiai.app.AiAiPredictionService } U=0: not found
06-08 08:30:10.660  1959  1959 W RemoteAppPredictionService: could not bind to Intent { act=android.service.appprediction.AppPredictionService cmp=com.google.android.as/com.google.android.apps.miphone.aiai.app.AiAiPredictionService } using flags 67108865
06-08 08:30:10.662  1959  1959 W ActivityManager: Unable to start service Intent { act=android.service.appprediction.AppPredictionService cmp=com.google.android.as/com.google.android.apps.miphone.aiai.app.AiAiPredictionService } U=0: not found
06-08 08:30:10.662  1959  1959 W RemoteAppPredictionService: could not bind to Intent { act=android.service.appprediction.AppPredictionService cmp=com.google.android.as/com.google.android.apps.miphone.aiai.app.AiAiPredictionService } using flags 67108865
06-08 08:30:10.663  1959  1959 W ActivityManager: Unable to start service Intent { act=android.service.appprediction.AppPredictionService cmp=com.google.android.as/com.google.android.apps.miphone.aiai.app.AiAiPredictionService } U=0: not found
06-08 08:30:10.663  1959  1959 W RemoteAppPredictionService: could not bind to Intent { act=android.service.appprediction.AppPredictionService cmp=com.google.android.as/com.google.android.apps.miphone.aiai.app.AiAiPredictionService } using flags 67108865
06-08 08:30:10.664  1959  1959 W ActivityManager: Unable to start service Intent { act=android.service.appprediction.AppPredictionService cmp=com.google.android.as/com.google.android.apps.miphone.aiai.app.AiAiPredictionService } U=0: not found
06-08 08:30:10.664  1959  1959 W RemoteAppPredictionService: could not bind to Intent { act=android.service.appprediction.AppPredictionService cmp=com.google.android.as/com.google.android.apps.miphone.aiai.app.AiAiPredictionService } using flags 67108865
06-08 08:30:10.665  1959  1959 W ActivityManager: Unable to start service Intent { act=android.service.appprediction.AppPredictionService cmp=com.google.android.as/com.google.android.apps.miphone.aiai.app.AiAiPredictionService } U=0: not found
06-08 08:30:10.665  1959  1959 W RemoteAppPredictionService: could not bind to Intent { act=android.service.appprediction.AppPredictionService cmp=com.google.android.as/com.google.android.apps.miphone.aiai.app.AiAiPredictionService } using flags 67108865
06-08 08:30:10.666  1959  1959 W ActivityManager: Unable to start service Intent { act=android.service.appprediction.AppPredictionService cmp=com.google.android.as/com.google.android.apps.miphone.aiai.app.AiAiPredictionService } U=0: not found
06-08 08:30:10.666  1959  1959 W RemoteAppPredictionService: could not bind to Intent { act=android.service.appprediction.AppPredictionService cmp=com.google.android.as/com.google.android.apps.miphone.aiai.app.AiAiPredictionService } using flags 67108865
06-08 08:30:10.688  1959  2078 I ActivityManager: Start proc 8356:com.google.android.googlequicksearchbox:search/u0a129 for service {com.google.android.googlequicksearchbox/com.google.android.apps.gsa.nowoverlayservice.DrawerOverlayService}
06-08 08:30:10.704  1959  7353 V AppLockService: setForegroundApp(com.android.launcher3)
06-08 08:30:10.952  1959  1959 W ActivityManager: Unable to start service Intent { act=android.service.appprediction.AppPredictionService cmp=com.google.android.as/com.google.android.apps.miphone.aiai.app.AiAiPredictionService } U=0: not found
06-08 08:30:10.952  1959  1959 W RemoteAppPredictionService: could not bind to Intent { act=android.service.appprediction.AppPredictionService cmp=com.google.android.as/com.google.android.apps.miphone.aiai.app.AiAiPredictionService } using flags 67108865
06-08 08:30:11.730  1959  2078 I ActivityManager: Start proc 8381:com.google.process.gservices/u0a122 for content provider {com.google.android.gsf/com.google.android.gsf.gservices.GservicesProvider}
06-08 08:30:12.151  1959  2078 I ActivityManager: Start proc 8408:com.google.android.gms.persistent/u0a122 for service {com.google.android.gms/com.google.android.gms.chimera.PersistentApiService}
06-08 08:30:13.268  1959  2078 I ActivityManager: Start proc 8477:com.google.android.googlequicksearchbox:interactor/u0a129 for service {com.google.android.googlequicksearchbox/com.google.android.apps.gsa.nga.engine.viss.NgaService}
06-08 08:30:13.424  1959  2078 I ActivityManager: Start proc 8506:com.google.process.gapps/u0a122 for content provider {com.google.android.gsf/com.google.android.gsf.settings.GoogleSettingsProvider}
06-08 08:30:13.540  1959  2722 E WifiService: Permission violation - startScan not allowed for uid=10122, packageName=com.google.android.gms, reason=java.lang.SecurityException: Location mode is disabled for the device
06-08 08:30:13.717  1959  4314 W ActivityManager: Unable to start service Intent { act=com.qti.izat.xt.srv cmp=com.qualcomm.location.XT/.XTSrv (has extras) } U=0: not found
06-08 08:30:13.832  1959  6083 W BroadcastQueue: Background execution not allowed: receiving Intent { act=android.location.PROVIDERS_CHANGED flg=0x10 (has extras) } to com.google.android.apps.maps/com.google.android.apps.gmm.locationsharing.usr.LocationAvailabilityChecker$LocationProvidersChangedBroadcastReceiver
06-08 08:30:13.835  1959  2077 W BroadcastQueue: Background execution not allowed: receiving Intent { act=android.location.PROVIDERS_CHANGED flg=0x10 (has extras) } to com.google.android.gms/.chimera.GmsIntentOperationService$PersistentTrustedReceiver
06-08 08:30:13.835  1959  2077 W BroadcastQueue: Background execution not allowed: receiving Intent { act=android.location.PROVIDERS_CHANGED flg=0x10 (has extras) } to com.google.android.googlequicksearchbox/com.google.android.apps.gsa.broadcastreceiver.external.ExternalCommonBroadcastReceiver
06-08 08:30:13.858  1959  9158 D ConnectivityService: requestNetwork for uid/pid:10129/8356 NetworkRequest [ TRACK_DEFAULT id=1279, [ Capabilities: INTERNET&NOT_RESTRICTED&TRUSTED Uid: 10129] ]
06-08 08:30:14.464  8477  8477 W KeyphraseEnrollmentInfo: No enrollment application supports the given keyphrase/locale: 'null'/en_GB
06-08 08:30:14.464  8477  8477 W KeyphraseEnrollmentInfo: No enrollment application supports the given keyphrase/locale: 'X Google'/en_GB
06-08 08:30:14.468  8477  8477 I chatty  : uid=10129(com.google.android.googlequicksearchbox) identical 1 line
06-08 08:30:14.469  8477  8477 W KeyphraseEnrollmentInfo: No enrollment application supports the given keyphrase/locale: 'X Google'/en_GB
06-08 08:30:15.562  1959  2078 I ActivityManager: Start proc 8670:android.process.acore/u0a115 for content provider {com.android.providers.contacts/com.android.providers.contacts.ContactsProvider2}
06-08 08:30:15.802  8670  8670 D ActivityThread: Loading provider contacts;com.android.contacts: com.android.providers.contacts.ContactsProvider2
06-08 08:30:15.959  1959  2078 I ActivityManager: Start proc 8707:com.google.android.apps.wellbeing/u0a205 for broadcast {com.google.android.apps.wellbeing/com.google.android.apps.wellbeing.autodnd.impl.ContextManagerRestartBroadcastReceiver_Receiver}
06-08 08:30:16.220  1959  7315 W ActivityManager: Unable to start service Intent { act=com.google.android.gms.nearby.messages.service.NearbyMessagesService.START pkg=com.google.android.gms } U=0: not found
06-08 08:30:16.222  1959  2268 W ActivityManager: Unbind failed: could not find connection for android.os.BinderProxy@36db8a0
06-08 08:30:16.427  1959  2268 W ActivityManager: Unable to start service Intent { act=com.google.android.gms.nearby.messages.service.NearbyMessagesService.START pkg=com.google.android.gms } U=0: not found
06-08 08:30:16.427  1959  2268 W ActivityManager: Unbind failed: could not find connection for android.os.BinderProxy@5851f5c
06-08 08:30:20.125  1959  2078 I ActivityManager: Start proc 8779:com.drilens.wamr:notificationl/u0a222 for service {com.drilens.wamr/com.drilens.wamr.NotificationListener}
06-08 08:30:20.460  1959  1959 V NotificationListeners: 0 notification listener service connected: ComponentInfo{com.drilens.wamr/com.drilens.wamr.NotificationListener}
06-08 08:30:30.101  1959  6083 W ProcessStats: Tracking association SourceState{92ccd13 com.google.android.gms.persistent/10122 ImpFg #199942} whose proc state 2 is better than process ProcessState{8867f1f com.google.android.gms/10122 pkg=com.google.android.gms} proc state 3 (39 skipped)
06-08 08:30:30.106  1959  2078 I ActivityManager: Start proc 8814:com.google.android.inputmethod.latin/u0a212 for service {com.google.android.inputmethod.latin/com.android.inputmethod.latin.LatinIME}
06-08 08:30:30.154  1959  2077 W BroadcastQueue: Background execution not allowed: receiving Intent { act=com.zenmen.palmchat.daemon.jobsheduler flg=0x10 } to com.michatapp.im/com.zenmen.palmchat.daemon.NotifyReceiver
06-08 08:30:32.305  1959  4369 D ConnectivityService: requestNetwork for uid/pid:10212/8814 NetworkRequest [ TRACK_DEFAULT id=1282, [ Capabilities: INTERNET&NOT_RESTRICTED&TRUSTED Uid: 10212] ]
06-08 08:30:32.648  1959  4369 I ActivityTaskManager: START u0 {act=android.intent.action.MAIN cat=[android.intent.category.LAUNCHER] flg=0x10200000 cmp=com.ricediseaseprediction/.MainActivity bnds=[643,282][849,615]} from uid 10176
06-08 08:30:32.662  1959  1959 W ActivityManager: Unable to start service Intent { act=android.service.appprediction.AppPredictionService cmp=com.google.android.as/com.google.android.apps.miphone.aiai.app.AiAiPredictionService } U=0: not found
06-08 08:30:32.662  1959  1959 W RemoteAppPredictionService: could not bind to Intent { act=android.service.appprediction.AppPredictionService cmp=com.google.android.as/com.google.android.apps.miphone.aiai.app.AiAiPredictionService } using flags 67108865
06-08 08:30:32.678  1959  2078 I ActivityManager: Start proc 8925:com.ricediseaseprediction/u0a252 for pre-top-activity {com.ricediseaseprediction/com.ricediseaseprediction.MainActivity}
06-08 08:30:33.414  1959  2722 V AppLockService: setForegroundApp(com.ricediseaseprediction)
06-08 08:30:35.131  1959  2078 I ActivityManager: Start proc 8970:com.google.android.youtube/u0a242 for service {com.google.android.youtube/androidx.work.impl.background.systemjob.SystemJobService}
06-08 08:30:36.035  1959  2722 D ConnectivityService: requestNetwork for uid/pid:10242/8970 NetworkRequest [ TRACK_DEFAULT id=1284, [ Capabilities: INTERNET&NOT_RESTRICTED&TRUSTED Uid: 10242] ]
06-08 08:30:36.444  1959  3621 D ConnectivityService: requestNetwork for uid/pid:10242/8970 NetworkRequest [ TRACK_DEFAULT id=1286, [ Capabilities: INTERNET&NOT_RESTRICTED&TRUSTED Uid: 10242] ]
06-08 08:30:36.708  1959  2257 D ConnectivityService: releasing NetworkRequest [ TRACK_DEFAULT id=1286, [ Capabilities: INTERNET&NOT_RESTRICTED&TRUSTED Uid: 10242] ] (release request)
06-08 08:30:36.753  1959  3621 D ConnectivityService: requestNetwork for uid/pid:10242/8970 NetworkRequest [ TRACK_DEFAULT id=1287, [ Capabilities: INTERNET&NOT_RESTRICTED&TRUSTED Uid: 10242] ]
06-08 08:30:36.887  1959  2257 D ConnectivityService: releasing NetworkRequest [ TRACK_DEFAULT id=1287, [ Capabilities: INTERNET&NOT_RESTRICTED&TRUSTED Uid: 10242] ] (release request)
06-08 08:30:41.460  1959  2268 I ActivityTaskManager: START u0 {act=android.content.pm.action.REQUEST_PERMISSIONS pkg=com.android.permissioncontroller cmp=com.android.permissioncontroller/com.android.packageinstaller.permission.ui.GrantPermissionsActivity (has extras)} from uid 10252
06-08 08:30:41.486  1959  2078 I ActivityManager: Start proc 9151:com.android.permissioncontroller/u0a118 for pre-top-activity {com.android.permissioncontroller/com.android.packageinstaller.permission.ui.GrantPermissionsActivity}
06-08 08:30:41.801  1959  2722 V AppLockService: setForegroundApp(com.android.permissioncontroller)
06-08 08:30:41.955  1959  2268 V AppLockService: setForegroundApp(com.ricediseaseprediction)
06-08 08:30:47.349  1959  2257 D ConnectivityService: releasing NetworkRequest [ REQUEST id=1260, [ Transports: CELLULAR Capabilities: IMS&TRUSTED&NOT_VPN Specifier: <1> Uid: 1001] ] (release request)
06-08 08:30:47.577  1959  2268 D timedetector.SimpleTimeDetectorStrategy: adjustAndSetDeviceSystemClock: Not setting system clock. New time and system clock are close enough. elapsedRealtimeMillis=126026513 newTime=TimestampedValue{mReferenceTimeMillis=126026500, mValue=1623115848000} reason=New time signal systemClockUpdateThreshold=2000 absTimeDifference=436
06-08 08:30:47.632  1959  2078 I ActivityManager: Start proc 9209:com.android.cellbroadcastreceiver/u0a130 for broadcast {com.android.cellbroadcastreceiver/com.android.cellbroadcastreceiver.CellBroadcastReceiver}
06-08 08:30:53.532  1959  2722 D ConnectivityService: requestNetwork for uid/pid:1001/2640 NetworkRequest [ REQUEST id=1288, [ Transports: CELLULAR Capabilities: IMS&TRUSTED&NOT_VPN Specifier: <1> Uid: 1001] ]
06-08 08:31:06.846  1959  2722 D ConnectivityService: requestNetwork for uid/pid:10242/8970 NetworkRequest [ TRACK_DEFAULT id=1289, [ Capabilities: INTERNET&NOT_RESTRICTED&TRUSTED Uid: 10242] ]
06-08 08:31:06.973  1959  2257 D ConnectivityService: releasing NetworkRequest [ TRACK_DEFAULT id=1289, [ Capabilities: INTERNET&NOT_RESTRICTED&TRUSTED Uid: 10242] ] (release request)
06-08 08:31:13.779  1959  2078 I ActivityManager: Start proc 9387:com.whatsapp/u0a186 for broadcast {com.whatsapp/com.whatsapp.AlarmBroadcastReceiver}
06-08 08:31:14.881  1959  2268 D ConnectivityService: requestNetwork for uid/pid:10186/9387 NetworkRequest [ TRACK_DEFAULT id=1290, [ Capabilities: INTERNET&NOT_RESTRICTED&TRUSTED Uid: 10186] ]
06-08 08:31:20.044  1959  9158 W ActivityManager: Background start not allowed: service Intent { act=com.whatsapp.messaging.MessageService.START cmp=com.whatsapp/.messaging.MessageService } to com.whatsapp/.messaging.MessageService from pid=9387 uid=10186 pkg=com.whatsapp startFg?=false
06-08 08:31:28.959  1959  6287 D ConnectivityService: ConnectivityService NetworkRequestInfo binderDied(NetworkRequest [ LISTEN id=1280, [ Capabilities: INTERNET&NOT_RESTRICTED&TRUSTED Uid: 10129] ], android.os.BinderProxy@39b263e)
06-08 08:31:28.961  1959  2722 D ConnectivityService: ConnectivityService NetworkRequestInfo binderDied(NetworkRequest [ TRACK_DEFAULT id=1279, [ Capabilities: INTERNET&NOT_RESTRICTED&TRUSTED Uid: 10129] ], android.os.BinderProxy@aa5c9f)
06-08 08:31:28.964  1959  2257 D ConnectivityService: releasing NetworkRequest [ TRACK_DEFAULT id=1279, [ Capabilities: INTERNET&NOT_RESTRICTED&TRUSTED Uid: 10129] ] (release request)
06-08 08:31:28.964  1959  3858 I WindowManager: WIN DEATH: Window{32c3bce u0 com.android.launcher3/com.android.launcher3.shady.ShadyLauncher}
06-08 08:31:28.966  1959  4680 I ActivityManager: Process com.google.android.googlequicksearchbox:search (pid 8356) has died: cch CACC
06-08 08:31:28.971  1959  4680 W ActivityManager: Scheduling restart of crashed service com.google.android.googlequicksearchbox/com.google.android.apps.gsa.nowoverlayservice.DrawerOverlayService in 1000ms
06-08 08:31:28.973  1959  2067 W ActivityManager: setHasOverlayUi called on unknown pid: 8356
06-08 08:31:29.004  1959  2088 E BatteryExternalStatsWorker: no controller energy info supplied for wifi
06-08 08:31:29.004  1959  2088 E BatteryExternalStatsWorker: no controller energy info supplied for bluetooth
06-08 08:31:39.251  1959  2078 I ActivityManager: Start proc 9608:com.google.android.googlequicksearchbox:search/u0a129 for service {com.google.android.googlequicksearchbox/com.google.android.apps.gsa.publicsearch.PublicSearchService}
06-08 08:31:42.759  1959  6083 W ProcessStats: Tracking association SourceState{25b77d0 com.google.android.gms.persistent/10122 ImpFg #200352} whose proc state 2 is better than process ProcessState{8867f1f com.google.android.gms/10122 pkg=com.google.android.gms} proc state 3 (34 skipped)
06-08 08:31:56.480  1959  6287 W ProcessStats: Tracking association SourceState{25b77d0 com.google.android.gms.persistent/10122 ImpFg #200388} whose proc state 2 is better than process ProcessState{8867f1f com.google.android.gms/10122 pkg=com.google.android.gms} proc state 3 (71 skipped)
06-08 08:32:03.521  1959  2078 I ActivityManager: Start proc 9710:com.ttxapps.wifiadb/u0a256 for service {com.ttxapps.wifiadb/com.ttxapps.wifiadb.NetworkMonitorService}
06-08 08:32:09.354  1959  3620 W NotificationService: Toast already killed. pkg=com.ricediseaseprediction callback=android.app.ITransientNotification$Stub$Proxy@3fc0308
06-08 08:32:10.806  1959  2032 I ActivityTaskManager: START u0 {act=android.content.pm.action.REQUEST_PERMISSIONS pkg=com.android.permissioncontroller cmp=com.android.permissioncontroller/com.android.packageinstaller.permission.ui.GrantPermissionsActivity (has extras)} from uid 10252
06-08 08:32:10.875  1959  2067 W WindowManager: Unable to start animation, surface is null or no children.
06-08 08:32:10.979  1959  2032 V AppLockService: setForegroundApp(com.android.permissioncontroller)
06-08 08:32:10.998  1959  6287 V AppLockService: setForegroundApp(com.ricediseaseprediction)
06-08 08:32:11.446  1959  6287 I ActivityTaskManager: START u0 {act=android.content.pm.action.REQUEST_PERMISSIONS pkg=com.android.permissioncontroller cmp=com.android.permissioncontroller/com.android.packageinstaller.permission.ui.GrantPermissionsActivity (has extras)} from uid 10252
06-08 08:32:11.504  1959  6287 V AppLockService: setForegroundApp(com.android.permissioncontroller)
06-08 08:32:11.526  1959  2032 V AppLockService: setForegroundApp(com.ricediseaseprediction)
06-08 08:32:13.093  1959  2032 W NotificationService: Toast already killed. pkg=com.ricediseaseprediction callback=android.app.ITransientNotification$Stub$Proxy@e4cedac
06-08 08:32:14.571  1959  2067 W WindowManager: Unable to start animation, surface is null or no children.
06-08 08:32:20.341  1959  1959 W WindowManager: removeWindowToken: Attempted to remove non-existing token: android.os.Binder@4247584
06-08 08:32:24.070  1959  1959 W WindowManager: removeWindowToken: Attempted to remove non-existing token: android.os.Binder@59d4b76
06-08 08:32:28.958  1959  2077 W SparseMappingTable: Time val negative: -40380
06-08 08:32:28.958  1959  2077 I chatty  : uid=1000(system) ActivityManager identical 1 line
06-08 08:32:28.958  1959  2077 W SparseMappingTable: Time val negative: -40380
06-08 08:32:34.067  1959  6083 I ActivityManager: Process android.process.acore (pid 8670) has died: cch+75 CEM 
06-08 08:32:34.123  1959  6287 D ConnectivityService: ConnectivityService NetworkRequestInfo binderDied(NetworkRequest [ LISTEN id=1285, [ Capabilities: INTERNET&NOT_RESTRICTED&TRUSTED&FOREGROUND Uid: 10242] ], android.os.BinderProxy@180556a)
06-08 08:32:34.123  1959  3621 D ConnectivityService: ConnectivityService NetworkRequestInfo binderDied(NetworkRequest [ TRACK_DEFAULT id=1284, [ Capabilities: INTERNET&NOT_RESTRICTED&TRUSTED Uid: 10242] ], android.os.BinderProxy@7a6da5b)
06-08 08:32:34.123  1959  2338 I ActivityManager: Process com.google.android.youtube (pid 8970) has died: cch+65 CEM 
06-08 08:32:34.124  1959  2257 D ConnectivityService: releasing NetworkRequest [ TRACK_DEFAULT id=1284, [ Capabilities: INTERNET&NOT_RESTRICTED&TRUSTED Uid: 10242] ] (release request)
06-08 08:32:34.147  1959  2268 I ActivityManager: Process com.google.android.apps.wellbeing (pid 8707) has died: cch+65 CEM 
06-08 08:32:43.587  1959  3309 I ActivityManager: Process com.whatsapp (pid 9387) has died: cch+55 CEM 
06-08 08:32:43.594  1959  2031 D ConnectivityService: ConnectivityService NetworkRequestInfo binderDied(NetworkRequest [ TRACK_DEFAULT id=1290, [ Capabilities: INTERNET&NOT_RESTRICTED&TRUSTED Uid: 10186] ], android.os.BinderProxy@6dd3d58)
