06-07 18:30:17.410  1959  2067 I chatty  : uid=1000(system) android.display expire 7 lines
06-07 18:30:17.431  1959  5175 I chatty  : uid=1000(system) Binder:1959_14 expire 5 lines
06-07 18:30:17.537  1959  2064 I chatty  : uid=1000(system) android.fg expire 7 lines
06-07 18:30:17.547  1959  3858 I chatty  : uid=1000(system) Binder:1959_F expire 2 lines
06-07 18:30:21.073  1959  3309 I chatty  : uid=1000(system) Binder:1959_A expire 2 lines
06-07 18:30:21.109  1959  2435 I chatty  : uid=1000(system) Binder:1959_5 expire 1 line
06-07 18:30:21.214  1959  2722 I chatty  : uid=1000(system) Binder:1959_7 expire 3 lines
06-07 18:30:21.236  1959  5442 I chatty  : uid=1000(system) Binder:1959_16 expire 5 lines
06-07 18:31:34.845  1959  2032 I chatty  : uid=1000(system) Binder:1959_2 expire 9 lines
06-07 18:31:37.450  1959  2065 I chatty  : uid=1000(system) android.ui expire 6 lines
06-07 18:35:13.179  1959  2606 I chatty  : uid=1000(system) Binder:1959_6 expire 2 lines
06-07 18:41:14.736  1959  2268 I chatty  : uid=1000(system) Binder:1959_3 expire 5 lines
06-07 18:44:47.214  2317  2317 W FingerprintManager: Invalid acquired message: 6, 21
06-07 18:44:47.223  1959  1959 I chatty  : uid=1000 system_server expire 15 lines
06-07 18:44:47.237  1959  2105 I chatty  : uid=1000(system) PowerManagerSer expire 5 lines
06-07 18:44:47.352  1959  2088 I chatty  : uid=1000(system) batterystats-wo expire 2 lines
06-07 18:44:53.006  1959  2257 I chatty  : uid=1000(system) ConnectivitySer expire 12 lines
06-07 18:44:56.579  1959  3621 I chatty  : uid=1000(system) Binder:1959_C expire 5 lines
06-07 18:44:57.347  1959  2257 I chatty  : uid=1000(system) ConnectivitySer expire 49 lines
06-07 18:44:58.441  1959  2268 I chatty  : uid=1000(system) Binder:1959_3 expire 11 lines
06-07 18:45:17.971  1959  9391 I chatty  : uid=1000(system) Binder:1959_20 expire 4 lines
06-07 18:45:17.992  1959  1959 I chatty  : uid=1000 system_server expire 11 lines
06-07 18:45:18.087  1959  7353 I chatty  : uid=1000(system) Binder:1959_1C expire 2 lines
06-07 18:45:18.087  1959  5377 I chatty  : uid=1000(system) Binder:1959_15 expire 6 lines
06-07 18:45:18.527  1959  2232 I chatty  : uid=1000(system) InputReader expire 4 lines
06-07 18:45:19.014  1959  2105 I chatty  : uid=1000(system) PowerManagerSer expire 11 lines
06-07 18:45:19.093  1959  2067 I chatty  : uid=1000(system) android.display expire 4 lines
06-07 18:45:19.150  1959  2088 I chatty  : uid=1000(system) batterystats-wo expire 10 lines
06-07 18:45:19.368  1959  2064 I chatty  : uid=1000(system) android.fg expire 4 lines
06-07 18:45:19.867  1959  3858 I chatty  : uid=1000(system) Binder:1959_F expire 3 lines
06-07 18:45:19.936  1959  3620 I chatty  : uid=1000(system) Binder:1959_B expire 1 line
06-07 18:47:45.239  1959  2078 I chatty  : uid=1000(system) ActivityManager expire 12 lines
06-07 18:47:46.693  1959  5863 I chatty  : uid=1000(system) Binder:1959_17 expire 2 lines
06-07 18:47:46.695  1959  2077 I chatty  : uid=1000(system) ActivityManager expire 7 lines
06-07 18:49:09.535  1959  4369 I chatty  : uid=1000(system) Binder:1959_12 expire 10 lines
06-07 18:49:58.505  1959  2606 I chatty  : uid=1000(system) Binder:1959_6 expire 11 lines
06-07 18:50:08.415  1959  2076 I chatty  : uid=1000(system) android.bg expire 2 lines
06-07 18:54:09.520  1959  3634 I chatty  : uid=1000(system) Binder:1959_D expire 14 lines
06-07 18:54:09.526  1959  3884 I chatty  : uid=1000(system) Binder:1959_10 expire 6 lines
06-07 18:54:38.003  1959  3857 I chatty  : uid=1000(system) Binder:1959_E expire 1 line
06-07 18:54:53.618  1959  7264 I chatty  : uid=1000(system) Binder:1959_1A expire 3 lines
06-07 18:54:58.055  2663  2663 I Telephony: : onSubscriptionsChanged - update accounts
06-07 18:54:58.055  2663  2663 I Telephony: PstnIncomingCallNotifier: Unregistering: Handler (com.qualcomm.qti.internal.telephony.QtiGsmCdmaPhone) {d2d1b7b}
06-07 18:54:58.061  2663  2663 I Telephony: PstnIncomingCallNotifier: Unregistering: Handler (com.qualcomm.qti.internal.telephony.QtiGsmCdmaPhone) {6b65d98}
06-07 18:54:58.063  2663  2663 I Telephony: TelecomAccountRegistry: setupAccounts: Found 2 phones.  Attempting to register.
06-07 18:54:58.067  2663  2663 I Telephony: TelecomAccountRegistry: setupAccounts: Phone with subscription id: 1 slotId: 0 provisionStatus: 1
06-07 18:54:58.107  2663  2663 I Telephony: AccountEntry: Registered phoneAccount: [[ ] PhoneAccount: ComponentInfo{com.android.phone/com.android.services.telephony.TelephonyConnectionService}, ***, UserHandle{0} Capabilities: SuppVideo CallProvider MultiUser PlaceEmerg SimSub  Audio Routes: BESW Schemes: tel voicemail  Extras: Bundle[{android.telecom.extra.SUPPORTS_VIDEO_CALLING_FALLBACK=true, android.telecom.extra.SORT_ORDER=0}] GroupId: ***] with handle: ComponentInfo{com.android.phone/com.android.services.telephony.TelephonyConnectionService}, ***, UserHandle{0}
06-07 18:54:58.110  2663  2663 I Telephony: PstnIncomingCallNotifier: Registering: Handler (com.qualcomm.qti.internal.telephony.QtiGsmCdmaPhone) {d2d1b7b}
06-07 18:54:58.114  2663  2663 I Telephony: TelecomAccountRegistry: setupAccounts: Phone with subscription id: 2 slotId: 1 provisionStatus: 1
06-07 18:54:58.136  2663  2663 I Telephony: AccountEntry: Registered phoneAccount: [[ ] PhoneAccount: ComponentInfo{com.android.phone/com.android.services.telephony.TelephonyConnectionService}, ***, UserHandle{0} Capabilities: SuppVideo CallProvider MultiUser PlaceEmerg SimSub  Audio Routes: BESW Schemes: tel voicemail  Extras: Bundle[{android.telecom.extra.SUPPORTS_VIDEO_CALLING_FALLBACK=true, android.telecom.extra.SORT_ORDER=1}] GroupId: ***] with handle: ComponentInfo{com.android.phone/com.android.services.telephony.TelephonyConnectionService}, ***, UserHandle{0}
06-07 18:54:58.136  2663  2663 I Telephony: PstnIncomingCallNotifier: Registering: Handler (com.qualcomm.qti.internal.telephony.QtiGsmCdmaPhone) {6b65d98}
06-07 18:54:58.164  2663  2663 I Telephony: PstnPhoneCapabilitiesNotifier: handleVideoCapabilitesChanged. Video capability - false
06-07 18:54:58.176  1959  4369 I chatty  : uid=1000(system) Binder:1959_12 expire 4 lines
06-07 18:54:58.183  2663  2663 I Telephony: PstnPhoneCapabilitiesNotifier: handleVideoCapabilitesChanged. Video capability - false
06-07 18:55:06.323  2663  2663 I Telephony: : onSubscriptionsChanged - update accounts
06-07 18:55:06.323  2663  2663 I Telephony: PstnIncomingCallNotifier: Unregistering: Handler (com.qualcomm.qti.internal.telephony.QtiGsmCdmaPhone) {d2d1b7b}
06-07 18:55:06.324  2663  2663 I Telephony: PstnIncomingCallNotifier: Unregistering: Handler (com.qualcomm.qti.internal.telephony.QtiGsmCdmaPhone) {6b65d98}
06-07 18:55:06.327  2663  2663 I Telephony: TelecomAccountRegistry: setupAccounts: Found 2 phones.  Attempting to register.
06-07 18:55:06.327  2663  2663 I Telephony: TelecomAccountRegistry: setupAccounts: Phone with subscription id: 1 slotId: 0 provisionStatus: 1
06-07 18:55:06.351  2663  2663 I Telephony: AccountEntry: Registered phoneAccount: [[ ] PhoneAccount: ComponentInfo{com.android.phone/com.android.services.telephony.TelephonyConnectionService}, ***, UserHandle{0} Capabilities: SuppVideo CallProvider MultiUser PlaceEmerg SimSub  Audio Routes: BESW Schemes: tel voicemail  Extras: Bundle[{android.telecom.extra.SUPPORTS_VIDEO_CALLING_FALLBACK=true, android.telecom.extra.SORT_ORDER=0}] GroupId: ***] with handle: ComponentInfo{com.android.phone/com.android.services.telephony.TelephonyConnectionService}, ***, UserHandle{0}
06-07 18:55:06.352  2663  2663 I Telephony: PstnIncomingCallNotifier: Registering: Handler (com.qualcomm.qti.internal.telephony.QtiGsmCdmaPhone) {d2d1b7b}
06-07 18:55:06.355  2663  2663 I Telephony: TelecomAccountRegistry: setupAccounts: Phone with subscription id: 2 slotId: 1 provisionStatus: 1
06-07 18:55:06.387  2663  2663 I Telephony: AccountEntry: Registered phoneAccount: [[ ] PhoneAccount: ComponentInfo{com.android.phone/com.android.services.telephony.TelephonyConnectionService}, ***, UserHandle{0} Capabilities: SuppVideo CallProvider MultiUser PlaceEmerg SimSub  Audio Routes: BESW Schemes: tel voicemail  Extras: Bundle[{android.telecom.extra.SUPPORTS_VIDEO_CALLING_FALLBACK=true, android.telecom.extra.SORT_ORDER=1}] GroupId: ***] with handle: ComponentInfo{com.android.phone/com.android.services.telephony.TelephonyConnectionService}, ***, UserHandle{0}
06-07 18:55:06.388  2663  2663 I Telephony: PstnIncomingCallNotifier: Registering: Handler (com.qualcomm.qti.internal.telephony.QtiGsmCdmaPhone) {6b65d98}
06-07 18:55:06.423  2663  2663 I Telephony: PstnIncomingCallNotifier: Unregistering: Handler (com.qualcomm.qti.internal.telephony.QtiGsmCdmaPhone) {d2d1b7b}
06-07 18:55:06.425  2663  2663 I Telephony: PstnIncomingCallNotifier: Unregistering: Handler (com.qualcomm.qti.internal.telephony.QtiGsmCdmaPhone) {6b65d98}
06-07 18:55:06.426  2663  2663 I Telephony: TelecomAccountRegistry: setupAccounts: Found 2 phones.  Attempting to register.
06-07 18:55:06.427  2663  2663 I Telephony: TelecomAccountRegistry: setupAccounts: Phone with subscription id: 1 slotId: 0 provisionStatus: 1
06-07 18:55:06.447  2663  2663 I Telephony: AccountEntry: Registered phoneAccount: [[ ] PhoneAccount: ComponentInfo{com.android.phone/com.android.services.telephony.TelephonyConnectionService}, ***, UserHandle{0} Capabilities: SuppVideo CallProvider MultiUser PlaceEmerg SimSub  Audio Routes: BESW Schemes: tel voicemail  Extras: Bundle[{android.telecom.extra.SUPPORTS_VIDEO_CALLING_FALLBACK=true, android.telecom.extra.SORT_ORDER=0}] GroupId: ***] with handle: ComponentInfo{com.android.phone/com.android.services.telephony.TelephonyConnectionService}, ***, UserHandle{0}
06-07 18:55:06.447  2663  2663 I Telephony: PstnIncomingCallNotifier: Registering: Handler (com.qualcomm.qti.internal.telephony.QtiGsmCdmaPhone) {d2d1b7b}
06-07 18:55:06.449  2663  2663 I Telephony: TelecomAccountRegistry: setupAccounts: Phone with subscription id: 2 slotId: 1 provisionStatus: 1
06-07 18:55:06.471  2663  2663 I Telephony: AccountEntry: Registered phoneAccount: [[ ] PhoneAccount: ComponentInfo{com.android.phone/com.android.services.telephony.TelephonyConnectionService}, ***, UserHandle{0} Capabilities: SuppVideo CallProvider MultiUser PlaceEmerg SimSub  Audio Routes: BESW Schemes: tel voicemail  Extras: Bundle[{android.telecom.extra.SUPPORTS_VIDEO_CALLING_FALLBACK=true, android.telecom.extra.SORT_ORDER=1}] GroupId: ***] with handle: ComponentInfo{com.android.phone/com.android.services.telephony.TelephonyConnectionService}, ***, UserHandle{0}
06-07 18:55:06.471  2663  2663 I Telephony: PstnIncomingCallNotifier: Registering: Handler (com.qualcomm.qti.internal.telephony.QtiGsmCdmaPhone) {6b65d98}
06-07 18:55:06.560  2663  2663 I Telephony: PstnPhoneCapabilitiesNotifier: handleVideoCapabilitesChanged. Video capability - false
06-07 18:55:06.563  2663  2663 I chatty  : uid=1001(radio) com.android.phone identical 1 line
06-07 18:55:06.566  2663  2663 I Telephony: PstnPhoneCapabilitiesNotifier: handleVideoCapabilitesChanged. Video capability - false
06-07 18:55:06.587  2663  2663 I Telephony: PstnPhoneCapabilitiesNotifier: handleVideoCapabilitesChanged. Video capability - false
06-07 18:56:32.088  1959  2257 I chatty  : uid=1000(system) ConnectivitySer expire 14 lines
06-07 18:56:32.097  1959  2606 I chatty  : uid=1000(system) Binder:1959_6 expire 7 lines
06-07 18:57:33.780 29430 29430 D ActivityThread: Loading provider contacts;com.android.contacts: com.android.providers.contacts.ContactsProvider2
06-07 18:57:59.984  1959  6287 I chatty  : uid=1000(system) Binder:1959_19 expire 4 lines
06-07 18:58:00.113  1959  2268 I chatty  : uid=1000(system) Binder:1959_3 expire 1 line
06-07 18:58:02.522  1959  5175 I chatty  : uid=1000(system) Binder:1959_14 expire 1 line
06-07 18:59:36.922  2317  2317 W FingerprintManager: Invalid acquired message: 6, 21
06-07 18:59:38.012  1959  1959 I chatty  : uid=1000 system_server expire 21 lines
06-07 18:59:38.054  1959  2088 I chatty  : uid=1000(system) batterystats-wo expire 3 lines
06-07 18:59:46.407  1959  2338 I chatty  : uid=1000(system) Binder:1959_4 expire 1 line
06-07 18:59:46.536  1959  2257 I chatty  : uid=1000(system) ConnectivitySer expire 60 lines
06-07 18:59:49.591  1959  2078 I chatty  : uid=1000(system) ActivityManager expire 15 lines
06-07 18:59:51.033  1959  5377 I chatty  : uid=1000(system) Binder:1959_15 expire 8 lines
06-07 18:59:51.398  1959  5863 I chatty  : uid=1000(system) Binder:1959_17 expire 3 lines
06-07 18:59:56.102  1959  4070 I chatty  : uid=1000(system) Binder:1959_11 expire 7 lines
06-07 18:59:57.645  1959  3857 I chatty  : uid=1000(system) Binder:1959_E expire 7 lines
06-07 18:59:57.981  1959  2077 I chatty  : uid=1000(system) ActivityManager expire 13 lines
06-07 19:00:17.626  1959  7264 I chatty  : uid=1000(system) Binder:1959_1A expire 6 lines
06-07 19:00:17.686  1959  2435 I chatty  : uid=1000(system) Binder:1959_5 expire 1 line
06-07 19:00:23.270  1959  2088 I chatty  : uid=1000(system) batterystats-wo expire 15 lines
06-07 19:00:27.043  1959  2065 I chatty  : uid=1000(system) android.ui expire 20 lines
06-07 19:00:32.464  1959  2338 I chatty  : uid=1000(system) Binder:1959_4 expire 7 lines
06-07 19:00:52.533  1959  6083 I chatty  : uid=1000(system) Binder:1959_18 expire 3 lines
06-07 19:02:50.512  1959  9158 I chatty  : uid=1000(system) Binder:1959_1F expire 7 lines
06-07 19:02:53.550  1959  9391 I chatty  : uid=1000(system) Binder:1959_20 expire 11 lines
06-07 19:03:12.635  1959  3010 I chatty  : uid=1000(system) Binder:1959_9 expire 7 lines
06-07 19:03:21.289  1959  2067 I chatty  : uid=1000(system) android.display expire 10 lines
06-07 19:03:34.208  1959  1959 I chatty  : uid=1000 system_server expire 16 lines
06-07 19:03:35.206  1959  7315 I chatty  : uid=1000(system) Binder:1959_1B expire 2 lines
06-07 19:03:53.110  1959  7353 I chatty  : uid=1000(system) Binder:1959_1C expire 1 line
06-07 19:03:53.113  1959  8215 I chatty  : uid=1000(system) Binder:1959_1D expire 2 lines
06-07 19:03:55.344  1959  6287 I chatty  : uid=1000(system) Binder:1959_19 expire 9 lines
06-07 19:03:55.470  1959  3858 I chatty  : uid=1000(system) Binder:1959_F expire 3 lines
06-07 19:04:39.015  1959  2031 I chatty  : uid=1000(system) Binder:1959_1 expire 4 lines
06-07 19:05:04.359  1959  2268 I chatty  : uid=1000(system) Binder:1959_3 expire 3 lines
06-07 19:06:08.048  1959  3884 I chatty  : uid=1000(system) Binder:1959_10 expire 8 lines
06-07 19:06:08.153  1959  2032 I chatty  : uid=1000(system) Binder:1959_2 expire 8 lines
06-07 19:06:55.492  1959  2232 I chatty  : uid=1000(system) InputReader expire 2 lines
06-07 19:06:55.964  1959  2105 I chatty  : uid=1000(system) PowerManagerSer expire 6 lines
06-07 19:06:56.310  1959  2064 I chatty  : uid=1000(system) android.fg expire 8 lines
06-07 19:06:56.435  1959  1959 I chatty  : uid=1000 system_server expire 15 lines
06-07 19:06:56.483  1959  2067 I chatty  : uid=1000(system) android.display expire 11 lines
06-07 19:06:59.490  2317  2317 W FingerprintManager: Invalid acquired message: 6, 21
06-07 19:07:11.144  1959  2105 I chatty  : uid=1000(system) PowerManagerSer expire 30 lines
06-07 19:07:59.489  1959  2088 I chatty  : uid=1000(system) batterystats-wo expire 16 lines
06-07 19:08:16.263  1959  2077 I chatty  : uid=1000(system) ActivityManager expire 6 lines
06-07 19:08:16.333  1959  2078 I chatty  : uid=1000(system) ActivityManager expire 5 lines
06-07 19:08:45.201  1959  7315 I chatty  : uid=1000(system) Binder:1959_1B expire 3 lines
06-07 19:09:00.601  2317  2317 W FingerprintManager: Invalid acquired message: 6, 21
06-07 19:09:00.921  1959  2232 I chatty  : uid=1000(system) InputReader expire 6 lines
06-07 19:09:00.922  1959  1959 I chatty  : uid=1000 system_server expire 22 lines
06-07 19:09:00.935  1959  2105 I chatty  : uid=1000(system) PowerManagerSer expire 10 lines
06-07 19:09:00.948  1959  2067 I chatty  : uid=1000(system) android.display expire 4 lines
06-07 19:09:00.976  1959  2268 I chatty  : uid=1000(system) Binder:1959_3 expire 2 lines
06-07 19:09:01.083  1959  2031 I chatty  : uid=1000(system) Binder:1959_1 expire 9 lines
06-07 19:10:11.690  1959  2257 I chatty  : uid=1000(system) ConnectivitySer expire 40 lines
06-07 19:10:36.034  2317  2317 W FingerprintManager: Invalid acquired message: 6, 21
06-07 19:10:36.439  1959  1959 I chatty  : uid=1000 system_server expire 15 lines
06-07 19:10:36.449  1959  2105 I chatty  : uid=1000(system) PowerManagerSer expire 5 lines
06-07 19:10:36.496  1959  2032 I chatty  : uid=1000(system) Binder:1959_2 expire 8 lines
06-07 19:10:42.129  1959  6083 I chatty  : uid=1000(system) Binder:1959_18 expire 2 lines
06-07 19:10:42.321  1959  3621 I chatty  : uid=1000(system) Binder:1959_C expire 1 line
06-07 19:10:43.236  1959  3010 I chatty  : uid=1000(system) Binder:1959_9 expire 5 lines
06-07 19:10:59.528  1959  2065 I chatty  : uid=1000(system) android.ui expire 18 lines
06-07 19:11:17.975  1959  2076 I chatty  : uid=1000(system) android.bg expire 2 lines
06-07 19:11:44.718  1959  5863 I chatty  : uid=1000(system) Binder:1959_17 expire 2 lines
06-07 19:11:44.718  1959  6287 I chatty  : uid=1000(system) Binder:1959_19 expire 1 line
06-07 19:13:02.326  1959  4070 I chatty  : uid=1000(system) Binder:1959_11 expire 2 lines
06-07 19:13:03.281  1959  3858 I chatty  : uid=1000(system) Binder:1959_F expire 1 line
06-07 19:13:26.193  1959  2435 I chatty  : uid=1000(system) Binder:1959_5 expire 1 line
06-07 19:13:46.277  1959  3634 I chatty  : uid=1000(system) Binder:1959_D expire 4 lines
06-07 19:13:55.032  1959  2032 I chatty  : uid=1000(system) Binder:1959_2 expire 4 lines
06-07 19:13:59.020  1959  2268 I chatty  : uid=1000(system) Binder:1959_3 expire 9 lines
06-07 19:14:00.927  1959  2065 I chatty  : uid=1000(system) android.ui expire 24 lines
06-07 19:14:01.618  1959  5377 I chatty  : uid=1000(system) Binder:1959_15 expire 1 line
06-07 19:14:01.660  1959  1959 I chatty  : uid=1000 system_server expire 11 lines
06-07 19:14:02.063  1959  2077 I chatty  : uid=1000(system) ActivityManager expire 9 lines
06-07 19:14:04.618  1959  4680 I chatty  : uid=1000(system) Binder:1959_13 expire 15 lines
06-07 19:14:05.070  1959  2105 I chatty  : uid=1000(system) PowerManagerSer expire 11 lines
06-07 19:14:05.119  1959  2067 I chatty  : uid=1000(system) android.display expire 6 lines
06-07 19:14:05.130  1959  2088 I chatty  : uid=1000(system) batterystats-wo expire 19 lines
06-07 19:14:05.395  1959  2064 I chatty  : uid=1000(system) android.fg expire 5 lines
06-07 19:14:12.902  2317  2317 W FingerprintManager: Invalid acquired message: 6, 21
06-07 19:14:13.224  1959  1959 I chatty  : uid=1000 system_server expire 10 lines
06-07 19:15:02.169  1959  2078 I chatty  : uid=1000(system) ActivityManager expire 4 lines
06-07 19:17:21.822  1959  2257 I chatty  : uid=1000(system) ConnectivitySer expire 10 lines
06-07 19:19:32.546  2317  2317 W FingerprintManager: Invalid acquired message: 6, 21
06-07 19:19:33.022  1959  2232 I chatty  : uid=1000(system) InputReader expire 4 lines
06-07 19:19:33.023  1959  1959 I chatty  : uid=1000 system_server expire 34 lines
06-07 19:19:33.388  1959  2257 I chatty  : uid=1000(system) ConnectivitySer expire 35 lines
06-07 19:19:35.034  2317  2317 W FingerprintManager: Invalid acquired message: 6, 22
06-07 19:19:35.521  1959  5175 I chatty  : uid=1000(system) Binder:1959_14 expire 5 lines
06-07 19:19:35.561  1959  2606 I chatty  : uid=1000(system) Binder:1959_6 expire 5 lines
06-07 19:22:03.965  1959  7353 I chatty  : uid=1000(system) Binder:1959_1C expire 3 lines
06-07 19:22:06.530  1959  3621 I chatty  : uid=1000(system) Binder:1959_C expire 5 lines
06-07 19:22:06.843  1959  7264 I chatty  : uid=1000(system) Binder:1959_1A expire 2 lines
06-07 19:22:06.872  1959  3620 I chatty  : uid=1000(system) Binder:1959_B expire 3 lines
06-07 19:22:37.982  1959  8215 I chatty  : uid=1000(system) Binder:1959_1D expire 1 line
06-07 19:22:51.432  1959  3884 I chatty  : uid=1000(system) Binder:1959_10 expire 3 lines
06-07 19:23:05.080  1959  5863 I chatty  : uid=1000(system) Binder:1959_17 expire 1 line
06-07 19:23:34.033  1959  2076 I chatty  : uid=1000(system) android.bg expire 1 line
06-07 19:25:09.256  1959  8254 I chatty  : uid=1000(system) Binder:1959_1E expire 1 line
06-07 19:25:22.293  1959  2105 I chatty  : uid=1000(system) PowerManagerSer expire 6 lines
06-07 19:25:23.058  2317  2317 W FingerprintManager: Invalid acquired message: 6, 21
06-07 19:25:23.412  1959  1959 I chatty  : uid=1000 system_server expire 27 lines
06-07 19:25:23.413  2317  2317 W FingerprintManager: Invalid acquired message: 6, 23
06-07 19:25:24.045  2317  2317 W FingerprintManager: Invalid acquired message: 6, 22
06-07 19:25:24.306  1959  4369 I chatty  : uid=1000(system) Binder:1959_12 expire 6 lines
06-07 19:25:24.333  1959  2105 I chatty  : uid=1000(system) PowerManagerSer expire 6 lines
06-07 19:25:24.344  1959  2067 I chatty  : uid=1000(system) android.display expire 11 lines
06-07 19:25:24.378  1959  4680 I chatty  : uid=1000(system) Binder:1959_13 expire 5 lines
06-07 19:25:24.521  1959  3634 I chatty  : uid=1000(system) Binder:1959_D expire 25 lines
06-07 19:25:24.559  1959  2077 I chatty  : uid=1000(system) ActivityManager expire 12 lines
06-07 19:25:24.606  1959  2064 I chatty  : uid=1000(system) android.fg expire 3 lines
06-07 19:25:41.386  1959  2078 I chatty  : uid=1000(system) ActivityManager expire 8 lines
06-07 19:25:41.421  1959  3857 I chatty  : uid=1000(system) Binder:1959_E expire 8 lines
06-07 19:25:44.919  1959  5442 I chatty  : uid=1000(system) Binder:1959_16 expire 20 lines
06-07 19:25:45.094  1959  8254 I chatty  : uid=1000(system) Binder:1959_1E expire 7 lines
06-07 19:25:45.187  1959  3309 I chatty  : uid=1000(system) Binder:1959_A expire 5 lines
06-07 19:25:54.067  1959  2257 I chatty  : uid=1000(system) ConnectivitySer expire 34 lines
06-07 19:25:55.189  1959  8215 I chatty  : uid=1000(system) Binder:1959_1D expire 6 lines
06-07 19:26:17.469  1959  2065 I chatty  : uid=1000(system) android.ui expire 28 lines
06-07 19:26:25.026  1959  2088 I chatty  : uid=1000(system) batterystats-wo expire 8 lines
06-07 19:26:44.537  1959  7353 I chatty  : uid=1000(system) Binder:1959_1C expire 3 lines
06-07 19:26:56.694  1959  2268 I chatty  : uid=1000(system) Binder:1959_3 expire 5 lines
06-07 19:26:56.701  1959  5863 I chatty  : uid=1000(system) Binder:1959_17 expire 3 lines
06-07 19:27:20.245  1959  2338 I chatty  : uid=1000(system) Binder:1959_4 expire 4 lines
06-07 19:27:28.274  1959  3621 I chatty  : uid=1000(system) Binder:1959_C expire 3 lines
06-07 19:27:34.978  1959  6083 I chatty  : uid=1000(system) Binder:1959_18 expire 1 line
06-07 19:27:46.770  1959  3620 I chatty  : uid=1000(system) Binder:1959_B expire 6 lines
06-07 19:27:52.421  1959  2606 I chatty  : uid=1000(system) Binder:1959_6 expire 1 line
06-07 19:29:08.240  1959  6287 I chatty  : uid=1000(system) Binder:1959_19 expire 3 lines
06-07 19:29:11.442  1959  2032 I chatty  : uid=1000(system) Binder:1959_2 expire 2 lines
06-07 19:29:11.477  1959  4070 I chatty  : uid=1000(system) Binder:1959_11 expire 2 lines
06-07 19:29:53.186  1959  5442 I chatty  : uid=1000(system) Binder:1959_16 expire 4 lines
06-07 19:29:53.230  1959  1959 I chatty  : uid=1000 system_server expire 18 lines
06-07 19:29:53.351  1959  2078 I chatty  : uid=1000(system) ActivityManager expire 19 lines
06-07 19:29:55.848  1959  3634 I chatty  : uid=1000(system) Binder:1959_D expire 6 lines
06-07 19:29:55.995  1959  2077 I chatty  : uid=1000(system) ActivityManager expire 10 lines
06-07 19:29:59.676  1959  2065 I chatty  : uid=1000(system) android.ui expire 10 lines
06-07 19:30:00.146  1959  3309 I chatty  : uid=1000(system) Binder:1959_A expire 20 lines
06-07 19:30:00.169  1959  2338 I chatty  : uid=1000(system) Binder:1959_4 expire 3 lines
06-07 19:30:03.196  1959  6287 I chatty  : uid=1000(system) Binder:1959_19 expire 13 lines
06-07 19:30:04.574  1959  2257 I chatty  : uid=1000(system) ConnectivitySer expire 22 lines
06-07 19:30:26.059  1959  2067 I chatty  : uid=1000(system) android.display expire 12 lines
06-07 19:30:26.214  1959  2032 I chatty  : uid=1000(system) Binder:1959_2 expire 1 line
06-07 19:30:26.214  1959  7315 I chatty  : uid=1000(system) Binder:1959_1B expire 1 line
06-07 19:30:26.218  1959  3857 I chatty  : uid=1000(system) Binder:1959_E expire 2 lines
06-07 19:31:18.064  1959  2076 I chatty  : uid=1000(system) android.bg expire 2 lines
06-07 19:31:35.880  1959  2268 I chatty  : uid=1000(system) Binder:1959_3 expire 3 lines
06-07 19:31:36.049  1959  2088 I chatty  : uid=1000(system) batterystats-wo expire 11 lines
06-07 19:31:42.672  1959  5175 I chatty  : uid=1000(system) Binder:1959_14 expire 7 lines
06-07 19:31:42.931  1959  7264 I chatty  : uid=1000(system) Binder:1959_1A expire 7 lines
06-07 19:31:44.023  8420  8420 I ActivityThread: handleStopService: token=android.os.BinderProxy@972dea5 not found.
06-07 19:32:13.767  1959  2065 I chatty  : uid=1000(system) android.ui expire 14 lines
06-07 19:32:14.144  1959  3620 I chatty  : uid=1000(system) Binder:1959_B expire 7 lines
06-07 19:33:09.918  1959  2232 I chatty  : uid=1000(system) InputReader expire 4 lines
06-07 19:33:10.384  1959  2105 I chatty  : uid=1000(system) PowerManagerSer expire 17 lines
06-07 19:33:10.738  1959  2064 I chatty  : uid=1000(system) android.fg expire 4 lines
06-07 19:33:11.182  2317  2317 W FingerprintManager: Invalid acquired message: 6, 21
06-07 19:34:13.063  1959  1959 I chatty  : uid=1000 system_server expire 17 lines
06-07 19:34:13.511  1959  2606 I chatty  : uid=1000(system) Binder:1959_6 expire 3 lines
06-07 19:34:17.745  1959  3621 I chatty  : uid=1000(system) Binder:1959_C expire 3 lines
06-07 19:34:34.635  1959  8215 I chatty  : uid=1000(system) Binder:1959_1D expire 2 lines
06-07 19:34:36.635  1959  5863 I chatty  : uid=1000(system) Binder:1959_17 expire 2 lines
06-07 19:34:38.048  1959  2257 I chatty  : uid=1000(system) ConnectivitySer expire 2 lines
06-07 19:34:42.983  1959  3010 I chatty  : uid=1000(system) Binder:1959_9 expire 1 line
06-07 19:34:48.369  1959  3858 I chatty  : uid=1000(system) Binder:1959_F expire 2 lines
06-07 19:34:50.231  1959  4680 I chatty  : uid=1000(system) Binder:1959_13 expire 5 lines
06-07 19:34:50.232  1959  2257 I chatty  : uid=1000(system) ConnectivitySer expire 27 lines
06-07 19:34:51.191  1959  3621 I chatty  : uid=1000(system) Binder:1959_C expire 4 lines
06-07 19:34:58.248  1959  2606 I chatty  : uid=1000(system) Binder:1959_6 expire 5 lines
06-07 19:35:02.301  1959  2435 I chatty  : uid=1000(system) Binder:1959_5 expire 1 line
06-07 19:35:02.319  1959  1959 I chatty  : uid=1000 system_server expire 20 lines
06-07 19:35:02.775  1959  2067 I chatty  : uid=1000(system) android.display expire 8 lines
06-07 19:35:02.829  1959  5175 I chatty  : uid=1000(system) Binder:1959_14 expire 1 line
06-07 19:35:02.853  1959  2268 I chatty  : uid=1000(system) Binder:1959_3 expire 1 line
06-07 19:35:02.887  1959  5863 I chatty  : uid=1000(system) Binder:1959_17 expire 10 lines
06-07 19:35:02.923  1959  2032 I chatty  : uid=1000(system) Binder:1959_2 expire 2 lines
06-07 19:35:02.923  1959  3634 I chatty  : uid=1000(system) Binder:1959_D expire 7 lines
06-07 19:35:02.923  1959  3309 I chatty  : uid=1000(system) Binder:1959_A expire 7 lines
06-07 19:35:08.235  1959  2078 I chatty  : uid=1000(system) ActivityManager expire 5 lines
06-07 19:35:08.790  1959  2088 I chatty  : uid=1000(system) batterystats-wo expire 16 lines
06-07 19:35:10.241  1959  4369 I chatty  : uid=1000(system) Binder:1959_12 expire 8 lines
06-07 19:35:13.539  1959  9158 I chatty  : uid=1000(system) Binder:1959_1F expire 7 lines
06-07 19:35:20.110  1959  6083 I chatty  : uid=1000(system) Binder:1959_18 expire 13 lines
06-07 19:35:37.584  1959  2077 I chatty  : uid=1000(system) ActivityManager expire 3 lines
06-07 19:36:13.573  1959  7264 I chatty  : uid=1000(system) Binder:1959_1A expire 2 lines
06-07 19:37:35.560  1959  6287 I chatty  : uid=1000(system) Binder:1959_19 expire 4 lines
06-07 19:38:02.609  1959  9391 I chatty  : uid=1000(system) Binder:1959_20 expire 4 lines
06-07 19:39:05.475  1959  5377 I chatty  : uid=1000(system) Binder:1959_15 expire 3 lines
06-07 19:39:10.441  1959  8215 I chatty  : uid=1000(system) Binder:1959_1D expire 4 lines
06-07 19:39:29.088  1959  2065 I chatty  : uid=1000(system) android.ui expire 6 lines
06-07 19:40:00.186  1959  7315 I chatty  : uid=1000(system) Binder:1959_1B expire 8 lines
06-07 19:40:09.934  1959  2031 I chatty  : uid=1000(system) Binder:1959_1 expire 1 line
06-07 19:40:46.750  1959  8254 I chatty  : uid=1000(system) Binder:1959_1E expire 2 lines
06-07 19:40:56.609  1959  3884 I chatty  : uid=1000(system) Binder:1959_10 expire 1 line
06-07 19:42:18.624  1959  3857 I chatty  : uid=1000(system) Binder:1959_E expire 1 line
06-07 19:42:46.893  1959  2105 I chatty  : uid=1000(system) PowerManagerSer expire 2 lines
06-07 19:42:57.245  1959  2121 I chatty  : uid=1000(system) PackageManager expire 127 lines
06-07 19:42:57.503  1959  2064 I chatty  : uid=1000(system) android.fg expire 1 line
06-07 19:43:02.783  1959  2078 I chatty  : uid=1000(system) ActivityManager expire 25 lines
06-07 19:43:02.786   593  2991 D vold    : Remounting 10229 as mode default
06-07 19:43:02.865  1959  1959 I chatty  : uid=1000 system_server expire 14 lines
06-07 19:43:02.888  1959  3857 I chatty  : uid=1000(system) Binder:1959_E expire 6 lines
06-07 19:43:02.890  1959  2077 I chatty  : uid=1000(system) ActivityManager expire 12 lines
06-07 19:43:05.543  1959  2076 I chatty  : uid=1000(system) android.bg expire 1 line
06-07 19:43:08.133  1959  2606 I chatty  : uid=1000(system) Binder:1959_6 expire 11 lines
06-07 19:43:14.450  1959  4680 I chatty  : uid=1000(system) Binder:1959_13 expire 3 lines
06-07 19:43:15.396  1959  3621 I chatty  : uid=1000(system) Binder:1959_C expire 5 lines
06-07 19:43:15.449  1959  8254 I chatty  : uid=1000(system) Binder:1959_1E expire 11 lines
06-07 19:43:16.611  1959  5377 I chatty  : uid=1000(system) Binder:1959_15 expire 9 lines
06-07 19:43:16.804  1959  6083 I chatty  : uid=1000(system) Binder:1959_18 expire 4 lines
06-07 19:43:19.392  1959  2257 I chatty  : uid=1000(system) ConnectivitySer expire 16 lines
06-07 19:43:19.594  1959  3010 I chatty  : uid=1000(system) Binder:1959_9 expire 10 lines
06-07 19:43:21.382   593  2991 D vold    : Remounting 10229 as mode read
06-07 19:43:21.401   593  2991 D vold    : Found matching PID 12163
06-07 19:43:21.403   593  2991 D vold    : Found matching PID 12310
06-07 19:43:21.408   593  2991 D vold    : Remounting 10229 as mode write
06-07 19:43:21.415   593  2991 D vold    : Found matching PID 12163
06-07 19:43:21.417   593  2991 D vold    : Found matching PID 12310
06-07 19:43:21.493  1959  3620 I chatty  : uid=1000(system) Binder:1959_B expire 6 lines
06-07 19:43:50.413  1959  7353 I chatty  : uid=1000(system) Binder:1959_1C expire 1 line
06-07 19:43:54.861  1959  7315 I chatty  : uid=1000(system) Binder:1959_1B expire 2 lines
06-07 19:44:04.710  1959  2067 I chatty  : uid=1000(system) android.display expire 3 lines
06-07 19:44:19.455  1959  2077 I chatty  : uid=1000(system) ActivityManager expire 2 lines
06-07 19:44:25.689  1959  2088 I chatty  : uid=1000(system) batterystats-wo expire 2 lines
06-07 19:44:26.473  1959  2031 I chatty  : uid=1000(system) Binder:1959_1 expire 4 lines
06-07 19:44:26.894  1959  5175 I chatty  : uid=1000(system) Binder:1959_14 expire 2 lines
06-07 19:44:29.684  1959  9391 I chatty  : uid=1000(system) Binder:1959_20 expire 6 lines
06-07 19:44:35.688  1959  3884 I chatty  : uid=1000(system) Binder:1959_10 expire 1 line
06-07 19:44:40.675  1959  2338 I chatty  : uid=1000(system) Binder:1959_4 expire 2 lines
06-07 19:44:42.042  1959  6287 I chatty  : uid=1000(system) Binder:1959_19 expire 1 line
06-07 19:44:43.253  1959  4369 I chatty  : uid=1000(system) Binder:1959_12 expire 1 line
06-07 19:44:44.707  1959  8215 I chatty  : uid=1000(system) Binder:1959_1D expire 1 line
06-07 19:44:47.006  1959  5863 I chatty  : uid=1000(system) Binder:1959_17 expire 1 line
06-07 19:44:47.026  1959  2722 I chatty  : uid=1000(system) Binder:1959_7 expire 2 lines
06-07 19:44:47.243  1959  2065 I chatty  : uid=1000(system) android.ui expire 4 lines
06-07 19:44:48.549  1959  5442 I chatty  : uid=1000(system) Binder:1959_16 expire 1 line
06-07 19:44:50.863  1959  2268 I chatty  : uid=1000(system) Binder:1959_3 expire 5 lines
06-07 19:44:51.894  1959  2722 I chatty  : uid=1000(system) Binder:1959_7 expire 4 lines
06-07 19:44:53.051  1959  2065 I chatty  : uid=1000(system) android.ui expire 12 lines
06-07 19:44:53.309  1959  2067 I chatty  : uid=1000(system) android.display expire 7 lines
06-07 19:44:54.048  1959  2032 I chatty  : uid=1000(system) Binder:1959_2 expire 6 lines
06-07 19:44:54.759  1959  2606 I chatty  : uid=1000(system) Binder:1959_6 expire 2 lines
06-07 19:44:54.782  1959  2078 I chatty  : uid=1000(system) ActivityManager expire 23 lines
06-07 19:44:54.792  1959  7315 I chatty  : uid=1000(system) Binder:1959_1B expire 3 lines
06-07 19:44:56.020  1959  7353 I chatty  : uid=1000(system) Binder:1959_1C expire 10 lines
06-07 19:44:56.092  1959  8215 I chatty  : uid=1000(system) Binder:1959_1D expire 5 lines
06-07 19:44:56.179  1959  5863 I chatty  : uid=1000(system) Binder:1959_17 expire 1 line
06-07 19:44:56.180  1959  5442 I chatty  : uid=1000(system) Binder:1959_16 expire 10 lines
06-07 19:44:56.180  1959  2257 I chatty  : uid=1000(system) ConnectivitySer expire 26 lines
06-07 19:44:56.190  1959  2338 I chatty  : uid=1000(system) Binder:1959_4 expire 5 lines
06-07 19:44:57.805 14576 14576 D ActivityThread: Loading provider contacts;com.android.contacts: com.android.providers.contacts.ContactsProvider2
06-07 19:45:00.173  1959  1959 I chatty  : uid=1000 system_server expire 4 lines
06-07 19:45:01.534  1959  2723 I chatty  : uid=1000(system) Binder:1959_8 expire 4 lines
06-07 19:45:04.338  1959  4070 I chatty  : uid=1000(system) Binder:1959_11 expire 16 lines
06-07 19:45:13.574  1959  9391 I chatty  : uid=1000(system) Binder:1959_20 expire 5 lines
06-07 19:45:15.204  1959  2064 I chatty  : uid=1000(system) android.fg expire 4 lines
06-07 19:45:15.206  1959  2077 I chatty  : uid=1000(system) ActivityManager expire 19 lines
06-07 19:45:15.245  1959  4314 I chatty  : uid=1000(system) LocationService expire 4 lines
06-07 19:45:16.465  1959  3884 I chatty  : uid=1000(system) Binder:1959_10 expire 9 lines
06-07 19:45:16.803  1959  6083 I chatty  : uid=1000(system) Binder:1959_18 expire 7 lines
06-07 19:45:24.335  1959  3309 I chatty  : uid=1000(system) Binder:1959_A expire 14 lines
06-07 19:45:24.395  1959  7264 I chatty  : uid=1000(system) Binder:1959_1A expire 9 lines
06-07 19:45:24.422  1959  4680 I chatty  : uid=1000(system) Binder:1959_13 expire 9 lines
06-07 19:45:24.642  1959  8254 I chatty  : uid=1000(system) Binder:1959_1E expire 1 line
06-07 19:45:24.778  1959  3858 I chatty  : uid=1000(system) Binder:1959_F expire 1 line
06-07 19:45:24.778  1959  3010 I chatty  : uid=1000(system) Binder:1959_9 expire 4 lines
06-07 19:45:24.780  1959  9158 I chatty  : uid=1000(system) Binder:1959_1F expire 4 lines
06-07 19:45:27.430  1959  3857 I chatty  : uid=1000(system) Binder:1959_E expire 1 line
06-07 19:45:32.471  1959  4369 I chatty  : uid=1000(system) Binder:1959_12 expire 8 lines
06-07 19:45:46.791  1959  2257 I chatty  : uid=1000(system) ConnectivitySer expire 20 lines
06-07 19:45:46.799  1959  9158 I chatty  : uid=1000(system) Binder:1959_1F expire 1 line
06-07 19:45:49.601  1959  2065 I chatty  : uid=1000(system) android.ui expire 26 lines
06-07 19:45:49.608  1959  2031 I chatty  : uid=1000(system) Binder:1959_1 expire 9 lines
06-07 19:45:49.663  1959  3309 I chatty  : uid=1000(system) Binder:1959_A expire 1 line
06-07 19:45:49.663  1959  7353 I chatty  : uid=1000(system) Binder:1959_1C expire 1 line
06-07 19:45:49.663  1959  9391 I chatty  : uid=1000(system) Binder:1959_20 expire 3 lines
06-07 19:45:50.264  1959  3857 I chatty  : uid=1000(system) Binder:1959_E expire 4 lines
06-07 19:45:52.458  1959  2722 I chatty  : uid=1000(system) Binder:1959_7 expire 15 lines
06-07 19:45:52.779  1959  5442 I chatty  : uid=1000(system) Binder:1959_16 expire 7 lines
06-07 19:45:53.634  1959  6083 I chatty  : uid=1000(system) Binder:1959_18 expire 4 lines
06-07 19:45:54.063  1959  3620 I chatty  : uid=1000(system) Binder:1959_B expire 2 lines
06-07 19:45:58.499  1959  2078 I chatty  : uid=1000(system) ActivityManager expire 10 lines
06-07 19:45:58.651 16259 16259 D ActivityThread: Loading provider contacts;com.android.contacts: com.android.providers.contacts.ContactsProvider2
06-07 19:45:59.230  1959  3621 I chatty  : uid=1000(system) Binder:1959_C expire 3 lines
06-07 19:46:16.260  1959  1959 I chatty  : uid=1000 system_server expire 12 lines
06-07 19:46:27.920  1959  2077 I chatty  : uid=1000(system) ActivityManager expire 8 lines
06-07 19:46:34.607  1959  2032 I chatty  : uid=1000(system) Binder:1959_2 expire 7 lines
06-07 19:46:47.049  1959  2088 I chatty  : uid=1000(system) batterystats-wo expire 10 lines
06-07 19:47:00.868  1959  8254 I chatty  : uid=1000(system) Binder:1959_1E expire 9 lines
06-07 19:47:06.008  1959  2606 I chatty  : uid=1000(system) Binder:1959_6 expire 11 lines
06-07 19:47:15.147  1959  3858 I chatty  : uid=1000(system) Binder:1959_F expire 6 lines
06-07 19:48:06.925  1959  5175 I chatty  : uid=1000(system) Binder:1959_14 expire 6 lines
06-07 19:48:13.311  1959  2268 I chatty  : uid=1000(system) Binder:1959_3 expire 5 lines
06-07 19:48:26.412  1959  2232 I chatty  : uid=1000(system) InputReader expire 2 lines
06-07 19:48:26.900  1959  2105 I chatty  : uid=1000(system) PowerManagerSer expire 6 lines
06-07 19:48:26.984  1959  2067 I chatty  : uid=1000(system) android.display expire 3 lines
06-07 19:48:27.265  1959  2064 I chatty  : uid=1000(system) android.fg expire 1 line
06-07 19:48:27.640  2317  2317 W FingerprintManager: Invalid acquired message: 6, 21
06-07 19:48:28.632  1959  2257 I chatty  : uid=1000(system) ConnectivitySer expire 31 lines
06-07 19:51:04.433  1959  1959 I chatty  : uid=1000 system_server expire 6 lines
06-07 19:51:41.438  1959  2076 I chatty  : uid=1000(system) android.bg expire 2 lines
06-07 19:57:27.013  1959  5863 I chatty  : uid=1000(system) Binder:1959_17 expire 4 lines
06-07 19:57:27.123  1959  7315 I chatty  : uid=1000(system) Binder:1959_1B expire 1 line
06-07 19:57:35.306  1959  8215 I chatty  : uid=1000(system) Binder:1959_1D expire 3 lines
06-07 19:58:34.883  1959  2088 I chatty  : uid=1000(system) batterystats-wo expire 12 lines
06-07 19:58:35.244  1959  2076 I chatty  : uid=1000(system) android.bg expire 5 lines
06-07 19:58:35.274  1959  2077 I chatty  : uid=1000(system) ActivityManager expire 13 lines
06-07 19:59:17.277  1959  7264 I chatty  : uid=1000(system) Binder:1959_1A expire 2 lines
06-07 20:07:05.654  1959  2257 I chatty  : uid=1000(system) ConnectivitySer expire 29 lines
06-07 20:07:05.808  1959  2338 I chatty  : uid=1000(system) Binder:1959_4 expire 2 lines
06-07 20:07:06.857  1959  1959 I chatty  : uid=1000 system_server expire 16 lines
06-07 20:07:06.933  1959  2078 I chatty  : uid=1000(system) ActivityManager expire 13 lines
06-07 20:07:09.862  1959  5175 I chatty  : uid=1000(system) Binder:1959_14 expire 2 lines
06-07 20:07:09.862  1959  2435 I chatty  : uid=1000(system) Binder:1959_5 expire 1 line
06-07 20:07:09.865  1959  3857 I chatty  : uid=1000(system) Binder:1959_E expire 2 lines
06-07 20:07:10.784  1959  9158 I chatty  : uid=1000(system) Binder:1959_1F expire 5 lines
06-07 20:07:12.092  1959  3884 I chatty  : uid=1000(system) Binder:1959_10 expire 5 lines
06-07 20:07:12.887  1959  8254 I chatty  : uid=1000(system) Binder:1959_1E expire 1 line
06-07 20:07:13.081  1959  6083 I chatty  : uid=1000(system) Binder:1959_18 expire 4 lines
06-07 20:07:13.334  1959  5442 I chatty  : uid=1000(system) Binder:1959_16 expire 1 line
06-07 20:07:13.621  1959  3858 I chatty  : uid=1000(system) Binder:1959_F expire 3 lines
06-07 20:07:22.658  1959  5377 I chatty  : uid=1000(system) Binder:1959_15 expire 1 line
06-07 20:07:32.952  1959  4070 I chatty  : uid=1000(system) Binder:1959_11 expire 6 lines
06-07 20:08:46.483  1959  2228 I chatty  : uid=1000(system) AlarmManager expire 1 line
06-07 20:08:54.888  1959  3309 I chatty  : uid=1000(system) Binder:1959_A expire 3 lines
06-07 20:09:14.899  1959  5863 I chatty  : uid=1000(system) Binder:1959_17 expire 3 lines
06-07 20:09:27.144  1959  2606 I chatty  : uid=1000(system) Binder:1959_6 expire 2 lines
06-07 20:10:44.460  1959  3621 I chatty  : uid=1000(system) Binder:1959_C expire 6 lines
06-07 20:11:04.477  1959  2723 I chatty  : uid=1000(system) Binder:1959_8 expire 6 lines
06-07 20:16:08.454  2317  2317 W FingerprintManager: Invalid acquired message: 6, 21
06-07 20:16:08.673  1959  1959 I chatty  : uid=1000 system_server expire 34 lines
06-07 20:16:08.947  2317  2317 W FingerprintManager: Invalid acquired message: 6, 21
06-07 20:16:09.882  2317  2317 W FingerprintManager: Invalid acquired message: 6, 21
06-07 20:16:12.344  1959  2257 I chatty  : uid=1000(system) ConnectivitySer expire 10 lines
06-07 20:16:47.038  1959  2088 I chatty  : uid=1000(system) batterystats-wo expire 6 lines
06-07 20:17:52.366  1959  2232 I chatty  : uid=1000(system) InputReader expire 3 lines
06-07 20:17:52.378  1959  2105 I chatty  : uid=1000(system) PowerManagerSer expire 5 lines
06-07 20:17:52.394  1959  2067 I chatty  : uid=1000(system) android.display expire 2 lines
06-07 20:17:52.530  1959  2064 I chatty  : uid=1000(system) android.fg expire 3 lines
06-07 20:17:52.614  2317  2317 W FingerprintManager: Invalid acquired message: 6, 21
06-07 20:17:52.817  1959  1959 I chatty  : uid=1000 system_server expire 16 lines
06-07 20:17:52.829  2317  2317 W FingerprintManager: Invalid acquired message: 6, 22
06-07 20:17:53.620  1959  4680 I chatty  : uid=1000(system) Binder:1959_13 expire 2 lines
06-07 20:17:53.709  1959  2268 I chatty  : uid=1000(system) Binder:1959_3 expire 3 lines
06-07 20:17:54.331  1959  2031 I chatty  : uid=1000(system) Binder:1959_1 expire 1 line
06-07 20:18:00.729 21552 21552 D ActivityThread: Loading provider contacts;com.android.contacts: com.android.providers.contacts.ContactsProvider2
06-07 20:18:01.997  1959  2065 I chatty  : uid=1000(system) android.ui expire 16 lines
06-07 20:18:06.979  1959  2232 I chatty  : uid=1000(system) InputReader expire 1 line
06-07 20:18:06.979  1959  1959 I chatty  : uid=1000 system_server expire 27 lines
06-07 20:18:07.432  1959  2105 I chatty  : uid=1000(system) PowerManagerSer expire 18 lines
06-07 20:18:07.503  1959  2067 I chatty  : uid=1000(system) android.display expire 10 lines
06-07 20:18:07.789  1959  2064 I chatty  : uid=1000(system) android.fg expire 9 lines
06-07 20:18:08.172  2317  2317 W FingerprintManager: Invalid acquired message: 6, 21
06-07 20:18:08.191  2317  2317 W FingerprintManager: Invalid acquired message: 6, 23
06-07 20:18:09.349  2317  2317 W FingerprintManager: Invalid acquired message: 6, 22
06-07 20:18:09.562  1959  2268 I chatty  : uid=1000(system) Binder:1959_3 expire 8 lines
06-07 20:18:09.611  1959  3858 I chatty  : uid=1000(system) Binder:1959_F expire 4 lines
06-07 20:18:09.678  1959  2723 I chatty  : uid=1000(system) Binder:1959_8 expire 8 lines
06-07 20:18:09.790  1959  2077 I chatty  : uid=1000(system) ActivityManager expire 23 lines
06-07 20:18:09.805  1959  4070 I chatty  : uid=1000(system) Binder:1959_11 expire 10 lines
06-07 20:18:13.305  1959  2989 I chatty  : uid=1000(system) AdbDebuggingMan expire 3 lines
06-07 20:18:13.396  1959  4680 I chatty  : uid=1000(system) Binder:1959_13 expire 8 lines
06-07 20:18:14.233  1959  2078 I chatty  : uid=1000(system) ActivityManager expire 7 lines
06-07 20:18:14.417  1959  4314 I chatty  : uid=1000(system) LocationService expire 4 lines
06-07 20:18:14.506  1959  9158 I chatty  : uid=1000(system) Binder:1959_1F expire 15 lines
06-07 20:18:14.882  1959  2606 I chatty  : uid=1000(system) Binder:1959_6 expire 5 lines
06-07 20:18:14.925  1959  3634 I chatty  : uid=1000(system) Binder:1959_D expire 5 lines
06-07 20:18:17.898  2317  2317 W FingerprintManager: Invalid acquired message: 6, 21
06-07 20:18:21.600  1959  2105 I chatty  : uid=1000(system) PowerManagerSer expire 12 lines
06-07 20:18:21.635  1959  1959 I chatty  : uid=1000 system_server expire 19 lines
06-07 20:18:34.688  2317  2317 W FingerprintManager: Invalid acquired message: 6, 22
06-07 20:18:35.100  1959  2077 I chatty  : uid=1000(system) ActivityManager expire 5 lines
06-07 20:18:35.127  1959  2031 I chatty  : uid=1000(system) Binder:1959_1 expire 3 lines
06-07 20:18:35.747  1959  2088 I chatty  : uid=1000(system) batterystats-wo expire 4 lines
06-07 20:18:55.435  1959  5863 I chatty  : uid=1000(system) Binder:1959_17 expire 2 lines
06-07 20:18:58.623  1959  2257 I chatty  : uid=1000(system) ConnectivitySer expire 1 line
06-07 20:19:03.898  1959  3621 I chatty  : uid=1000(system) Binder:1959_C expire 3 lines
06-07 20:19:50.180  1959  2076 I chatty  : uid=1000(system) android.bg expire 4 lines
06-07 20:19:52.384  1959  3621 I chatty  : uid=1000(system) Binder:1959_C expire 2 lines
06-07 20:19:52.790  1959  2723 I chatty  : uid=1000(system) Binder:1959_8 expire 5 lines
06-07 20:19:52.813  1959  2078 I chatty  : uid=1000(system) ActivityManager expire 29 lines
06-07 20:19:52.867  1959  2606 I chatty  : uid=1000(system) Binder:1959_6 expire 5 lines
06-07 20:19:52.867  1959  2257 I chatty  : uid=1000(system) ConnectivitySer expire 8 lines
06-07 20:19:53.914  1959  2268 I chatty  : uid=1000(system) Binder:1959_3 expire 5 lines
06-07 20:19:54.900  1959  9158 I chatty  : uid=1000(system) Binder:1959_1F expire 4 lines
06-07 20:19:56.275  1959  2067 I chatty  : uid=1000(system) android.display expire 2 lines
06-07 20:19:57.714  1959  5863 I chatty  : uid=1000(system) Binder:1959_17 expire 5 lines
06-07 20:19:59.915  1959  5377 I chatty  : uid=1000(system) Binder:1959_15 expire 1 line
06-07 20:20:02.836  1959  2031 I chatty  : uid=1000(system) Binder:1959_1 expire 3 lines
06-07 20:20:04.495  1959  3634 I chatty  : uid=1000(system) Binder:1959_D expire 2 lines
06-07 20:20:06.219  1959  2435 I chatty  : uid=1000(system) Binder:1959_5 expire 1 line
06-07 20:20:06.911  1959  5175 I chatty  : uid=1000(system) Binder:1959_14 expire 1 line
06-07 20:20:07.057  1959  3857 I chatty  : uid=1000(system) Binder:1959_E expire 2 lines
06-07 20:20:09.031  1959  7315 I chatty  : uid=1000(system) Binder:1959_1B expire 6 lines
06-07 20:20:12.013  1959  5442 I chatty  : uid=1000(system) Binder:1959_16 expire 4 lines
06-07 20:20:13.947  1959  2088 I chatty  : uid=1000(system) batterystats-wo expire 2 lines
06-07 20:20:19.272  1959  2077 I chatty  : uid=1000(system) ActivityManager expire 18 lines
06-07 20:20:19.681  1959  6287 I chatty  : uid=1000(system) Binder:1959_19 expire 1 line
06-07 20:20:21.662  1959  2722 I chatty  : uid=1000(system) Binder:1959_7 expire 1 line
06-07 20:20:24.105  1959  3010 I chatty  : uid=1000(system) Binder:1959_9 expire 7 lines
06-07 20:20:24.263  1959  3620 I chatty  : uid=1000(system) Binder:1959_B expire 1 line
06-07 20:20:25.461  1959  2032 I chatty  : uid=1000(system) Binder:1959_2 expire 1 line
06-07 20:20:27.515  1959  4369 I chatty  : uid=1000(system) Binder:1959_12 expire 2 lines
06-07 20:20:57.818  1959  2121 I chatty  : uid=1000(system) PackageManager expire 115 lines
06-07 20:20:58.516  1959  2064 I chatty  : uid=1000(system) android.fg expire 5 lines
06-07 20:20:58.684  1959  2077 I chatty  : uid=1000(system) ActivityManager expire 15 lines
06-07 20:20:58.709  1959  2078 I chatty  : uid=1000(system) ActivityManager expire 40 lines
06-07 20:20:58.785  1959  1959 I chatty  : uid=1000 system_server expire 18 lines
06-07 20:20:59.685  1959  3857 I chatty  : uid=1000(system) Binder:1959_E expire 6 lines
06-07 20:20:59.818  1959  8215 I chatty  : uid=1000(system) Binder:1959_1D expire 5 lines
06-07 20:20:59.934  1959  3010 I chatty  : uid=1000(system) Binder:1959_9 expire 4 lines
06-07 20:21:18.776  1959  3634 I chatty  : uid=1000(system) Binder:1959_D expire 3 lines
06-07 20:21:19.282  1959  7315 I chatty  : uid=1000(system) Binder:1959_1B expire 3 lines
06-07 20:21:19.356  1959  2257 I chatty  : uid=1000(system) ConnectivitySer expire 9 lines
06-07 20:22:19.512  1959  9158 I chatty  : uid=1000(system) Binder:1959_1F expire 2 lines
06-07 20:22:47.398  1959  8254 I chatty  : uid=1000(system) Binder:1959_1E expire 4 lines
06-07 20:22:47.611 25812 25812 D ActivityThread: Loading provider contacts;com.android.contacts: com.android.providers.contacts.ContactsProvider2
06-07 20:23:00.204  1959  7353 I chatty  : uid=1000(system) Binder:1959_1C expire 5 lines
06-07 20:23:13.196  1959  2105 I chatty  : uid=1000(system) PowerManagerSer expire 15 lines
06-07 20:23:20.813  1959  2067 I chatty  : uid=1000(system) android.display expire 8 lines
06-07 20:23:20.897  1959  2088 I chatty  : uid=1000(system) batterystats-wo expire 5 lines
06-07 20:23:21.561  2317  2317 W FingerprintManager: Invalid acquired message: 6, 21
06-07 20:23:40.433  1959  1959 I chatty  : uid=1000 system_server expire 19 lines
06-07 20:23:41.167  1959  2076 I chatty  : uid=1000(system) android.bg expire 5 lines
06-07 20:23:44.988  1959  6083 I chatty  : uid=1000(system) Binder:1959_18 expire 6 lines
06-07 20:23:45.612  1959  2077 I chatty  : uid=1000(system) ActivityManager expire 11 lines
06-07 20:23:47.585  2317  2317 W FingerprintManager: Invalid acquired message: 6, 22
06-07 20:23:48.045  1959  2032 I chatty  : uid=1000(system) Binder:1959_2 expire 4 lines
06-07 20:23:49.307  1959  2722 I chatty  : uid=1000(system) Binder:1959_7 expire 2 lines
06-07 20:23:59.737  1959  5863 I chatty  : uid=1000(system) Binder:1959_17 expire 11 lines
06-07 20:24:04.713  1959  4680 I chatty  : uid=1000(system) Binder:1959_13 expire 6 lines
