06-08 08:38:49.468  1959  2078 I ActivityManager: Start proc 12628:com.android.launcher3/u0a176 for service {com.android.launcher3/com.android.quickstep.TouchInteractionService}
06-08 08:38:49.948  1959  1959 V NotificationListeners: 0 notification listener service connected: ComponentInfo{com.android.launcher3/com.android.launcher3.notification.NotificationListener}
06-08 08:38:49.955  1959  8254 I WindowManager: WIN DEATH: Window{6e74ac0 u0 com.ricediseaseprediction/com.ricediseaseprediction.MainActivity}
06-08 08:38:49.960  1959  3634 I WindowManager: WIN DEATH: Window{490d46 u0 com.ricediseaseprediction/com.ricediseaseprediction.MainActivity}
06-08 08:38:49.961  1959  2268 I ActivityManager: Process com.ricediseaseprediction (pid 10643) has died: fore TOP 
06-08 08:38:49.964  1959  2722 I WindowManager: WIN DEATH: Window{b49b19c u0 com.ricediseaseprediction/com.ricediseaseprediction.MainActivity}
06-08 08:38:49.968  1959  2268 W ActivityTaskManager: Force removing ActivityRecord{71412c5 u0 com.ricediseaseprediction/.MainActivity t1675}: app died, no saved state
06-08 08:38:49.995  1959  2067 W ActivityManager: setHasOverlayUi called on unknown pid: 10643
06-08 08:38:50.283  1959  1959 W ActivityManager: Unable to start service Intent { act=android.service.appprediction.AppPredictionService cmp=com.google.android.as/com.google.android.apps.miphone.aiai.app.AiAiPredictionService } U=0: not found
06-08 08:38:50.283  1959  1959 W RemoteAppPredictionService: could not bind to Intent { act=android.service.appprediction.AppPredictionService cmp=com.google.android.as/com.google.android.apps.miphone.aiai.app.AiAiPredictionService } using flags 67108865
06-08 08:38:50.286  1959  1959 W ActivityManager: Unable to start service Intent { act=android.service.appprediction.AppPredictionService cmp=com.google.android.as/com.google.android.apps.miphone.aiai.app.AiAiPredictionService } U=0: not found
06-08 08:38:50.286  1959  1959 W RemoteAppPredictionService: could not bind to Intent { act=android.service.appprediction.AppPredictionService cmp=com.google.android.as/com.google.android.apps.miphone.aiai.app.AiAiPredictionService } using flags 67108865
06-08 08:38:50.287  1959  1959 W ActivityManager: Unable to start service Intent { act=android.service.appprediction.AppPredictionService cmp=com.google.android.as/com.google.android.apps.miphone.aiai.app.AiAiPredictionService } U=0: not found
06-08 08:38:50.287  1959  1959 W RemoteAppPredictionService: could not bind to Intent { act=android.service.appprediction.AppPredictionService cmp=com.google.android.as/com.google.android.apps.miphone.aiai.app.AiAiPredictionService } using flags 67108865
06-08 08:38:50.302  1959  1959 W ActivityManager: Unable to start service Intent { act=android.service.appprediction.AppPredictionService cmp=com.google.android.as/com.google.android.apps.miphone.aiai.app.AiAiPredictionService } U=0: not found
06-08 08:38:50.302  1959  1959 W RemoteAppPredictionService: could not bind to Intent { act=android.service.appprediction.AppPredictionService cmp=com.google.android.as/com.google.android.apps.miphone.aiai.app.AiAiPredictionService } using flags 67108865
06-08 08:38:50.302  1959  1959 W ActivityManager: Unable to start service Intent { act=android.service.appprediction.AppPredictionService cmp=com.google.android.as/com.google.android.apps.miphone.aiai.app.AiAiPredictionService } U=0: not found
06-08 08:38:50.302  1959  1959 W RemoteAppPredictionService: could not bind to Intent { act=android.service.appprediction.AppPredictionService cmp=com.google.android.as/com.google.android.apps.miphone.aiai.app.AiAiPredictionService } using flags 67108865
06-08 08:38:50.303  1959  1959 W ActivityManager: Unable to start service Intent { act=android.service.appprediction.AppPredictionService cmp=com.google.android.as/com.google.android.apps.miphone.aiai.app.AiAiPredictionService } U=0: not found
06-08 08:38:50.303  1959  1959 W RemoteAppPredictionService: could not bind to Intent { act=android.service.appprediction.AppPredictionService cmp=com.google.android.as/com.google.android.apps.miphone.aiai.app.AiAiPredictionService } using flags 67108865
06-08 08:38:50.314  1959  2268 V AppLockService: setForegroundApp(com.android.launcher3)
06-08 08:38:50.629  1959  1959 W ActivityManager: Unable to start service Intent { act=android.service.appprediction.AppPredictionService cmp=com.google.android.as/com.google.android.apps.miphone.aiai.app.AiAiPredictionService } U=0: not found
06-08 08:38:50.629  1959  1959 W RemoteAppPredictionService: could not bind to Intent { act=android.service.appprediction.AppPredictionService cmp=com.google.android.as/com.google.android.apps.miphone.aiai.app.AiAiPredictionService } using flags 67108865
06-08 08:38:50.992  1959  2078 I ActivityManager: Start proc 12700:com.google.android.gms.persistent/u0a122 for service {com.google.android.gms/com.google.android.gms.chimera.PersistentApiService}
06-08 08:38:51.677  1959  2078 I ActivityManager: Start proc 12733:com.google.process.gservices/u0a122 for content provider {com.google.android.gsf/com.google.android.gsf.gservices.GservicesProvider}
06-08 08:38:51.805  1959  2078 I ActivityManager: Start proc 12761:com.google.android.googlequicksearchbox:interactor/u0a129 for service {com.google.android.googlequicksearchbox/com.google.android.apps.gsa.nga.engine.viss.NgaService}
06-08 08:38:51.922  1959  2078 I ActivityManager: Start proc 12786:com.google.process.gapps/u0a122 for content provider {com.google.android.gsf/com.google.android.gsf.settings.GoogleSettingsProvider}
06-08 08:38:52.391  1959  2722 D ConnectivityService: requestNetwork for uid/pid:10129/12609 NetworkRequest [ TRACK_DEFAULT id=1299, [ Capabilities: INTERNET&NOT_RESTRICTED&TRUSTED Uid: 10129] ]
06-08 08:38:52.477  1959  2078 I ActivityManager: Start proc 12846:com.google.android.gms/u0a122 for service {com.google.android.gms/com.google.android.gms.chimera.GmsBoundBrokerService}
06-08 08:38:53.127  1959  2077 W BroadcastQueue: Background execution not allowed: receiving Intent { act=android.location.PROVIDERS_CHANGED flg=0x10 (has extras) } to com.google.android.apps.maps/com.google.android.apps.gmm.locationsharing.usr.LocationAvailabilityChecker$LocationProvidersChangedBroadcastReceiver
06-08 08:38:53.127  1959  2077 W BroadcastQueue: Background execution not allowed: receiving Intent { act=android.location.PROVIDERS_CHANGED flg=0x10 (has extras) } to com.google.android.gms/.chimera.GmsIntentOperationService$PersistentTrustedReceiver
06-08 08:38:53.127  1959  2077 W BroadcastQueue: Background execution not allowed: receiving Intent { act=android.location.PROVIDERS_CHANGED flg=0x10 (has extras) } to com.google.android.googlequicksearchbox/com.google.android.apps.gsa.broadcastreceiver.external.ExternalCommonBroadcastReceiver
06-08 08:38:53.129  1959  4314 W ActivityManager: Unable to start service Intent { act=com.qti.izat.xt.srv cmp=com.qualcomm.location.XT/.XTSrv (has extras) } U=0: not found
06-08 08:38:53.267 12761 12761 W KeyphraseEnrollmentInfo: No enrollment application supports the given keyphrase/locale: 'null'/en_GB
06-08 08:38:53.267 12761 12761 W KeyphraseEnrollmentInfo: No enrollment application supports the given keyphrase/locale: 'X Google'/en_GB
06-08 08:38:53.271 12761 12761 I chatty  : uid=10129(com.google.android.googlequicksearchbox) identical 1 line
06-08 08:38:53.271 12761 12761 W KeyphraseEnrollmentInfo: No enrollment application supports the given keyphrase/locale: 'X Google'/en_GB
06-08 08:38:53.389  1959  2031 E WifiService: Permission violation - startScan not allowed for uid=10122, packageName=com.google.android.gms, reason=java.lang.SecurityException: Location mode is disabled for the device
06-08 08:38:54.735  1959  2078 I ActivityManager: Start proc 12996:android.process.acore/u0a115 for content provider {com.android.providers.contacts/com.android.providers.contacts.ContactsProvider2}
06-08 08:38:54.962 12996 12996 D ActivityThread: Loading provider contacts;com.android.contacts: com.android.providers.contacts.ContactsProvider2
06-08 08:38:55.050  1959  2078 I ActivityManager: Start proc 13037:com.google.android.apps.wellbeing/u0a205 for broadcast {com.google.android.apps.wellbeing/com.google.android.apps.wellbeing.autodnd.impl.ContextManagerRestartBroadcastReceiver_Receiver}
06-08 08:38:55.238  1959  2722 W ActivityManager: Unable to start service Intent { act=com.google.android.gms.nearby.messages.service.NearbyMessagesService.START pkg=com.google.android.gms } U=0: not found
06-08 08:38:55.239  1959  5377 W ActivityManager: Unbind failed: could not find connection for android.os.BinderProxy@15e824b
06-08 08:38:55.513  1959  3634 W ActivityManager: Unable to start service Intent { act=com.google.android.gms.nearby.messages.service.NearbyMessagesService.START pkg=com.google.android.gms } U=0: not found
06-08 08:38:55.514  1959  2722 W ActivityManager: Unbind failed: could not find connection for android.os.BinderProxy@4f20b
06-08 08:38:58.908  1959  2078 I ActivityManager: Start proc 13106:com.drilens.wamr:notificationl/u0a222 for service {com.drilens.wamr/com.drilens.wamr.NotificationListener}
06-08 08:38:59.232  1959  1959 V NotificationListeners: 0 notification listener service connected: ComponentInfo{com.drilens.wamr/com.drilens.wamr.NotificationListener}
06-08 08:39:08.904  1959  2078 I ActivityManager: Start proc 13140:com.google.android.inputmethod.latin/u0a212 for service {com.google.android.inputmethod.latin/com.android.inputmethod.latin.LatinIME}
06-08 08:39:11.154  1959  3634 D ConnectivityService: requestNetwork for uid/pid:10212/13140 NetworkRequest [ TRACK_DEFAULT id=1303, [ Capabilities: INTERNET&NOT_RESTRICTED&TRUSTED Uid: 10212] ]
06-08 08:39:18.892  1959  2078 I ActivityManager: Start proc 13253:com.ttxapps.wifiadb/u0a256 for service {com.ttxapps.wifiadb/com.ttxapps.wifiadb.NetworkMonitorService}
06-08 08:39:58.660  1959  2078 I ActivityManager: Start proc 13343:com.google.android.youtube/u0a242 for service {com.google.android.youtube/androidx.work.impl.background.systemjob.SystemJobService}
06-08 08:39:59.387  1959  2606 D ConnectivityService: requestNetwork for uid/pid:10242/13343 NetworkRequest [ TRACK_DEFAULT id=1305, [ Capabilities: INTERNET&NOT_RESTRICTED&TRUSTED Uid: 10242] ]
06-08 08:39:59.736  1959  2606 D ConnectivityService: requestNetwork for uid/pid:10242/13343 NetworkRequest [ TRACK_DEFAULT id=1307, [ Capabilities: INTERNET&NOT_RESTRICTED&TRUSTED Uid: 10242] ]
06-08 08:40:00.040  1959  2257 D ConnectivityService: releasing NetworkRequest [ TRACK_DEFAULT id=1307, [ Capabilities: INTERNET&NOT_RESTRICTED&TRUSTED Uid: 10242] ] (release request)
06-08 08:40:04.434  1959  2031 I ActivityTaskManager: START u0 {act=android.intent.action.MAIN cat=[android.intent.category.LAUNCHER] flg=0x10200000 cmp=com.ricediseaseprediction/.MainActivity bnds=[643,282][849,615]} from uid 10176
06-08 08:40:04.450  1959  1959 W ActivityManager: Unable to start service Intent { act=android.service.appprediction.AppPredictionService cmp=com.google.android.as/com.google.android.apps.miphone.aiai.app.AiAiPredictionService } U=0: not found
06-08 08:40:04.450  1959  1959 W RemoteAppPredictionService: could not bind to Intent { act=android.service.appprediction.AppPredictionService cmp=com.google.android.as/com.google.android.apps.miphone.aiai.app.AiAiPredictionService } using flags 67108865
06-08 08:40:04.462  1959  2078 I ActivityManager: Start proc 13498:com.ricediseaseprediction/u0a252 for pre-top-activity {com.ricediseaseprediction/com.ricediseaseprediction.MainActivity}
06-08 08:40:05.200  1959  3634 V AppLockService: setForegroundApp(com.ricediseaseprediction)
06-08 08:40:09.626  1959  5377 I ActivityTaskManager: START u0 {act=android.content.pm.action.REQUEST_PERMISSIONS pkg=com.android.permissioncontroller cmp=com.android.permissioncontroller/com.android.packageinstaller.permission.ui.GrantPermissionsActivity (has extras)} from uid 10252
06-08 08:40:09.650  1959  2078 I ActivityManager: Start proc 13576:com.android.permissioncontroller/u0a118 for pre-top-activity {com.android.permissioncontroller/com.android.packageinstaller.permission.ui.GrantPermissionsActivity}
06-08 08:40:09.977  1959  2606 V AppLockService: setForegroundApp(com.android.permissioncontroller)
06-08 08:40:10.074  1959  3634 V AppLockService: setForegroundApp(com.ricediseaseprediction)
06-08 08:40:32.416  1959  2088 E BatteryExternalStatsWorker: no controller energy info supplied for wifi
06-08 08:40:32.416  1959  2088 E BatteryExternalStatsWorker: no controller energy info supplied for bluetooth
06-08 08:40:36.720  1959  2722 D ConnectivityService: ConnectivityService NetworkRequestInfo binderDied(NetworkRequest [ TRACK_DEFAULT id=1299, [ Capabilities: INTERNET&NOT_RESTRICTED&TRUSTED Uid: 10129] ], android.os.BinderProxy@eae8621)
06-08 08:40:36.720  1959  2031 D ConnectivityService: ConnectivityService NetworkRequestInfo binderDied(NetworkRequest [ LISTEN id=1300, [ Capabilities: INTERNET&NOT_RESTRICTED&TRUSTED Uid: 10129] ], android.os.BinderProxy@bb35a46)
06-08 08:40:36.721  1959  3634 I ActivityManager: Process com.google.android.googlequicksearchbox:search (pid 12609) has died: cch CACC
06-08 08:40:36.721  1959  2257 D ConnectivityService: releasing NetworkRequest [ TRACK_DEFAULT id=1299, [ Capabilities: INTERNET&NOT_RESTRICTED&TRUSTED Uid: 10129] ] (release request)
06-08 08:40:36.723  1959  2606 I WindowManager: WIN DEATH: Window{f8cf5d6 u0 com.android.launcher3/com.android.launcher3.shady.ShadyLauncher}
06-08 08:40:36.732  1959  3634 W ActivityManager: Scheduling restart of crashed service com.google.android.googlequicksearchbox/com.google.android.apps.gsa.nowoverlayservice.DrawerOverlayService in 1000ms
06-08 08:40:36.734  1959  2067 W ActivityManager: setHasOverlayUi called on unknown pid: 12609
06-08 08:40:38.273  1959  7315 I ActivityManager: Process com.google.process.gapps (pid 12786) has died: cch+55 CEM 
06-08 08:40:38.336  1959  7264 D ConnectivityService: ConnectivityService NetworkRequestInfo binderDied(NetworkRequest [ TRACK_DEFAULT id=1305, [ Capabilities: INTERNET&NOT_RESTRICTED&TRUSTED Uid: 10242] ], android.os.BinderProxy@902f407)
06-08 08:40:38.336  1959  7315 D ConnectivityService: ConnectivityService NetworkRequestInfo binderDied(NetworkRequest [ LISTEN id=1306, [ Capabilities: INTERNET&NOT_RESTRICTED&TRUSTED&FOREGROUND Uid: 10242] ], android.os.BinderProxy@1063934)
06-08 08:40:38.336  1959  3621 I ActivityManager: Process com.google.android.youtube (pid 13343) has died: cch+15 CEM 
06-08 08:40:38.337  1959  2257 D ConnectivityService: releasing NetworkRequest [ TRACK_DEFAULT id=1305, [ Capabilities: INTERNET&NOT_RESTRICTED&TRUSTED Uid: 10242] ] (release request)
06-08 08:40:38.531  1959  7315 I ActivityManager: Process com.google.android.apps.wellbeing (pid 13037) has died: cch+35 CEM 
06-08 08:40:38.552  1959  2606 I ActivityManager: Process android.process.acore (pid 12996) has died: cch+25 CEM 
06-08 08:40:46.903  1959  2078 I ActivityManager: Start proc 13839:com.google.android.googlequicksearchbox:search/u0a129 for service {com.google.android.googlequicksearchbox/com.google.android.apps.gsa.publicsearch.PublicSearchService}
06-08 08:40:48.627  1959  2078 I ActivityManager: Start proc 13892:com.google.process.gapps/u0a122 for content provider {com.google.android.gsf/com.google.android.gsf.settings.GoogleSettingsProvider}
06-08 08:40:49.200  1959  3634 W ProcessStats: Tracking association SourceState{25b77d0 com.google.android.gms.persistent/10122 ImpFg #202803} whose proc state 2 is better than process ProcessState{8867f1f com.google.android.gms/10122 pkg=com.google.android.gms} proc state 3 (46 skipped)
06-08 08:40:54.628  1959  2078 I ActivityManager: Start proc 13943:com.google.android.apps.turbo/u0a195 for broadcast {com.google.android.apps.turbo/com.google.android.apps.turbo.nudges.broadcasts.BatteryStatusChangedReceiver}
06-08 08:40:54.631  1959  2088 E BatteryExternalStatsWorker: no controller energy info supplied for wifi
06-08 08:40:54.631  1959  2088 E BatteryExternalStatsWorker: no controller energy info supplied for bluetooth
06-08 08:41:03.396  1959  4369 W ProcessStats: Tracking association SourceState{25b77d0 com.google.android.gms.persistent/10122 ImpFg #202860} whose proc state 2 is better than process ProcessState{8867f1f com.google.android.gms/10122 pkg=com.google.android.gms} proc state 3 (51 skipped)
06-08 08:41:10.154  1959  2078 I ActivityManager: Start proc 13999:com.google.android.youtube/u0a242 for service {com.google.android.youtube/androidx.work.impl.background.systemjob.SystemJobService}
06-08 08:41:11.187  1959  6083 D ConnectivityService: requestNetwork for uid/pid:10242/13999 NetworkRequest [ TRACK_DEFAULT id=1308, [ Capabilities: INTERNET&NOT_RESTRICTED&TRUSTED Uid: 10242] ]
06-08 08:41:11.771  1959  6083 D ConnectivityService: requestNetwork for uid/pid:10242/13999 NetworkRequest [ TRACK_DEFAULT id=1310, [ Capabilities: INTERNET&NOT_RESTRICTED&TRUSTED Uid: 10242] ]
06-08 08:41:11.970  1959  2257 D ConnectivityService: releasing NetworkRequest [ TRACK_DEFAULT id=1310, [ Capabilities: INTERNET&NOT_RESTRICTED&TRUSTED Uid: 10242] ] (release request)
06-08 08:41:58.918  1959  2078 I ActivityManager: Start proc 14194:com.qualcomm.qcrilmsgtunnel/1001 for service {com.qualcomm.qcrilmsgtunnel/com.qualcomm.qcrilmsgtunnel.QcrilMsgTunnelService}
06-08 08:41:59.428  1959  2338 W ActivityManager: Receiver with filter android.content.IntentFilter@7b2fc44 already registered for pid 2663, callerPackage is com.qti.qualcomm.datastatusnotification
06-08 08:42:11.553  1959  2088 E BatteryExternalStatsWorker: no controller energy info supplied for wifi
06-08 08:42:11.553  1959  2088 E BatteryExternalStatsWorker: no controller energy info supplied for bluetooth
06-08 08:42:15.780  1959  2105 V DisplayPowerController: Brightness [6] reason changing to: 'automatic [ dim ]', previous reason: 'automatic'.
06-08 08:42:22.772  1959  2105 I PowerManagerService: Going to sleep due to timeout (uid 1000)...
06-08 08:42:22.774  1959  1959 W UsageStatsService: Event reported without a package name, eventType:16
06-08 08:42:22.933  1959  2105 V DisplayPowerController: Brightness [33] reason changing to: 'automatic', previous reason: 'automatic [ dim ]'.
06-08 08:42:23.367  1959  2105 I DisplayPowerController: Blocking screen off
06-08 08:42:23.369  1959  2105 I DisplayPowerController: Unblocked screen off after 1 ms
06-08 08:42:23.402  1959  2105 D ActivityTaskManager: Top Process State changed to PROCESS_STATE_TOP_SLEEPING
06-08 08:42:23.436  1959  2105 V DisplayPowerController: Brightness [0] reason changing to: 'screen_off', previous reason: 'automatic'.
06-08 08:42:23.438  1959  2067 I DisplayManagerService: Display device changed state: "Built-in Screen", OFF
06-08 08:42:23.723  1959  2105 I DreamManagerService: Entering dreamland.
06-08 08:42:23.724  1959  2105 I PowerManagerService: Dozing...
06-08 08:42:23.724  1959  2064 I DreamController: Starting dream: name=ComponentInfo{com.android.systemui/com.android.systemui.doze.DozeService}, isTest=false, canDoze=true, userId=0
06-08 08:42:23.839  1959  1959 V AppLockService_AppLock: ACTION_SCREEN_OFF
06-08 08:42:23.839  1959  1959 V AppLockService_AppLock: clearOpenedAppsList()
06-08 08:42:23.839  1959  1959 V AppLockService: stopBiometricPrompt()
06-08 08:42:23.839  1959  1959 V AppLockService_AppLock: fallbackToHomeActivity()
06-08 08:42:23.878  1959  2078 I ActivityManager: Start proc 14248:com.instagram.android/u0a192 for broadcast {com.instagram.android/com.instagram.analytics.uploadscheduler.AnalyticsUploadAlarmReceiver}
06-08 08:42:23.915  1959  2067 W UsageStatsService: Event reported without a package name, eventType:17
06-08 08:42:24.039  1959  1959 V FingerprintService: startAuthentication(com.android.systemui)
06-08 08:42:24.039  1959  1959 V FingerprintService: starting client AuthenticationClientImpl(com.android.systemui) targetUserId: 0 currentUserId: 0 cookie: 0/0
06-08 08:42:24.106  1959  1959 W FingerprintService: client com.android.systemui is authenticating...
06-08 08:42:24.106  1959  1959 V FingerprintService: Acquired: 6 21
06-08 08:42:24.107  2317  2317 W FingerprintManager: Invalid acquired message: 6, 21
06-08 08:42:26.892  1959  2606 W ActivityManager: Background start not allowed: service Intent { act=Orca.START cmp=com.instagram.android/com.facebook.rti.push.service.FbnsService (has extras) } to com.instagram.android/com.facebook.rti.push.service.FbnsService from pid=14248 uid=10192 pkg=com.instagram.android startFg?=false
06-08 08:42:26.940  1959  2078 I ActivityManager: Start proc 14401:com.instagram.android:mqtt/u0a192 for service {com.instagram.android/com.facebook.rti.push.service.FbnsService}
06-08 08:42:26.954  1959  9158 W ActivityManager: Background start not allowed: service Intent { act=Orca.START cmp=com.instagram.android/com.facebook.rti.push.service.FbnsService (has extras) } to com.instagram.android/com.facebook.rti.push.service.FbnsService from pid=14248 uid=10192 pkg=com.instagram.android startFg?=false
06-08 08:42:30.626  1959  2606 W NotificationService: Toast already killed. pkg=com.ricediseaseprediction callback=android.app.ITransientNotification$Stub$Proxy@3041992
06-08 08:42:48.810  1959  1959 W WindowManager: removeWindowToken: Attempted to remove non-existing token: android.os.Binder@891623d
06-08 08:43:10.743  1959  2064 W Looper  : Slow dispatch took 364ms android.fg h=android.os.Handler c=com.android.server.-$$Lambda$LocationManagerService$1$HAAnoF9DI9FvCHK_geH89--2z2I@544998c m=0
06-08 08:43:22.245  1959  1959 V FingerprintService: Acquired: 6 22
06-08 08:43:22.246  2317  2317 W FingerprintManager: Invalid acquired message: 6, 22
06-08 08:43:22.431  1959  1959 V FingerprintService: Acquired: 0 0
06-08 08:43:22.432  1959  1959 V BiometricStats: Authentication latency: 1
06-08 08:43:22.432  1959  1959 V FingerprintService: onAuthenticated(true), ID:-343899744, Owner: com.android.systemui, isBP: false, listener: com.android.server.biometrics.fingerprint.FingerprintService$ServiceListenerImpl@f3e8d51, requireConfirmation: false, user: 0
06-08 08:43:22.442  1959  1959 V FingerprintService: Done with client: com.android.systemui
06-08 08:43:22.473  1959  2606 I PowerManagerService: Waking up from Dozing (uid=10177, reason=WAKE_REASON_GESTURE, details=android.policy:BIOMETRIC)...
06-08 08:43:22.473  1959  1959 W UsageStatsService: Event reported without a package name, eventType:15
06-08 08:43:22.495  1959  2105 I DisplayPowerController: Blocking screen on until initial contents have been drawn.
06-08 08:43:22.508  1959  2105 V DisplayPowerController: Brightness [33] reason changing to: 'manual', previous reason: 'screen_off'.
06-08 08:43:22.509  1959  2067 I DisplayManagerService: Display device changed state: "Built-in Screen", ON
06-08 08:43:22.573  1959  9158 D ActivityTaskManager: Top Process State changed to PROCESS_STATE_TOP
06-08 08:43:22.622  1959  2606 V AppLockService: setForegroundApp(com.ricediseaseprediction)
06-08 08:43:22.625  1959  2088 E BatteryExternalStatsWorker: no controller energy info supplied for wifi
06-08 08:43:22.625  1959  2088 E BatteryExternalStatsWorker: no controller energy info supplied for bluetooth
06-08 08:43:22.669  1959  2078 I ActivityManager: Start proc 14528:com.android.cellbroadcastreceiver/u0a130 for broadcast {com.android.cellbroadcastreceiver/com.android.cellbroadcastreceiver.CellBroadcastReceiver}
06-08 08:43:22.695  1959  2105 V DisplayPowerController: Brightness [35] reason changing to: 'automatic', previous reason: 'manual'.
06-08 08:43:22.696  1959  2105 I DisplayPowerController: Unblocked screen on after 201 ms
06-08 08:43:22.698  1959  2105 W PowerManagerService: Screen on took 226 ms
06-08 08:43:22.698  1959  2105 I DreamManagerService: Gently waking up from dream.
06-08 08:43:22.698  1959  2064 I DreamManagerService: Performing gentle wake from dream.
06-08 08:43:22.702  1959  2067 W UsageStatsService: Event reported without a package name, eventType:18
06-08 08:43:22.732  1959  2338 I DreamManagerService: Leaving dreamland.
06-08 08:43:22.732  1959  2064 I DreamManagerService: Performing gentle wake from dream.
06-08 08:43:22.732  1959  2064 I DreamController: Stopping dream: name=ComponentInfo{com.android.systemui/com.android.systemui.doze.DozeService}, isTest=false, canDoze=true, userId=0
06-08 08:43:22.738  1959  6083 W ActivityManager: Background start not allowed: service Intent { act=Orca.START cmp=com.instagram.android/com.facebook.rti.push.service.FbnsService (has extras) } to com.instagram.android/com.facebook.rti.push.service.FbnsService from pid=14248 uid=10192 pkg=com.instagram.android startFg?=false
06-08 08:43:23.061  1959  6083 I ActivityTaskManager: START u0 {flg=0x10000000 cmp=com.michatapp.im/com.michatapp.contacts.ContactAlertDesktopActivity (has extras)} from uid 10229
06-08 08:43:23.061  1959  6083 W ActivityTaskManager: Background activity start [callingPackage: com.michatapp.im; callingUid: 10229; isCallingUidForeground: false; isCallingUidPersistentSystemProcess: false; realCallingUid: 10229; isRealCallingUidForeground: false; isRealCallingUidPersistentSystemProcess: false; originatingPendingIntent: null; isBgStartWhitelisted: false; intent: Intent { flg=0x10000000 cmp=com.michatapp.im/com.michatapp.contacts.ContactAlertDesktopActivity (has extras) }; callerApp: ProcessRecord{2b86826 15026:com.michatapp.im/u0a229}]
06-08 08:43:23.146  1959  6083 I ActivityTaskManager: START u0 {act=android.content.pm.action.REQUEST_PERMISSIONS pkg=com.android.permissioncontroller cmp=com.android.permissioncontroller/com.android.packageinstaller.permission.ui.GrantPermissionsActivity (has extras)} from uid 10252
06-08 08:43:23.263  1959  9158 V AppLockService: setForegroundApp(com.android.permissioncontroller)
06-08 08:43:23.271  1959  6083 W BroadcastQueue: Background execution not allowed: receiving Intent { act=android.intent.action.USER_PRESENT flg=0x24200010 } to com.android.chrome/org.chromium.chrome.browser.sharing.click_to_call.ClickToCallMessageHandler$PhoneUnlockedReceiver
06-08 08:43:23.277  1959  2077 W BroadcastQueue: Background execution not allowed: receiving Intent { act=android.intent.action.USER_PRESENT flg=0x24200010 } to com.google.android.gms/.auth.setup.devicesignals.LockScreenReceiver
06-08 08:43:23.277  1959  2077 W BroadcastQueue: Background execution not allowed: receiving Intent { act=android.intent.action.USER_PRESENT flg=0x24200010 } to com.google.android.gms/.chimera.GmsIntentOperationService$PersistentTrustedReceiver
06-08 08:43:23.278  1959  2077 W BroadcastQueue: Background execution not allowed: receiving Intent { act=android.intent.action.USER_PRESENT flg=0x24200010 } to com.instagram.android/com.instagram.push.FbnsInitBroadcastReceiver
06-08 08:43:23.278  1959  2077 W BroadcastQueue: Background execution not allowed: receiving Intent { act=android.intent.action.USER_PRESENT flg=0x24200010 } to com.michatapp.im/com.zenmen.palmchat.messaging.PhoneStateChangeReceiver
06-08 08:43:23.291  1959  9158 V AppLockService: setForegroundApp(com.ricediseaseprediction)
06-08 08:43:50.274  1959  2338 I ActivityManager: Process com.google.android.apps.turbo (pid 13943) has died: cch+55 CEM 
06-08 08:43:50.299  1959  4369 I ActivityManager: Process com.instagram.android (pid 14248) has died: cch+35 CEM 
06-08 08:43:50.882  1959  3620 D ConnectivityService: ConnectivityService NetworkRequestInfo binderDied(NetworkRequest [ TRACK_DEFAULT id=1308, [ Capabilities: INTERNET&NOT_RESTRICTED&TRUSTED Uid: 10242] ], android.os.BinderProxy@7b2d588)
06-08 08:43:50.882  1959  3884 D ConnectivityService: ConnectivityService NetworkRequestInfo binderDied(NetworkRequest [ LISTEN id=1309, [ Capabilities: INTERNET&NOT_RESTRICTED&TRUSTED&FOREGROUND Uid: 10242] ], android.os.BinderProxy@3648b21)
06-08 08:43:50.883  1959  2257 D ConnectivityService: releasing NetworkRequest [ TRACK_DEFAULT id=1308, [ Capabilities: INTERNET&NOT_RESTRICTED&TRUSTED Uid: 10242] ] (release request)
06-08 08:43:50.884  1959  4680 I ActivityManager: Process com.google.android.youtube (pid 13999) has died: cch+35 CEM 
06-08 08:43:50.981  1959  5442 I ActivityManager: Process com.android.permissioncontroller (pid 13576) has died: cch+5 CEM 
06-08 08:43:51.003  1959  8215 I ActivityManager: Process com.google.process.gapps (pid 13892) has died: cch+25 CEM 
06-08 08:43:51.017  1959  8254 I ActivityManager: Process com.google.android.googlequicksearchbox:search (pid 13839) has died: svcb SVC 
06-08 08:43:51.018  1959  8254 W ActivityManager: Scheduling restart of crashed service com.google.android.googlequicksearchbox/com.google.android.apps.gsa.shared.util.keepalive.StandaloneKeepAlive$KeepAliveService in 1000ms
06-08 08:43:51.048  1959  8215 I ActivityManager: Process com.android.cellbroadcastreceiver (pid 14528) has died: cch+5 CEM 
06-08 08:43:51.052  1959  8254 I ActivityManager: Process com.google.process.gservices (pid 12733) has died: prev LAST
06-08 08:43:51.076  1959  5442 I ActivityManager: Process com.instagram.android:mqtt (pid 14401) has died: cch+5 CEM 
06-08 08:43:51.093  1959  3884 I ActivityManager: Process com.google.android.gms (pid 12846) has died: svc SVC 
06-08 08:43:51.096  1959  4680 D ConnectivityService: ConnectivityService NetworkRequestInfo binderDied(NetworkRequest [ LISTEN id=1311, [ Transports: WIFI Capabilities: NOT_RESTRICTED&TRUSTED&NOT_VPN Uid: 10122] ], android.os.BinderProxy@b97b46)
06-08 08:43:51.102  1959  3857 E WifiMulticastLockManager: Multicaster binderDied
06-08 08:43:51.107  1959  3884 W ActivityManager: Scheduling restart of crashed service com.google.android.gms/.cast.service.CastPersistentService in 10911ms
06-08 08:43:51.153  1959  2032 I ActivityManager: Process com.drilens.wamr:notificationl (pid 13106) has died: prcl BFGS
06-08 08:43:51.153  1959  1959 V NotificationListeners: 0 notification listener connection lost: ComponentInfo{com.drilens.wamr/com.drilens.wamr.NotificationListener}
06-08 08:43:51.154  1959  5442 D NotificationListeners: Removing active service ComponentInfo{com.drilens.wamr/com.drilens.wamr.NotificationListener}
06-08 08:43:51.154  1959  2032 W ActivityManager: Scheduling restart of crashed service com.drilens.wamr/.NotificationListener in 20864ms
06-08 08:43:51.194  1959  3857 D ConnectivityService: ConnectivityService NetworkRequestInfo binderDied(NetworkRequest [ LISTEN id=1304, [ Capabilities: INTERNET&NOT_RESTRICTED&TRUSTED&FOREGROUND Uid: 10212] ], android.os.BinderProxy@ad0107)
06-08 08:43:51.194  1959  3621 D ConnectivityService: ConnectivityService NetworkRequestInfo binderDied(NetworkRequest [ TRACK_DEFAULT id=1303, [ Capabilities: INTERNET&NOT_RESTRICTED&TRUSTED Uid: 10212] ], android.os.BinderProxy@263c234)
06-08 08:43:51.195  1959  5442 I ActivityManager: Process com.google.android.inputmethod.latin (pid 13140) has died: prcp IMPB
06-08 08:43:51.195  1959  2257 D ConnectivityService: releasing NetworkRequest [ TRACK_DEFAULT id=1303, [ Capabilities: INTERNET&NOT_RESTRICTED&TRUSTED Uid: 10212] ] (release request)
06-08 08:43:51.196  1959  5442 W ActivityManager: Scheduling restart of crashed service com.google.android.inputmethod.latin/com.android.inputmethod.latin.LatinIME in 30823ms
06-08 08:43:51.210  1959  1959 W InputMethodManagerService: Session failed to close due to remote exception
06-08 08:43:51.210  1959  1959 W InputMethodManagerService: android.os.DeadObjectException
06-08 08:43:51.210  1959  1959 W InputMethodManagerService: 	at android.os.BinderProxy.transactNative(Native Method)
06-08 08:43:51.210  1959  1959 W InputMethodManagerService: 	at android.os.BinderProxy.transact(BinderProxy.java:511)
06-08 08:43:51.210  1959  1959 W InputMethodManagerService: 	at com.android.internal.view.IInputMethodSession$Stub$Proxy.finishSession(IInputMethodSession.java:419)
06-08 08:43:51.210  1959  1959 W InputMethodManagerService: 	at com.android.server.inputmethod.InputMethodManagerService.finishSessionLocked(InputMethodManagerService.java:2371)
06-08 08:43:51.210  1959  1959 W InputMethodManagerService: 	at com.android.server.inputmethod.InputMethodManagerService.clearClientSessionLocked(InputMethodManagerService.java:2362)
06-08 08:43:51.210  1959  1959 W InputMethodManagerService: 	at com.android.server.inputmethod.InputMethodManagerService.clearCurMethodLocked(InputMethodManagerService.java:2389)
06-08 08:43:51.210  1959  1959 W InputMethodManagerService: 	at com.android.server.inputmethod.InputMethodManagerService.onServiceDisconnected(InputMethodManagerService.java:2416)
06-08 08:43:51.210  1959  1959 W InputMethodManagerService: 	at android.app.LoadedApk$ServiceDispatcher.doDeath(LoadedApk.java:1972)
06-08 08:43:51.210  1959  1959 W InputMethodManagerService: 	at android.app.LoadedApk$ServiceDispatcher$RunConnection.run(LoadedApk.java:1987)
06-08 08:43:51.210  1959  1959 W InputMethodManagerService: 	at android.os.Handler.handleCallback(Handler.java:883)
06-08 08:43:51.210  1959  1959 W InputMethodManagerService: 	at android.os.Handler.dispatchMessage(Handler.java:100)
06-08 08:43:51.210  1959  1959 W InputMethodManagerService: 	at android.os.Looper.loop(Looper.java:214)
06-08 08:43:51.210  1959  1959 W InputMethodManagerService: 	at com.android.server.SystemServer.run(SystemServer.java:571)
06-08 08:43:51.210  1959  1959 W InputMethodManagerService: 	at com.android.server.SystemServer.main(SystemServer.java:382)
06-08 08:43:51.210  1959  1959 W InputMethodManagerService: 	at java.lang.reflect.Method.invoke(Native Method)
06-08 08:43:51.210  1959  1959 W InputMethodManagerService: 	at com.android.internal.os.RuntimeInit$MethodAndArgsCaller.run(RuntimeInit.java:491)
06-08 08:43:51.210  1959  1959 W InputMethodManagerService: 	at com.android.internal.os.ZygoteInit.main(ZygoteInit.java:903)
06-08 08:43:51.211  1959  1959 I chatty  : uid=1000 system_server identical 1 line
06-08 08:43:51.212  1959  1959 W InputMethodManagerService: Session failed to close due to remote exception
06-08 08:43:51.212  1959  1959 W InputMethodManagerService: android.os.DeadObjectException
06-08 08:43:51.212  1959  1959 W InputMethodManagerService: 	at android.os.BinderProxy.transactNative(Native Method)
06-08 08:43:51.212  1959  1959 W InputMethodManagerService: 	at android.os.BinderProxy.transact(BinderProxy.java:511)
06-08 08:43:51.212  1959  1959 W InputMethodManagerService: 	at com.android.internal.view.IInputMethodSession$Stub$Proxy.finishSession(IInputMethodSession.java:419)
06-08 08:43:51.212  1959  1959 W InputMethodManagerService: 	at com.android.server.inputmethod.InputMethodManagerService.finishSessionLocked(InputMethodManagerService.java:2371)
06-08 08:43:51.212  1959  1959 W InputMethodManagerService: 	at com.android.server.inputmethod.InputMethodManagerService.clearClientSessionLocked(InputMethodManagerService.java:2362)
06-08 08:43:51.212  1959  1959 W InputMethodManagerService: 	at com.android.server.inputmethod.InputMethodManagerService.clearCurMethodLocked(InputMethodManagerService.java:2389)
06-08 08:43:51.212  1959  1959 W InputMethodManagerService: 	at com.android.server.inputmethod.InputMethodManagerService.onServiceDisconnected(InputMethodManagerService.java:2416)
06-08 08:43:51.212  1959  1959 W InputMethodManagerService: 	at android.app.LoadedApk$ServiceDispatcher.doDeath(LoadedApk.java:1972)
06-08 08:43:51.212  1959  1959 W InputMethodManagerService: 	at android.app.LoadedApk$ServiceDispatcher$RunConnection.run(LoadedApk.java:1987)
06-08 08:43:51.212  1959  1959 W InputMethodManagerService: 	at android.os.Handler.handleCallback(Handler.java:883)
06-08 08:43:51.212  1959  1959 W InputMethodManagerService: 	at android.os.Handler.dispatchMessage(Handler.java:100)
06-08 08:43:51.212  1959  1959 W InputMethodManagerService: 	at android.os.Looper.loop(Looper.java:214)
06-08 08:43:51.212  1959  1959 W InputMethodManagerService: 	at com.android.server.SystemServer.run(SystemServer.java:571)
06-08 08:43:51.212  1959  1959 W InputMethodManagerService: 	at com.android.server.SystemServer.main(SystemServer.java:382)
06-08 08:43:51.212  1959  1959 W InputMethodManagerService: 	at java.lang.reflect.Method.invoke(Native Method)
06-08 08:43:51.212  1959  1959 W InputMethodManagerService: 	at com.android.internal.os.RuntimeInit$MethodAndArgsCaller.run(RuntimeInit.java:491)
06-08 08:43:51.212  1959  1959 W InputMethodManagerService: 	at com.android.internal.os.ZygoteInit.main(ZygoteInit.java:903)
06-08 08:43:51.281  1959  5442 I ActivityManager: Process com.ttxapps.wifiadb (pid 13253) has died: prcp FGS 
06-08 08:43:51.282  1959  5442 W ActivityManager: Scheduling restart of crashed service com.ttxapps.wifiadb/.NetworkMonitorService in 40737ms
06-08 08:43:51.328  1959  4070 D ConnectivityService: ConnectivityService NetworkRequestInfo binderDied(NetworkRequest [ LISTEN id=1301, [ Capabilities: NOT_RESTRICTED Uid: 10122] ], android.os.BinderProxy@cc27d59)
06-08 08:43:51.329  1959  3620 I ActivityManager: Process com.google.android.gms.persistent (pid 12700) has died: vis BFGS
06-08 08:43:51.332  1959  3620 W ActivityManager: Scheduling restart of crashed service com.google.android.gms/com.google.android.location.network.NetworkLocationService in 50688ms
06-08 08:43:51.332  1959  3620 W ActivityManager: Scheduling restart of crashed service com.google.android.gms/.gcm.GcmService in 60688ms
06-08 08:43:51.332  1959  3620 W ActivityManager: Scheduling restart of crashed service com.google.android.gms/.auth.setup.devicesignals.LockScreenService in 70688ms
06-08 08:43:51.332  1959  3620 W ActivityManager: Scheduling restart of crashed service com.google.android.gms/.nearby.sharing.ReceiveSurfaceService in 80688ms
06-08 08:43:51.332  1959  3620 W ActivityManager: Scheduling restart of crashed service com.google.android.gms/.tron.CollectionService in 90688ms
06-08 08:43:51.332  1959  3620 W ActivityManager: Scheduling restart of crashed service com.google.android.gms/com.google.android.location.internal.server.HardwareArProviderService in 100688ms
06-08 08:43:51.332  1959  3620 W ActivityManager: Scheduling restart of crashed service com.google.android.gms/com.google.android.location.internal.server.GoogleLocationService in 110688ms
06-08 08:43:51.332  1959  3620 W ActivityManager: Scheduling restart of crashed service com.google.android.gms/com.google.android.location.internal.GoogleLocationManagerService in 120688ms
06-08 08:43:51.332  1959  3620 W ActivityManager: Scheduling restart of crashed service com.google.android.gms/com.google.android.location.fused.FusedLocationService in 130688ms
06-08 08:43:51.333  1959  3620 W ActivityManager: Scheduling restart of crashed service com.google.android.gms/com.google.android.location.geocode.GeocodeService in 140687ms
06-08 08:43:51.333  1959  3620 W ActivityManager: Scheduling restart of crashed service com.google.android.gms/.auth.trustagent.GoogleTrustAgent in 150687ms
06-08 08:43:51.333  1959  3620 W ActivityManager: Scheduling restart of crashed service com.google.android.gms/com.google.android.contextmanager.service.ContextManagerService in 160687ms
06-08 08:43:51.342  1959  2077 W BroadcastQueue: Background execution not allowed: receiving Intent { act=android.location.PROVIDERS_CHANGED flg=0x10 (has extras) } to com.google.android.apps.maps/com.google.android.apps.gmm.locationsharing.usr.LocationAvailabilityChecker$LocationProvidersChangedBroadcastReceiver
06-08 08:43:51.342  1959  2077 W BroadcastQueue: Background execution not allowed: receiving Intent { act=android.location.PROVIDERS_CHANGED flg=0x10 (has extras) } to com.google.android.gms/.chimera.GmsIntentOperationService$PersistentTrustedReceiver
06-08 08:43:51.342  1959  2077 W BroadcastQueue: Background execution not allowed: receiving Intent { act=android.location.PROVIDERS_CHANGED flg=0x10 (has extras) } to com.google.android.googlequicksearchbox/com.google.android.apps.gsa.broadcastreceiver.external.ExternalCommonBroadcastReceiver
06-08 08:43:51.359  1959  4314 W ActivityManager: Unable to start service Intent { act=com.qti.izat.xt.srv cmp=com.qualcomm.location.XT/.XTSrv (has extras) } U=0: not found
06-08 08:43:51.375  1959  3620 I ActivityManager: Process com.google.android.googlequicksearchbox:interactor (pid 12761) has died: vis FGSL
06-08 08:43:51.376  1959  3620 W ActivityManager: Scheduling restart of crashed service com.google.android.googlequicksearchbox/com.google.android.voiceinteraction.GsaVoiceInteractionService in 170644ms
06-08 08:43:51.410  1959  3884 I ActivityManager: Process com.android.launcher3 (pid 12628) has died: vis BFGS
06-08 08:43:51.411  1959  2435 D NotificationListeners: Removing active service ComponentInfo{com.android.launcher3/com.android.launcher3.notification.NotificationListener}
06-08 08:43:51.411  1959  1959 V NotificationListeners: 0 notification listener connection lost: ComponentInfo{com.android.launcher3/com.android.launcher3.notification.NotificationListener}
06-08 08:43:51.425  1959  3884 W ActivityManager: Scheduling restart of crashed service com.android.launcher3/.notification.NotificationListener in 180595ms
06-08 08:43:51.425  1959  4070 I WindowManager: WIN DEATH: Window{cb8b1b6 u0 com.android.launcher3/com.android.launcher3.shady.ShadyLauncher}
06-08 08:43:51.437  1959  3884 W ActivityManager: Scheduling restart of crashed service com.android.launcher3/com.android.quickstep.TouchInteractionService in 190583ms
06-08 08:43:51.440  1959  2067 W ActivityManager: setHasOverlayUi called on unknown pid: 12628
06-08 08:43:51.489  1959  2078 I ActivityManager: Start proc 14779:com.android.launcher3/u0a176 for service {com.android.launcher3/com.android.quickstep.TouchInteractionService}
06-08 08:43:51.901  1959  3884 I WindowManager: WIN DEATH: Window{464c7e9 u0 com.ricediseaseprediction/com.ricediseaseprediction.MainActivity}
06-08 08:43:51.902  1959  7353 I ActivityManager: Process com.ricediseaseprediction (pid 13498) has died: fore TOP 
06-08 08:43:51.905  1959  5442 I WindowManager: WIN DEATH: Window{1fb3f5f u0 com.ricediseaseprediction/com.ricediseaseprediction.MainActivity}
06-08 08:43:51.909  1959  3858 I WindowManager: WIN DEATH: Window{4a5004 u0 com.ricediseaseprediction/com.ricediseaseprediction.MainActivity}
06-08 08:43:51.915  1959  7353 W ActivityTaskManager: Force removing ActivityRecord{6b1094c u0 com.ricediseaseprediction/.MainActivity t1676}: app died, no saved state
06-08 08:43:51.952  1959  2067 W ActivityManager: setHasOverlayUi called on unknown pid: 13498
06-08 08:43:52.035  1959  2078 I ActivityManager: Start proc 14831:com.google.android.googlequicksearchbox:search/u0a129 for service {com.google.android.googlequicksearchbox/com.google.android.apps.gsa.shared.util.keepalive.StandaloneKeepAlive$KeepAliveService}
06-08 08:43:52.122  1959  1959 V NotificationListeners: 0 notification listener service connected: ComponentInfo{com.android.launcher3/com.android.launcher3.notification.NotificationListener}
06-08 08:43:52.303  1959  7353 W ActivityManager: Stopping service due to app idle: u0a129 -29s553ms com.google.android.googlequicksearchbox/com.google.android.apps.gsa.shared.util.keepalive.StandaloneKeepAlive$KeepAliveService
06-08 08:43:52.668  1959  7353 V AppLockService: setForegroundApp(com.android.launcher3)
06-08 08:43:52.941  1959  1959 W ActivityManager: Unable to start service Intent { act=android.service.appprediction.AppPredictionService cmp=com.google.android.as/com.google.android.apps.miphone.aiai.app.AiAiPredictionService } U=0: not found
06-08 08:43:52.941  1959  1959 W RemoteAppPredictionService: could not bind to Intent { act=android.service.appprediction.AppPredictionService cmp=com.google.android.as/com.google.android.apps.miphone.aiai.app.AiAiPredictionService } using flags 67108865
06-08 08:43:52.946  1959  1959 W ActivityManager: Unable to start service Intent { act=android.service.appprediction.AppPredictionService cmp=com.google.android.as/com.google.android.apps.miphone.aiai.app.AiAiPredictionService } U=0: not found
06-08 08:43:52.946  1959  1959 W RemoteAppPredictionService: could not bind to Intent { act=android.service.appprediction.AppPredictionService cmp=com.google.android.as/com.google.android.apps.miphone.aiai.app.AiAiPredictionService } using flags 67108865
06-08 08:43:52.946  1959  1959 W ActivityManager: Unable to start service Intent { act=android.service.appprediction.AppPredictionService cmp=com.google.android.as/com.google.android.apps.miphone.aiai.app.AiAiPredictionService } U=0: not found
06-08 08:43:52.946  1959  1959 W RemoteAppPredictionService: could not bind to Intent { act=android.service.appprediction.AppPredictionService cmp=com.google.android.as/com.google.android.apps.miphone.aiai.app.AiAiPredictionService } using flags 67108865
06-08 08:43:52.946  1959  1959 W ActivityManager: Unable to start service Intent { act=android.service.appprediction.AppPredictionService cmp=com.google.android.as/com.google.android.apps.miphone.aiai.app.AiAiPredictionService } U=0: not found
06-08 08:43:52.946  1959  1959 W RemoteAppPredictionService: could not bind to Intent { act=android.service.appprediction.AppPredictionService cmp=com.google.android.as/com.google.android.apps.miphone.aiai.app.AiAiPredictionService } using flags 67108865
06-08 08:43:52.947  1959  1959 W ActivityManager: Unable to start service Intent { act=android.service.appprediction.AppPredictionService cmp=com.google.android.as/com.google.android.apps.miphone.aiai.app.AiAiPredictionService } U=0: not found
06-08 08:43:52.947  1959  1959 W RemoteAppPredictionService: could not bind to Intent { act=android.service.appprediction.AppPredictionService cmp=com.google.android.as/com.google.android.apps.miphone.aiai.app.AiAiPredictionService } using flags 67108865
06-08 08:43:52.947  1959  1959 W ActivityManager: Unable to start service Intent { act=android.service.appprediction.AppPredictionService cmp=com.google.android.as/com.google.android.apps.miphone.aiai.app.AiAiPredictionService } U=0: not found
06-08 08:43:52.947  1959  1959 W RemoteAppPredictionService: could not bind to Intent { act=android.service.appprediction.AppPredictionService cmp=com.google.android.as/com.google.android.apps.miphone.aiai.app.AiAiPredictionService } using flags 67108865
06-08 08:43:52.948  1959  1959 W ActivityManager: Unable to start service Intent { act=android.service.appprediction.AppPredictionService cmp=com.google.android.as/com.google.android.apps.miphone.aiai.app.AiAiPredictionService } U=0: not found
06-08 08:43:52.948  1959  1959 W RemoteAppPredictionService: could not bind to Intent { act=android.service.appprediction.AppPredictionService cmp=com.google.android.as/com.google.android.apps.miphone.aiai.app.AiAiPredictionService } using flags 67108865
06-08 08:43:53.660  1959  2078 I ActivityManager: Start proc 14880:com.google.android.gms.persistent/u0a122 for service {com.google.android.gms/com.google.android.gms.chimera.PersistentApiService}
06-08 08:43:53.767 14831 14831 I ActivityThread: handleStopService: token=android.os.BinderProxy@746d668 not found.
06-08 08:43:53.770  1959  9391 W ActivityManager: Service done with onDestroy, but executeNesting=2: ServiceRecord{4b0f5c6 u0 com.google.android.googlequicksearchbox/com.google.android.apps.gsa.shared.util.keepalive.StandaloneKeepAlive$KeepAliveService}
06-08 08:43:54.433  1959  2078 I ActivityManager: Start proc 14913:com.google.process.gservices/u0a122 for content provider {com.google.android.gsf/com.google.android.gsf.gservices.GservicesProvider}
06-08 08:43:54.628  1959  2078 I ActivityManager: Start proc 14942:com.google.android.googlequicksearchbox:interactor/u0a129 for service {com.google.android.googlequicksearchbox/com.google.android.apps.gsa.nga.engine.viss.NgaService}
06-08 08:43:54.725  1959  2078 I ActivityManager: Start proc 14967:com.google.process.gapps/u0a122 for content provider {com.google.android.gsf/com.google.android.gsf.settings.GoogleSettingsProvider}
06-08 08:43:55.209  1959  2078 I ActivityManager: Start proc 15018:com.google.android.gms/u0a122 for service {com.google.android.gms/com.google.android.gms.chimera.GmsBoundBrokerService}
06-08 08:43:55.268  1959  5442 D ConnectivityService: requestNetwork for uid/pid:10129/14831 NetworkRequest [ TRACK_DEFAULT id=1312, [ Capabilities: INTERNET&NOT_RESTRICTED&TRUSTED Uid: 10129] ]
06-08 08:43:55.902  1959  2077 W BroadcastQueue: Background execution not allowed: receiving Intent { act=android.location.PROVIDERS_CHANGED flg=0x10 (has extras) } to com.google.android.apps.maps/com.google.android.apps.gmm.locationsharing.usr.LocationAvailabilityChecker$LocationProvidersChangedBroadcastReceiver
06-08 08:43:55.902  1959  2077 W BroadcastQueue: Background execution not allowed: receiving Intent { act=android.location.PROVIDERS_CHANGED flg=0x10 (has extras) } to com.google.android.gms/.chimera.GmsIntentOperationService$PersistentTrustedReceiver
06-08 08:43:55.902  1959  2077 W BroadcastQueue: Background execution not allowed: receiving Intent { act=android.location.PROVIDERS_CHANGED flg=0x10 (has extras) } to com.google.android.googlequicksearchbox/com.google.android.apps.gsa.broadcastreceiver.external.ExternalCommonBroadcastReceiver
06-08 08:43:55.903  1959  4314 W ActivityManager: Unable to start service Intent { act=com.qti.izat.xt.srv cmp=com.qualcomm.location.XT/.XTSrv (has extras) } U=0: not found
06-08 08:43:56.040 14942 14942 W KeyphraseEnrollmentInfo: No enrollment application supports the given keyphrase/locale: 'null'/en_GB
06-08 08:43:56.040 14942 14942 W KeyphraseEnrollmentInfo: No enrollment application supports the given keyphrase/locale: 'X Google'/en_GB
06-08 08:43:56.049 14942 14942 I chatty  : uid=10129(com.google.android.googlequicksearchbox) identical 1 line
06-08 08:43:56.049 14942 14942 W KeyphraseEnrollmentInfo: No enrollment application supports the given keyphrase/locale: 'X Google'/en_GB
