--------- beginning of crash
06-06 21:30:52.634  3417  3417 E AndroidRuntime: FATAL EXCEPTION: main
06-06 21:30:52.634  3417  3417 E AndroidRuntime: Process: com.ido.dongha_ls, PID: 3417
06-06 21:30:52.634  3417  3417 E AndroidRuntime: java.lang.RuntimeException: Unable to create application com.ido.dongha_ls.DongHaLSApplication: java.lang.IllegalArgumentException: invalid provider: null
06-06 21:30:52.634  3417  3417 E AndroidRuntime: 	at android.app.ActivityThread.handleBindApplication(ActivityThread.java:6465)
06-06 21:30:52.634  3417  3417 E AndroidRuntime: 	at android.app.ActivityThread.access$1300(ActivityThread.java:219)
06-06 21:30:52.634  3417  3417 E AndroidRuntime: 	at android.app.ActivityThread$H.handleMessage(ActivityThread.java:1859)
06-06 21:30:52.634  3417  3417 E AndroidRuntime: 	at android.os.Handler.dispatchMessage(Handler.java:107)
06-06 21:30:52.634  3417  3417 E AndroidRuntime: 	at android.os.Looper.loop(Looper.java:214)
06-06 21:30:52.634  3417  3417 E AndroidRuntime: 	at android.app.ActivityThread.main(ActivityThread.java:7356)
06-06 21:30:52.634  3417  3417 E AndroidRuntime: 	at java.lang.reflect.Method.invoke(Native Method)
06-06 21:30:52.634  3417  3417 E AndroidRuntime: 	at com.android.internal.os.RuntimeInit$MethodAndArgsCaller.run(RuntimeInit.java:491)
06-06 21:30:52.634  3417  3417 E AndroidRuntime: 	at com.android.internal.os.ZygoteInit.main(ZygoteInit.java:925)
06-06 21:30:52.634  3417  3417 E AndroidRuntime: Caused by: java.lang.IllegalArgumentException: invalid provider: null
06-06 21:30:52.634  3417  3417 E AndroidRuntime: 	at android.location.LocationManager.checkProvider(LocationManager.java:2354)
06-06 21:30:52.634  3417  3417 E AndroidRuntime: 	at android.location.LocationManager.getLastKnownLocation(LocationManager.java:1441)
06-06 21:30:52.634  3417  3417 E AndroidRuntime: 	at com.ido.dongha_ls.presentercards.LocationPersenter.initLocation(LocationPersenter.java:86)
06-06 21:30:52.634  3417  3417 E AndroidRuntime: 	at com.ido.dongha_ls.presentercards.LocationPersenter.startLocation(LocationPersenter.java:134)
06-06 21:30:52.634  3417  3417 E AndroidRuntime: 	at com.ido.dongha_ls.DongHaLSApplication.d(DongHaLSApplication.java:169)
06-06 21:30:52.634  3417  3417 E AndroidRuntime: 	at com.ido.dongha_ls.DongHaLSApplication.onCreate(DongHaLSApplication.java:77)
06-06 21:30:52.634  3417  3417 E AndroidRuntime: 	at android.app.Instrumentation.callApplicationOnCreate(Instrumentation.java:1190)
06-06 21:30:52.634  3417  3417 E AndroidRuntime: 	at android.app.ActivityThread.handleBindApplication(ActivityThread.java:6460)
06-06 21:30:52.634  3417  3417 E AndroidRuntime: 	... 8 more
06-06 21:30:57.259  3912  3912 E AndroidRuntime: FATAL EXCEPTION: main
06-06 21:30:57.259  3912  3912 E AndroidRuntime: Process: com.ido.dongha_ls, PID: 3912
06-06 21:30:57.259  3912  3912 E AndroidRuntime: java.lang.RuntimeException: Unable to create application com.ido.dongha_ls.DongHaLSApplication: java.lang.IllegalArgumentException: invalid provider: null
06-06 21:30:57.259  3912  3912 E AndroidRuntime: 	at android.app.ActivityThread.handleBindApplication(ActivityThread.java:6465)
06-06 21:30:57.259  3912  3912 E AndroidRuntime: 	at android.app.ActivityThread.access$1300(ActivityThread.java:219)
06-06 21:30:57.259  3912  3912 E AndroidRuntime: 	at android.app.ActivityThread$H.handleMessage(ActivityThread.java:1859)
06-06 21:30:57.259  3912  3912 E AndroidRuntime: 	at android.os.Handler.dispatchMessage(Handler.java:107)
06-06 21:30:57.259  3912  3912 E AndroidRuntime: 	at android.os.Looper.loop(Looper.java:214)
06-06 21:30:57.259  3912  3912 E AndroidRuntime: 	at android.app.ActivityThread.main(ActivityThread.java:7356)
06-06 21:30:57.259  3912  3912 E AndroidRuntime: 	at java.lang.reflect.Method.invoke(Native Method)
06-06 21:30:57.259  3912  3912 E AndroidRuntime: 	at com.android.internal.os.RuntimeInit$MethodAndArgsCaller.run(RuntimeInit.java:491)
06-06 21:30:57.259  3912  3912 E AndroidRuntime: 	at com.android.internal.os.ZygoteInit.main(ZygoteInit.java:925)
06-06 21:30:57.259  3912  3912 E AndroidRuntime: Caused by: java.lang.IllegalArgumentException: invalid provider: null
06-06 21:30:57.259  3912  3912 E AndroidRuntime: 	at android.location.LocationManager.checkProvider(LocationManager.java:2354)
06-06 21:30:57.259  3912  3912 E AndroidRuntime: 	at android.location.LocationManager.getLastKnownLocation(LocationManager.java:1441)
06-06 21:30:57.259  3912  3912 E AndroidRuntime: 	at com.ido.dongha_ls.presentercards.LocationPersenter.initLocation(LocationPersenter.java:86)
06-06 21:30:57.259  3912  3912 E AndroidRuntime: 	at com.ido.dongha_ls.presentercards.LocationPersenter.startLocation(LocationPersenter.java:134)
06-06 21:30:57.259  3912  3912 E AndroidRuntime: 	at com.ido.dongha_ls.DongHaLSApplication.d(DongHaLSApplication.java:169)
06-06 21:30:57.259  3912  3912 E AndroidRuntime: 	at com.ido.dongha_ls.DongHaLSApplication.onCreate(DongHaLSApplication.java:77)
06-06 21:30:57.259  3912  3912 E AndroidRuntime: 	at android.app.Instrumentation.callApplicationOnCreate(Instrumentation.java:1190)
06-06 21:30:57.259  3912  3912 E AndroidRuntime: 	at android.app.ActivityThread.handleBindApplication(ActivityThread.java:6460)
06-06 21:30:57.259  3912  3912 E AndroidRuntime: 	... 8 more
06-06 21:31:04.913  4156  4156 E AndroidRuntime: FATAL EXCEPTION: main
06-06 21:31:04.913  4156  4156 E AndroidRuntime: Process: com.ido.dongha_ls, PID: 4156
06-06 21:31:04.913  4156  4156 E AndroidRuntime: java.lang.RuntimeException: Unable to create application com.ido.dongha_ls.DongHaLSApplication: java.lang.IllegalArgumentException: invalid provider: null
06-06 21:31:04.913  4156  4156 E AndroidRuntime: 	at android.app.ActivityThread.handleBindApplication(ActivityThread.java:6465)
06-06 21:31:04.913  4156  4156 E AndroidRuntime: 	at android.app.ActivityThread.access$1300(ActivityThread.java:219)
06-06 21:31:04.913  4156  4156 E AndroidRuntime: 	at android.app.ActivityThread$H.handleMessage(ActivityThread.java:1859)
06-06 21:31:04.913  4156  4156 E AndroidRuntime: 	at android.os.Handler.dispatchMessage(Handler.java:107)
06-06 21:31:04.913  4156  4156 E AndroidRuntime: 	at android.os.Looper.loop(Looper.java:214)
06-06 21:31:04.913  4156  4156 E AndroidRuntime: 	at android.app.ActivityThread.main(ActivityThread.java:7356)
06-06 21:31:04.913  4156  4156 E AndroidRuntime: 	at java.lang.reflect.Method.invoke(Native Method)
06-06 21:31:04.913  4156  4156 E AndroidRuntime: 	at com.android.internal.os.RuntimeInit$MethodAndArgsCaller.run(RuntimeInit.java:491)
06-06 21:31:04.913  4156  4156 E AndroidRuntime: 	at com.android.internal.os.ZygoteInit.main(ZygoteInit.java:925)
06-06 21:31:04.913  4156  4156 E AndroidRuntime: Caused by: java.lang.IllegalArgumentException: invalid provider: null
06-06 21:31:04.913  4156  4156 E AndroidRuntime: 	at android.location.LocationManager.checkProvider(LocationManager.java:2354)
06-06 21:31:04.913  4156  4156 E AndroidRuntime: 	at android.location.LocationManager.getLastKnownLocation(LocationManager.java:1441)
06-06 21:31:04.913  4156  4156 E AndroidRuntime: 	at com.ido.dongha_ls.presentercards.LocationPersenter.initLocation(LocationPersenter.java:86)
06-06 21:31:04.913  4156  4156 E AndroidRuntime: 	at com.ido.dongha_ls.presentercards.LocationPersenter.startLocation(LocationPersenter.java:134)
06-06 21:31:04.913  4156  4156 E AndroidRuntime: 	at com.ido.dongha_ls.DongHaLSApplication.d(DongHaLSApplication.java:169)
06-06 21:31:04.913  4156  4156 E AndroidRuntime: 	at com.ido.dongha_ls.DongHaLSApplication.onCreate(DongHaLSApplication.java:77)
06-06 21:31:04.913  4156  4156 E AndroidRuntime: 	at android.app.Instrumentation.callApplicationOnCreate(Instrumentation.java:1190)
06-06 21:31:04.913  4156  4156 E AndroidRuntime: 	at android.app.ActivityThread.handleBindApplication(ActivityThread.java:6460)
06-06 21:31:04.913  4156  4156 E AndroidRuntime: 	... 8 more
06-06 21:31:24.775  5024  5024 E AndroidRuntime: FATAL EXCEPTION: main
06-06 21:31:24.775  5024  5024 E AndroidRuntime: Process: com.ido.dongha_ls, PID: 5024
06-06 21:31:24.775  5024  5024 E AndroidRuntime: java.lang.RuntimeException: Unable to create application com.ido.dongha_ls.DongHaLSApplication: java.lang.IllegalArgumentException: invalid provider: null
06-06 21:31:24.775  5024  5024 E AndroidRuntime: 	at android.app.ActivityThread.handleBindApplication(ActivityThread.java:6465)
06-06 21:31:24.775  5024  5024 E AndroidRuntime: 	at android.app.ActivityThread.access$1300(ActivityThread.java:219)
06-06 21:31:24.775  5024  5024 E AndroidRuntime: 	at android.app.ActivityThread$H.handleMessage(ActivityThread.java:1859)
06-06 21:31:24.775  5024  5024 E AndroidRuntime: 	at android.os.Handler.dispatchMessage(Handler.java:107)
06-06 21:31:24.775  5024  5024 E AndroidRuntime: 	at android.os.Looper.loop(Looper.java:214)
06-06 21:31:24.775  5024  5024 E AndroidRuntime: 	at android.app.ActivityThread.main(ActivityThread.java:7356)
06-06 21:31:24.775  5024  5024 E AndroidRuntime: 	at java.lang.reflect.Method.invoke(Native Method)
06-06 21:31:24.775  5024  5024 E AndroidRuntime: 	at com.android.internal.os.RuntimeInit$MethodAndArgsCaller.run(RuntimeInit.java:491)
06-06 21:31:24.775  5024  5024 E AndroidRuntime: 	at com.android.internal.os.ZygoteInit.main(ZygoteInit.java:925)
06-06 21:31:24.775  5024  5024 E AndroidRuntime: Caused by: java.lang.IllegalArgumentException: invalid provider: null
06-06 21:31:24.775  5024  5024 E AndroidRuntime: 	at android.location.LocationManager.checkProvider(LocationManager.java:2354)
06-06 21:31:24.775  5024  5024 E AndroidRuntime: 	at android.location.LocationManager.getLastKnownLocation(LocationManager.java:1441)
06-06 21:31:24.775  5024  5024 E AndroidRuntime: 	at com.ido.dongha_ls.presentercards.LocationPersenter.initLocation(LocationPersenter.java:86)
06-06 21:31:24.775  5024  5024 E AndroidRuntime: 	at com.ido.dongha_ls.presentercards.LocationPersenter.startLocation(LocationPersenter.java:134)
06-06 21:31:24.775  5024  5024 E AndroidRuntime: 	at com.ido.dongha_ls.DongHaLSApplication.d(DongHaLSApplication.java:169)
06-06 21:31:24.775  5024  5024 E AndroidRuntime: 	at com.ido.dongha_ls.DongHaLSApplication.onCreate(DongHaLSApplication.java:77)
06-06 21:31:24.775  5024  5024 E AndroidRuntime: 	at android.app.Instrumentation.callApplicationOnCreate(Instrumentation.java:1190)
06-06 21:31:24.775  5024  5024 E AndroidRuntime: 	at android.app.ActivityThread.handleBindApplication(ActivityThread.java:6460)
06-06 21:31:24.775  5024  5024 E AndroidRuntime: 	... 8 more
06-06 21:32:33.395  8770  8770 E AndroidRuntime: FATAL EXCEPTION: main
06-06 21:32:33.395  8770  8770 E AndroidRuntime: Process: com.ido.dongha_ls, PID: 8770
06-06 21:32:33.395  8770  8770 E AndroidRuntime: java.lang.RuntimeException: Unable to create application com.ido.dongha_ls.DongHaLSApplication: java.lang.IllegalArgumentException: invalid provider: null
06-06 21:32:33.395  8770  8770 E AndroidRuntime: 	at android.app.ActivityThread.handleBindApplication(ActivityThread.java:6465)
06-06 21:32:33.395  8770  8770 E AndroidRuntime: 	at android.app.ActivityThread.access$1300(ActivityThread.java:219)
06-06 21:32:33.395  8770  8770 E AndroidRuntime: 	at android.app.ActivityThread$H.handleMessage(ActivityThread.java:1859)
06-06 21:32:33.395  8770  8770 E AndroidRuntime: 	at android.os.Handler.dispatchMessage(Handler.java:107)
06-06 21:32:33.395  8770  8770 E AndroidRuntime: 	at android.os.Looper.loop(Looper.java:214)
06-06 21:32:33.395  8770  8770 E AndroidRuntime: 	at android.app.ActivityThread.main(ActivityThread.java:7356)
06-06 21:32:33.395  8770  8770 E AndroidRuntime: 	at java.lang.reflect.Method.invoke(Native Method)
06-06 21:32:33.395  8770  8770 E AndroidRuntime: 	at com.android.internal.os.RuntimeInit$MethodAndArgsCaller.run(RuntimeInit.java:491)
06-06 21:32:33.395  8770  8770 E AndroidRuntime: 	at com.android.internal.os.ZygoteInit.main(ZygoteInit.java:925)
06-06 21:32:33.395  8770  8770 E AndroidRuntime: Caused by: java.lang.IllegalArgumentException: invalid provider: null
06-06 21:32:33.395  8770  8770 E AndroidRuntime: 	at android.location.LocationManager.checkProvider(LocationManager.java:2354)
06-06 21:32:33.395  8770  8770 E AndroidRuntime: 	at android.location.LocationManager.getLastKnownLocation(LocationManager.java:1441)
06-06 21:32:33.395  8770  8770 E AndroidRuntime: 	at com.ido.dongha_ls.presentercards.LocationPersenter.initLocation(LocationPersenter.java:86)
06-06 21:32:33.395  8770  8770 E AndroidRuntime: 	at com.ido.dongha_ls.presentercards.LocationPersenter.startLocation(LocationPersenter.java:134)
06-06 21:32:33.395  8770  8770 E AndroidRuntime: 	at com.ido.dongha_ls.DongHaLSApplication.d(DongHaLSApplication.java:169)
06-06 21:32:33.395  8770  8770 E AndroidRuntime: 	at com.ido.dongha_ls.DongHaLSApplication.onCreate(DongHaLSApplication.java:77)
06-06 21:32:33.395  8770  8770 E AndroidRuntime: 	at android.app.Instrumentation.callApplicationOnCreate(Instrumentation.java:1190)
06-06 21:32:33.395  8770  8770 E AndroidRuntime: 	at android.app.ActivityThread.handleBindApplication(ActivityThread.java:6460)
06-06 21:32:33.395  8770  8770 E AndroidRuntime: 	... 8 more
06-06 21:49:17.703 13696 13696 E AndroidRuntime: FATAL EXCEPTION: main
06-06 21:49:17.703 13696 13696 E AndroidRuntime: Process: com.ido.dongha_ls, PID: 13696
06-06 21:49:17.703 13696 13696 E AndroidRuntime: java.lang.RuntimeException: Unable to create application com.ido.dongha_ls.DongHaLSApplication: java.lang.IllegalArgumentException: invalid provider: null
06-06 21:49:17.703 13696 13696 E AndroidRuntime: 	at android.app.ActivityThread.handleBindApplication(ActivityThread.java:6465)
06-06 21:49:17.703 13696 13696 E AndroidRuntime: 	at android.app.ActivityThread.access$1300(ActivityThread.java:219)
06-06 21:49:17.703 13696 13696 E AndroidRuntime: 	at android.app.ActivityThread$H.handleMessage(ActivityThread.java:1859)
06-06 21:49:17.703 13696 13696 E AndroidRuntime: 	at android.os.Handler.dispatchMessage(Handler.java:107)
06-06 21:49:17.703 13696 13696 E AndroidRuntime: 	at android.os.Looper.loop(Looper.java:214)
06-06 21:49:17.703 13696 13696 E AndroidRuntime: 	at android.app.ActivityThread.main(ActivityThread.java:7356)
06-06 21:49:17.703 13696 13696 E AndroidRuntime: 	at java.lang.reflect.Method.invoke(Native Method)
06-06 21:49:17.703 13696 13696 E AndroidRuntime: 	at com.android.internal.os.RuntimeInit$MethodAndArgsCaller.run(RuntimeInit.java:491)
06-06 21:49:17.703 13696 13696 E AndroidRuntime: 	at com.android.internal.os.ZygoteInit.main(ZygoteInit.java:925)
06-06 21:49:17.703 13696 13696 E AndroidRuntime: Caused by: java.lang.IllegalArgumentException: invalid provider: null
06-06 21:49:17.703 13696 13696 E AndroidRuntime: 	at android.location.LocationManager.checkProvider(LocationManager.java:2354)
06-06 21:49:17.703 13696 13696 E AndroidRuntime: 	at android.location.LocationManager.getLastKnownLocation(LocationManager.java:1441)
06-06 21:49:17.703 13696 13696 E AndroidRuntime: 	at com.ido.dongha_ls.presentercards.LocationPersenter.initLocation(LocationPersenter.java:86)
06-06 21:49:17.703 13696 13696 E AndroidRuntime: 	at com.ido.dongha_ls.presentercards.LocationPersenter.startLocation(LocationPersenter.java:134)
06-06 21:49:17.703 13696 13696 E AndroidRuntime: 	at com.ido.dongha_ls.DongHaLSApplication.d(DongHaLSApplication.java:169)
06-06 21:49:17.703 13696 13696 E AndroidRuntime: 	at com.ido.dongha_ls.DongHaLSApplication.onCreate(DongHaLSApplication.java:77)
06-06 21:49:17.703 13696 13696 E AndroidRuntime: 	at android.app.Instrumentation.callApplicationOnCreate(Instrumentation.java:1190)
06-06 21:49:17.703 13696 13696 E AndroidRuntime: 	at android.app.ActivityThread.handleBindApplication(ActivityThread.java:6460)
06-06 21:49:17.703 13696 13696 E AndroidRuntime: 	... 8 more
06-06 22:30:39.352 20150 20150 E AndroidRuntime: FATAL EXCEPTION: main
06-06 22:30:39.352 20150 20150 E AndroidRuntime: Process: com.ido.dongha_ls, PID: 20150
06-06 22:30:39.352 20150 20150 E AndroidRuntime: java.lang.RuntimeException: Unable to create application com.ido.dongha_ls.DongHaLSApplication: java.lang.IllegalArgumentException: invalid provider: null
06-06 22:30:39.352 20150 20150 E AndroidRuntime: 	at android.app.ActivityThread.handleBindApplication(ActivityThread.java:6465)
06-06 22:30:39.352 20150 20150 E AndroidRuntime: 	at android.app.ActivityThread.access$1300(ActivityThread.java:219)
06-06 22:30:39.352 20150 20150 E AndroidRuntime: 	at android.app.ActivityThread$H.handleMessage(ActivityThread.java:1859)
06-06 22:30:39.352 20150 20150 E AndroidRuntime: 	at android.os.Handler.dispatchMessage(Handler.java:107)
06-06 22:30:39.352 20150 20150 E AndroidRuntime: 	at android.os.Looper.loop(Looper.java:214)
06-06 22:30:39.352 20150 20150 E AndroidRuntime: 	at android.app.ActivityThread.main(ActivityThread.java:7356)
06-06 22:30:39.352 20150 20150 E AndroidRuntime: 	at java.lang.reflect.Method.invoke(Native Method)
06-06 22:30:39.352 20150 20150 E AndroidRuntime: 	at com.android.internal.os.RuntimeInit$MethodAndArgsCaller.run(RuntimeInit.java:491)
06-06 22:30:39.352 20150 20150 E AndroidRuntime: 	at com.android.internal.os.ZygoteInit.main(ZygoteInit.java:925)
06-06 22:30:39.352 20150 20150 E AndroidRuntime: Caused by: java.lang.IllegalArgumentException: invalid provider: null
06-06 22:30:39.352 20150 20150 E AndroidRuntime: 	at android.location.LocationManager.checkProvider(LocationManager.java:2354)
06-06 22:30:39.352 20150 20150 E AndroidRuntime: 	at android.location.LocationManager.getLastKnownLocation(LocationManager.java:1441)
06-06 22:30:39.352 20150 20150 E AndroidRuntime: 	at com.ido.dongha_ls.presentercards.LocationPersenter.initLocation(LocationPersenter.java:86)
06-06 22:30:39.352 20150 20150 E AndroidRuntime: 	at com.ido.dongha_ls.presentercards.LocationPersenter.startLocation(LocationPersenter.java:134)
06-06 22:30:39.352 20150 20150 E AndroidRuntime: 	at com.ido.dongha_ls.DongHaLSApplication.d(DongHaLSApplication.java:169)
06-06 22:30:39.352 20150 20150 E AndroidRuntime: 	at com.ido.dongha_ls.DongHaLSApplication.onCreate(DongHaLSApplication.java:77)
06-06 22:30:39.352 20150 20150 E AndroidRuntime: 	at android.app.Instrumentation.callApplicationOnCreate(Instrumentation.java:1190)
06-06 22:30:39.352 20150 20150 E AndroidRuntime: 	at android.app.ActivityThread.handleBindApplication(ActivityThread.java:6460)
06-06 22:30:39.352 20150 20150 E AndroidRuntime: 	... 8 more
06-07 00:39:24.838  5075  5075 E AndroidRuntime: FATAL EXCEPTION: main
06-07 00:39:24.838  5075  5075 E AndroidRuntime: Process: com.ido.dongha_ls, PID: 5075
06-07 00:39:24.838  5075  5075 E AndroidRuntime: java.lang.RuntimeException: Unable to create application com.ido.dongha_ls.DongHaLSApplication: java.lang.IllegalArgumentException: invalid provider: null
06-07 00:39:24.838  5075  5075 E AndroidRuntime: 	at android.app.ActivityThread.handleBindApplication(ActivityThread.java:6465)
06-07 00:39:24.838  5075  5075 E AndroidRuntime: 	at android.app.ActivityThread.access$1300(ActivityThread.java:219)
06-07 00:39:24.838  5075  5075 E AndroidRuntime: 	at android.app.ActivityThread$H.handleMessage(ActivityThread.java:1859)
06-07 00:39:24.838  5075  5075 E AndroidRuntime: 	at android.os.Handler.dispatchMessage(Handler.java:107)
06-07 00:39:24.838  5075  5075 E AndroidRuntime: 	at android.os.Looper.loop(Looper.java:214)
06-07 00:39:24.838  5075  5075 E AndroidRuntime: 	at android.app.ActivityThread.main(ActivityThread.java:7356)
06-07 00:39:24.838  5075  5075 E AndroidRuntime: 	at java.lang.reflect.Method.invoke(Native Method)
06-07 00:39:24.838  5075  5075 E AndroidRuntime: 	at com.android.internal.os.RuntimeInit$MethodAndArgsCaller.run(RuntimeInit.java:491)
06-07 00:39:24.838  5075  5075 E AndroidRuntime: 	at com.android.internal.os.ZygoteInit.main(ZygoteInit.java:925)
06-07 00:39:24.838  5075  5075 E AndroidRuntime: Caused by: java.lang.IllegalArgumentException: invalid provider: null
06-07 00:39:24.838  5075  5075 E AndroidRuntime: 	at android.location.LocationManager.checkProvider(LocationManager.java:2354)
06-07 00:39:24.838  5075  5075 E AndroidRuntime: 	at android.location.LocationManager.getLastKnownLocation(LocationManager.java:1441)
06-07 00:39:24.838  5075  5075 E AndroidRuntime: 	at com.ido.dongha_ls.presentercards.LocationPersenter.initLocation(LocationPersenter.java:86)
06-07 00:39:24.838  5075  5075 E AndroidRuntime: 	at com.ido.dongha_ls.presentercards.LocationPersenter.startLocation(LocationPersenter.java:134)
06-07 00:39:24.838  5075  5075 E AndroidRuntime: 	at com.ido.dongha_ls.DongHaLSApplication.d(DongHaLSApplication.java:169)
06-07 00:39:24.838  5075  5075 E AndroidRuntime: 	at com.ido.dongha_ls.DongHaLSApplication.onCreate(DongHaLSApplication.java:77)
06-07 00:39:24.838  5075  5075 E AndroidRuntime: 	at android.app.Instrumentation.callApplicationOnCreate(Instrumentation.java:1190)
06-07 00:39:24.838  5075  5075 E AndroidRuntime: 	at android.app.ActivityThread.handleBindApplication(ActivityThread.java:6460)
06-07 00:39:24.838  5075  5075 E AndroidRuntime: 	... 8 more
--------- beginning of system
06-07 15:48:48.251  2317  2317 W FingerprintManager: Invalid acquired message: 6, 21
06-07 15:48:48.666  1959  1959 I chatty  : uid=1000 system_server expire 62 lines
06-07 15:48:49.295  2317  2317 W FingerprintManager: Invalid acquired message: 6, 21
06-07 15:48:51.493  2317  2317 W FingerprintManager: Invalid acquired message: 6, 21
06-07 15:48:52.131  2317  2317 W FingerprintManager: Invalid acquired message: 6, 21
06-07 15:48:53.093  2317  2317 W FingerprintManager: Invalid acquired message: 6, 21
06-07 15:49:16.004  2317  2317 W FingerprintManager: Invalid acquired message: 6, 21
06-07 15:49:16.126  1959  1959 I chatty  : uid=1000 system_server expire 87 lines
06-07 15:49:16.353  2317  2317 W FingerprintManager: Invalid acquired message: 6, 21
06-07 15:49:18.640  2317  2317 W FingerprintManager: Invalid acquired message: 6, 21
06-07 15:49:20.142  2317  2317 W FingerprintManager: Invalid acquired message: 6, 21
06-07 15:49:20.751  1959  2088 I chatty  : uid=1000(system) batterystats-wo expire 3 lines
06-07 15:49:20.751  2317  2317 W FingerprintManager: Invalid acquired message: 6, 21
06-07 15:49:21.021  2317  2317 W FingerprintManager: Invalid acquired message: 6, 21
06-07 15:51:28.723  2317  2317 W FingerprintManager: Invalid acquired message: 6, 21
06-07 15:51:28.911  1959  1959 I chatty  : uid=1000 system_server expire 53 lines
06-07 15:51:29.388  2317  2317 W FingerprintManager: Invalid acquired message: 6, 21
06-07 15:51:31.987  2317  2317 W FingerprintManager: Invalid acquired message: 6, 21
06-07 15:51:36.757  2317  2317 W FingerprintManager: Invalid acquired message: 6, 21
06-07 15:51:43.910  2317  2317 W FingerprintManager: Invalid acquired message: 6, 21
06-07 15:51:44.009  1959  1959 I chatty  : uid=1000 system_server expire 71 lines
06-07 15:51:48.062  2317  2317 W FingerprintManager: Invalid acquired message: 6, 21
06-07 15:51:50.302  2317  2317 W FingerprintManager: Invalid acquired message: 6, 21
06-07 15:51:51.943  2317  2317 W FingerprintManager: Invalid acquired message: 6, 21
06-07 15:51:53.441  2317  2317 W FingerprintManager: Invalid acquired message: 6, 21
06-07 15:53:19.963  2317  2317 W FingerprintManager: Invalid acquired message: 6, 21
06-07 15:53:20.445  1959  1959 I chatty  : uid=1000 system_server expire 40 lines
06-07 15:53:20.638  2317  2317 W FingerprintManager: Invalid acquired message: 6, 21
06-07 15:53:21.613  2317  2317 W FingerprintManager: Invalid acquired message: 6, 21
06-07 15:53:23.906  2317  2317 W FingerprintManager: Invalid acquired message: 6, 21
06-07 15:53:46.555  2317  2317 W FingerprintManager: Invalid acquired message: 6, 21
06-07 15:53:46.729  1959  1959 I chatty  : uid=1000 system_server expire 22 lines
06-07 15:54:15.078  1959  2257 I chatty  : uid=1000(system) ConnectivitySer expire 7 lines
06-07 15:56:35.627  2317  2317 W FingerprintManager: Invalid acquired message: 6, 21
06-07 15:56:35.782  1959  1959 I chatty  : uid=1000 system_server expire 10 lines
06-07 15:57:03.839  2317  2317 W FingerprintManager: Invalid acquired message: 6, 21
06-07 15:57:04.901  1959  1959 I chatty  : uid=1000 system_server expire 45 lines
06-07 15:57:06.559  2317  2317 W FingerprintManager: Invalid acquired message: 6, 21
06-07 15:57:09.332  2317  2317 W FingerprintManager: Invalid acquired message: 6, 21
06-07 15:57:15.143  1959  2257 I chatty  : uid=1000(system) ConnectivitySer expire 12 lines
06-07 15:58:35.580  2317  2317 W FingerprintManager: Invalid acquired message: 6, 21
06-07 15:58:42.373  1959  1959 I chatty  : uid=1000 system_server expire 41 lines
06-07 15:58:45.310  2317  2317 W FingerprintManager: Invalid acquired message: 6, 21
06-07 15:58:47.060  1959  2257 I chatty  : uid=1000(system) ConnectivitySer expire 79 lines
06-07 16:00:39.927  1959  4680 I chatty  : uid=1000(system) Binder:1959_13 expire 10 lines
06-07 16:00:40.023  1959  3621 I chatty  : uid=1000(system) Binder:1959_C expire 2 lines
06-07 16:00:40.688  1959  7353 I chatty  : uid=1000(system) Binder:1959_1C expire 1 line
06-07 16:00:41.062  1959  5377 I chatty  : uid=1000(system) Binder:1959_15 expire 2 lines
06-07 16:00:43.390  1959  2078 I chatty  : uid=1000(system) ActivityManager expire 2 lines
06-07 16:00:48.307  1959  9158 I chatty  : uid=1000(system) Binder:1959_1F expire 15 lines
06-07 16:00:49.565  1959  2268 I chatty  : uid=1000(system) Binder:1959_3 expire 5 lines
06-07 16:00:50.342  1959  2077 I chatty  : uid=1000(system) ActivityManager expire 1 line
06-07 16:00:50.793  1959  8215 I chatty  : uid=1000(system) Binder:1959_1D expire 5 lines
06-07 16:00:50.793  1959  3884 I chatty  : uid=1000(system) Binder:1959_10 expire 4 lines
06-07 16:00:50.793  1959  8254 I chatty  : uid=1000(system) Binder:1959_1E expire 3 lines
06-07 16:00:50.806  1959  2067 I chatty  : uid=1000(system) android.display expire 1 line
06-07 16:00:51.181  1959  2435 I chatty  : uid=1000(system) Binder:1959_5 expire 4 lines
06-07 16:00:58.173  1959  9391 I chatty  : uid=1000(system) Binder:1959_20 expire 1 line
06-07 16:01:02.560  1959  2088 I chatty  : uid=1000(system) batterystats-wo expire 2 lines
06-07 16:01:42.376  2317  2317 W FingerprintManager: Invalid acquired message: 6, 21
06-07 16:01:42.634  1959  1959 I chatty  : uid=1000 system_server expire 38 lines
06-07 16:01:45.678  2317  2317 W FingerprintManager: Invalid acquired message: 6, 21
06-07 16:01:46.253  2317  2317 W FingerprintManager: Invalid acquired message: 6, 21
06-07 16:02:13.626  1959  3010 I chatty  : uid=1000(system) Binder:1959_9 expire 1 line
06-07 16:02:15.709  1959  2257 I chatty  : uid=1000(system) ConnectivitySer expire 13 lines
06-07 16:04:14.993  1959  2064 I chatty  : uid=1000(system) android.fg expire 1 line
06-07 16:06:03.569  1959  2257 I chatty  : uid=1000(system) ConnectivitySer expire 26 lines
06-07 16:06:03.591  1959  8215 I chatty  : uid=1000(system) Binder:1959_1D expire 3 lines
06-07 16:06:04.150  1959  2268 I chatty  : uid=1000(system) Binder:1959_3 expire 1 line
06-07 16:06:04.557  1959  2088 I chatty  : uid=1000(system) batterystats-wo expire 3 lines
06-07 16:06:06.643  1959  2078 I chatty  : uid=1000(system) ActivityManager expire 3 lines
06-07 16:06:06.794  1959  2435 I chatty  : uid=1000(system) Binder:1959_5 expire 4 lines
06-07 16:06:07.553 31561 31561 D ActivityThread: Loading provider contacts;com.android.contacts: com.android.providers.contacts.ContactsProvider2
06-07 16:06:09.129  1959  7353 I chatty  : uid=1000(system) Binder:1959_1C expire 1 line
06-07 16:06:09.130  1959  9158 I chatty  : uid=1000(system) Binder:1959_1F expire 2 lines
06-07 16:06:15.382  1959  1959 I chatty  : uid=1000 system_server expire 15 lines
06-07 16:06:15.630  1959  5442 I chatty  : uid=1000(system) Binder:1959_16 expire 1 line
06-07 16:06:15.631  1959  2065 I chatty  : uid=1000(system) android.ui expire 1 line
06-07 16:06:16.568  1959  2076 I chatty  : uid=1000(system) android.bg expire 1 line
06-07 16:06:26.311  2317  2317 W FingerprintManager: Invalid acquired message: 6, 21
06-07 16:06:26.579  1959  1959 I chatty  : uid=1000 system_server expire 90 lines
06-07 16:06:28.748  1959  2257 I chatty  : uid=1000(system) ConnectivitySer expire 10 lines
06-07 16:06:28.764  2317  2317 W FingerprintManager: Invalid acquired message: 6, 21
06-07 16:06:29.144  2317  2317 W FingerprintManager: Invalid acquired message: 6, 21
06-07 16:06:30.393  2317  2317 W FingerprintManager: Invalid acquired message: 6, 21
06-07 16:06:32.655  2317  2317 W FingerprintManager: Invalid acquired message: 6, 21
06-07 16:06:36.166  2317  2317 W FingerprintManager: Invalid acquired message: 6, 21
06-07 16:06:36.845  2317  2317 W FingerprintManager: Invalid acquired message: 6, 21
06-07 16:06:38.537  1959  1959 I chatty  : uid=1000 system_server expire 10 lines
06-07 16:06:49.530  2317  2317 W FingerprintManager: Invalid acquired message: 6, 21
06-07 16:06:51.499  1959  1959 I chatty  : uid=1000 system_server expire 10 lines
06-07 16:08:11.624  2317  2317 W FingerprintManager: Invalid acquired message: 6, 21
06-07 16:08:11.878  1959  1959 I chatty  : uid=1000 system_server expire 10 lines
06-07 16:09:53.791  2317  2317 W FingerprintManager: Invalid acquired message: 6, 21
06-07 16:09:54.032  1959  1959 I chatty  : uid=1000 system_server expire 20 lines
06-07 16:09:58.989  2317  2317 W FingerprintManager: Invalid acquired message: 6, 21
06-07 16:10:07.876  2317  2317 W FingerprintManager: Invalid acquired message: 6, 21
06-07 16:10:08.051  1959  1959 I chatty  : uid=1000 system_server expire 20 lines
06-07 16:10:14.796  2317  2317 W FingerprintManager: Invalid acquired message: 6, 21
06-07 16:10:20.782  2317  2317 W FingerprintManager: Invalid acquired message: 6, 21
06-07 16:10:21.132  1959  1959 I chatty  : uid=1000 system_server expire 162 lines
06-07 16:10:22.429  2317  2317 W FingerprintManager: Invalid acquired message: 6, 21
06-07 16:10:24.642  2317  2317 W FingerprintManager: Invalid acquired message: 6, 21
06-07 16:10:25.037  2317  2317 W FingerprintManager: Invalid acquired message: 6, 21
06-07 16:10:25.048  1959  2257 I chatty  : uid=1000(system) ConnectivitySer expire 1 line
06-07 16:10:25.053  1959  2435 I chatty  : uid=1000(system) Binder:1959_5 expire 1 line
06-07 16:10:25.526  2317  2317 W FingerprintManager: Invalid acquired message: 6, 21
06-07 16:10:25.999  2317  2317 W FingerprintManager: Invalid acquired message: 6, 21
06-07 16:10:26.407  2317  2317 W FingerprintManager: Invalid acquired message: 6, 21
06-07 16:10:27.812  2317  2317 W FingerprintManager: Invalid acquired message: 6, 21
06-07 16:10:29.531  2317  2317 W FingerprintManager: Invalid acquired message: 6, 21
06-07 16:10:29.990  2317  2317 W FingerprintManager: Invalid acquired message: 6, 21
06-07 16:10:30.297  2317  2317 W FingerprintManager: Invalid acquired message: 6, 21
06-07 16:10:30.794  1959  2338 I chatty  : uid=1000(system) Binder:1959_4 expire 1 line
06-07 16:10:30.983  2317  2317 W FingerprintManager: Invalid acquired message: 6, 21
06-07 16:10:32.481  2317  2317 W FingerprintManager: Invalid acquired message: 6, 21
06-07 16:10:32.662  1959  1959 I chatty  : uid=1000 system_server expire 83 lines
06-07 16:10:35.889  2317  2317 W FingerprintManager: Invalid acquired message: 6, 21
06-07 16:10:36.806  2317  2317 W FingerprintManager: Invalid acquired message: 6, 21
06-07 16:10:38.368  2317  2317 W FingerprintManager: Invalid acquired message: 6, 21
06-07 16:10:39.808  2317  2317 W FingerprintManager: Invalid acquired message: 6, 21
06-07 16:10:40.221  2317  2317 W FingerprintManager: Invalid acquired message: 6, 21
06-07 16:10:41.350  2317  2317 W FingerprintManager: Invalid acquired message: 6, 21
06-07 16:10:41.517  2317  2317 W FingerprintManager: Invalid acquired message: 6, 21
06-07 16:10:42.999  2317  2317 W FingerprintManager: Invalid acquired message: 6, 21
06-07 16:10:43.122  1959  1959 I chatty  : uid=1000 system_server expire 64 lines
06-07 16:10:43.638  2317  2317 W FingerprintManager: Invalid acquired message: 6, 21
06-07 16:10:44.284  2317  2317 W FingerprintManager: Invalid acquired message: 6, 21
06-07 16:10:46.467  2317  2317 W FingerprintManager: Invalid acquired message: 6, 21
06-07 16:10:48.552  2317  2317 W FingerprintManager: Invalid acquired message: 6, 21
06-07 16:10:55.282  2317  2317 W FingerprintManager: Invalid acquired message: 6, 21
06-07 16:10:55.509  1959  1959 I chatty  : uid=1000 system_server expire 20 lines
06-07 16:11:01.825  2317  2317 W FingerprintManager: Invalid acquired message: 6, 21
06-07 16:11:06.346  2317  2317 W FingerprintManager: Invalid acquired message: 6, 21
06-07 16:11:06.803  1959  1959 I chatty  : uid=1000 system_server expire 30 lines
06-07 16:11:11.498  2317  2317 W FingerprintManager: Invalid acquired message: 6, 21
06-07 16:11:13.837  2317  2317 W FingerprintManager: Invalid acquired message: 6, 21
06-07 16:11:24.194  1959  2257 I chatty  : uid=1000(system) ConnectivitySer expire 8 lines
06-07 16:11:28.694  2317  2317 W FingerprintManager: Invalid acquired message: 6, 21
06-07 16:11:29.161  1959  1959 I chatty  : uid=1000 system_server expire 51 lines
06-07 16:11:32.901  1959  2088 I chatty  : uid=1000(system) batterystats-wo expire 4 lines
06-07 16:11:35.874  2317  2317 W FingerprintManager: Invalid acquired message: 6, 21
06-07 16:11:37.362  2317  2317 W FingerprintManager: Invalid acquired message: 6, 21
06-07 16:11:53.806  2317  2317 W FingerprintManager: Invalid acquired message: 6, 21
06-07 16:11:54.130  1959  1959 I chatty  : uid=1000 system_server expire 10 lines
06-07 16:16:16.838  1959  2268 I chatty  : uid=1000(system) Binder:1959_3 expire 1 line
06-07 16:16:17.849  2317  2317 W FingerprintManager: Invalid acquired message: 6, 21
06-07 16:16:18.220  1959  1959 I chatty  : uid=1000 system_server expire 63 lines
06-07 16:16:19.014  2317  2317 W FingerprintManager: Invalid acquired message: 6, 21
06-07 16:16:21.921  2317  2317 W FingerprintManager: Invalid acquired message: 6, 21
06-07 16:16:22.430  2317  2317 W FingerprintManager: Invalid acquired message: 6, 21
06-07 16:16:24.327  2317  2317 W FingerprintManager: Invalid acquired message: 6, 21
06-07 16:16:26.676  2317  2317 W FingerprintManager: Invalid acquired message: 6, 21
06-07 16:16:29.933  2317  2317 W FingerprintManager: Invalid acquired message: 6, 21
06-07 16:16:30.558  1959  1959 I chatty  : uid=1000 system_server expire 10 lines
06-07 16:16:46.692  2317  2317 W FingerprintManager: Invalid acquired message: 6, 21
06-07 16:16:47.048  1959  1959 I chatty  : uid=1000 system_server expire 19 lines
06-07 16:17:01.530  2317  2317 W FingerprintManager: Invalid acquired message: 6, 21
06-07 16:17:03.682  1959  1959 I chatty  : uid=1000 system_server expire 6 lines
06-07 16:17:03.787  1959  5377 I chatty  : uid=1000(system) Binder:1959_15 expire 1 line
06-07 16:17:15.567  1959  1959 I chatty  : uid=1000 system_server expire 17 lines
06-07 16:17:23.190  2317  2317 W FingerprintManager: Invalid acquired message: 6, 21
06-07 16:17:39.811  2317  2317 W FingerprintManager: Invalid acquired message: 6, 21
06-07 16:17:40.118  1959  1959 I chatty  : uid=1000 system_server expire 10 lines
06-07 16:17:50.341  2317  2317 W FingerprintManager: Invalid acquired message: 6, 21
06-07 16:17:50.935  1959  1959 I chatty  : uid=1000 system_server expire 60 lines
06-07 16:17:51.608  2317  2317 W FingerprintManager: Invalid acquired message: 6, 21
06-07 16:17:55.614  2317  2317 W FingerprintManager: Invalid acquired message: 6, 21
06-07 16:17:56.034  2317  2317 W FingerprintManager: Invalid acquired message: 6, 21
06-07 16:17:56.558  2317  2317 W FingerprintManager: Invalid acquired message: 6, 21
06-07 16:18:00.605  2317  2317 W FingerprintManager: Invalid acquired message: 6, 21
06-07 16:18:14.585  2317  2317 W FingerprintManager: Invalid acquired message: 6, 21
06-07 16:18:15.311  1959  1959 I chatty  : uid=1000 system_server expire 10 lines
06-07 16:18:56.821  1959  2257 I chatty  : uid=1000(system) ConnectivitySer expire 62 lines
06-07 16:18:56.850  1959  4680 I chatty  : uid=1000(system) Binder:1959_13 expire 3 lines
06-07 16:18:56.852  1959  2435 I chatty  : uid=1000(system) Binder:1959_5 expire 4 lines
06-07 16:18:56.971  1959  2078 I chatty  : uid=1000(system) ActivityManager expire 7 lines
06-07 16:18:58.970  2317  2317 W FingerprintManager: Invalid acquired message: 6, 21
06-07 16:18:59.781  1959  3634 I chatty  : uid=1000(system) Binder:1959_D expire 2 lines
06-07 16:19:00.632  1959  1959 I chatty  : uid=1000 system_server expire 26 lines
06-07 16:19:02.026  1959  2077 I chatty  : uid=1000(system) ActivityManager expire 5 lines
06-07 16:19:02.191  1959  2606 I chatty  : uid=1000(system) Binder:1959_6 expire 9 lines
06-07 16:19:02.230  2317  2317 W FingerprintManager: Invalid acquired message: 6, 21
06-07 16:19:02.290  1959  5442 I chatty  : uid=1000(system) Binder:1959_16 expire 1 line
06-07 16:19:06.380  2317  2317 W FingerprintManager: Invalid acquired message: 6, 21
06-07 16:19:07.395  1959  3858 I chatty  : uid=1000(system) Binder:1959_F expire 1 line
06-07 16:19:07.403  1959  4369 I chatty  : uid=1000(system) Binder:1959_12 expire 3 lines
06-07 16:19:07.609  2317  2317 W FingerprintManager: Invalid acquired message: 6, 22
06-07 16:19:07.888  1959  2105 I chatty  : uid=1000(system) PowerManagerSer expire 6 lines
06-07 16:19:07.919  1959  2067 I chatty  : uid=1000(system) android.display expire 2 lines
06-07 16:19:07.939  1134  1134 I wificond: Pno scan stopped
06-07 16:19:07.993  1959  2088 I chatty  : uid=1000(system) batterystats-wo expire 2 lines
06-07 16:19:08.104  1959  2064 I chatty  : uid=1000(system) android.fg expire 3 lines
06-07 16:19:08.210  1959  2032 I chatty  : uid=1000(system) Binder:1959_2 expire 4 lines
06-07 16:19:08.345  1959  2257 I chatty  : uid=1000(system) ConnectivitySer expire 15 lines
06-07 16:19:08.395  1959  8215 I chatty  : uid=1000(system) Binder:1959_1D expire 3 lines
06-07 16:19:13.681  1959  2032 I chatty  : uid=1000(system) Binder:1959_2 expire 3 lines
06-07 16:19:22.332  1959  2088 I chatty  : uid=1000(system) batterystats-wo expire 6 lines
06-07 16:19:22.332  1959  2078 I chatty  : uid=1000(system) ActivityManager expire 10 lines
06-07 16:19:22.725  1959  3634 I chatty  : uid=1000(system) Binder:1959_D expire 8 lines
06-07 16:19:33.200  1959  8254 I chatty  : uid=1000(system) Binder:1959_1E expire 1 line
06-07 16:19:33.215  1959  1959 I chatty  : uid=1000 system_server expire 23 lines
06-07 16:19:34.928  1959  4369 I chatty  : uid=1000(system) Binder:1959_12 expire 4 lines
06-07 16:19:34.965  1959  2067 I chatty  : uid=1000(system) android.display expire 11 lines
06-07 16:19:36.916  1959  3010 I chatty  : uid=1000(system) Binder:1959_9 expire 5 lines
06-07 16:19:36.979  1959  9391 I chatty  : uid=1000(system) Binder:1959_20 expire 2 lines
06-07 16:19:40.025  1959  2232 I chatty  : uid=1000(system) InputReader expire 3 lines
06-07 16:19:40.513  1959  2105 I chatty  : uid=1000(system) PowerManagerSer expire 12 lines
06-07 16:19:40.887  1959  2064 I chatty  : uid=1000(system) android.fg expire 4 lines
06-07 16:19:41.135  1134  1134 I wificond: Pno scan started for frequencies: 2412, 2417, 2422, 2427, 2432, 2437, 2447, 2452, 2457, 2462, 5180, 5200, 5220, 5240, 5745, 5765, 5785, 5805, 
06-07 16:19:41.292  2317  2317 W FingerprintManager: Invalid acquired message: 6, 21
06-07 16:19:46.794  2317  2317 W FingerprintManager: Invalid acquired message: 6, 21
06-07 16:19:47.451  1959  1959 I chatty  : uid=1000 system_server expire 10 lines
06-07 16:19:52.484  1959  5863 I chatty  : uid=1000(system) Binder:1959_17 expire 1 line
06-07 16:20:19.155  2317  2317 W FingerprintManager: Invalid acquired message: 6, 21
06-07 16:20:47.029  1959  2257 I chatty  : uid=1000(system) ConnectivitySer expire 13 lines
06-07 16:21:53.745  1959  2077 I chatty  : uid=1000(system) ActivityManager expire 7 lines
06-07 16:22:30.450  1959  1959 I chatty  : uid=1000 system_server expire 16 lines
06-07 16:22:35.214  2317  2317 W FingerprintManager: Invalid acquired message: 6, 21
06-07 16:22:37.079  1959  6287 I chatty  : uid=1000(system) Binder:1959_19 expire 3 lines
06-07 16:22:39.384  1959  2105 I chatty  : uid=1000(system) PowerManagerSer expire 7 lines
06-07 16:22:40.221  2317  2317 W FingerprintManager: Invalid acquired message: 6, 22
06-07 16:22:40.745  1959  5377 I chatty  : uid=1000(system) Binder:1959_15 expire 4 lines
06-07 16:22:40.778  1134  1134 I wificond: Pno scan stopped
06-07 16:22:40.784  1959  2722 I chatty  : uid=1000(system) Binder:1959_7 expire 6 lines
06-07 16:22:40.816  1959  3884 I chatty  : uid=1000(system) Binder:1959_10 expire 3 lines
06-07 16:22:40.853  1959  3309 I chatty  : uid=1000(system) Binder:1959_A expire 3 lines
06-07 16:22:42.936  1959  1959 I chatty  : uid=1000 system_server expire 11 lines
06-07 16:22:45.702  1959  5442 I chatty  : uid=1000(system) Binder:1959_16 expire 10 lines
06-07 16:22:53.555  1959  7353 I chatty  : uid=1000(system) Binder:1959_1C expire 11 lines
06-07 16:22:56.925  1959  7315 I chatty  : uid=1000(system) Binder:1959_1B expire 1 line
06-07 16:22:59.030  1959  2076 I chatty  : uid=1000(system) android.bg expire 4 lines
06-07 16:22:59.376  1959  4314 I chatty  : uid=1000(system) LocationService expire 1 line
06-07 16:22:59.398  2663  2663 I Telephony: : onSubscriptionsChanged - update accounts
06-07 16:22:59.398  2663  2663 I Telephony: PstnIncomingCallNotifier: Unregistering: Handler (com.qualcomm.qti.internal.telephony.QtiGsmCdmaPhone) {d2d1b7b}
06-07 16:22:59.400  2663  2663 I Telephony: PstnIncomingCallNotifier: Unregistering: Handler (com.qualcomm.qti.internal.telephony.QtiGsmCdmaPhone) {6b65d98}
06-07 16:22:59.401  2663  2663 I Telephony: TelecomAccountRegistry: setupAccounts: Found 2 phones.  Attempting to register.
06-07 16:22:59.408  2663  2663 I Telephony: TelecomAccountRegistry: setupAccounts: Phone with subscription id: 1 slotId: 0 provisionStatus: 1
06-07 16:22:59.454  2663  2663 I Telephony: AccountEntry: Registered phoneAccount: [[ ] PhoneAccount: ComponentInfo{com.android.phone/com.android.services.telephony.TelephonyConnectionService}, ***, UserHandle{0} Capabilities: SuppVideo CallProvider MultiUser PlaceEmerg SimSub  Audio Routes: BESW Schemes: tel voicemail  Extras: Bundle[{android.telecom.extra.SUPPORTS_VIDEO_CALLING_FALLBACK=true, android.telecom.extra.SORT_ORDER=0}] GroupId: ***] with handle: ComponentInfo{com.android.phone/com.android.services.telephony.TelephonyConnectionService}, ***, UserHandle{0}
06-07 16:22:59.456  2663  2663 I Telephony: PstnIncomingCallNotifier: Registering: Handler (com.qualcomm.qti.internal.telephony.QtiGsmCdmaPhone) {d2d1b7b}
06-07 16:22:59.458  2663  2663 I Telephony: TelecomAccountRegistry: setupAccounts: Phone with subscription id: 2 slotId: 1 provisionStatus: 1
06-07 16:22:59.479  1959  2338 I chatty  : uid=1000(system) Binder:1959_4 expire 5 lines
06-07 16:22:59.483  2663  2663 I Telephony: AccountEntry: Registered phoneAccount: [[ ] PhoneAccount: ComponentInfo{com.android.phone/com.android.services.telephony.TelephonyConnectionService}, ***, UserHandle{0} Capabilities: SuppVideo CallProvider MultiUser PlaceEmerg SimSub  Audio Routes: BESW Schemes: tel voicemail  Extras: Bundle[{android.telecom.extra.SUPPORTS_VIDEO_CALLING_FALLBACK=true, android.telecom.extra.SORT_ORDER=1}] GroupId: ***] with handle: ComponentInfo{com.android.phone/com.android.services.telephony.TelephonyConnectionService}, ***, UserHandle{0}
06-07 16:22:59.483  2663  2663 I Telephony: PstnIncomingCallNotifier: Registering: Handler (com.qualcomm.qti.internal.telephony.QtiGsmCdmaPhone) {6b65d98}
06-07 16:22:59.500  2663  2663 I Telephony: PstnIncomingCallNotifier: Unregistering: Handler (com.qualcomm.qti.internal.telephony.QtiGsmCdmaPhone) {d2d1b7b}
06-07 16:22:59.501  2663  2663 I Telephony: PstnIncomingCallNotifier: Unregistering: Handler (com.qualcomm.qti.internal.telephony.QtiGsmCdmaPhone) {6b65d98}
06-07 16:22:59.502  2663  2663 I Telephony: TelecomAccountRegistry: setupAccounts: Found 2 phones.  Attempting to register.
06-07 16:22:59.502  2663  2663 I Telephony: TelecomAccountRegistry: setupAccounts: Phone with subscription id: 1 slotId: 0 provisionStatus: 1
06-07 16:22:59.517  2663  2663 I Telephony: AccountEntry: Registered phoneAccount: [[ ] PhoneAccount: ComponentInfo{com.android.phone/com.android.services.telephony.TelephonyConnectionService}, ***, UserHandle{0} Capabilities: SuppVideo CallProvider MultiUser PlaceEmerg SimSub  Audio Routes: BESW Schemes: tel voicemail  Extras: Bundle[{android.telecom.extra.SUPPORTS_VIDEO_CALLING_FALLBACK=true, android.telecom.extra.SORT_ORDER=0}] GroupId: ***] with handle: ComponentInfo{com.android.phone/com.android.services.telephony.TelephonyConnectionService}, ***, UserHandle{0}
06-07 16:22:59.517  2663  2663 I Telephony: PstnIncomingCallNotifier: Registering: Handler (com.qualcomm.qti.internal.telephony.QtiGsmCdmaPhone) {d2d1b7b}
06-07 16:22:59.519  2663  2663 I Telephony: TelecomAccountRegistry: setupAccounts: Phone with subscription id: 2 slotId: 1 provisionStatus: 1
06-07 16:22:59.530  2663  2663 I Telephony: AccountEntry: Registered phoneAccount: [[ ] PhoneAccount: ComponentInfo{com.android.phone/com.android.services.telephony.TelephonyConnectionService}, ***, UserHandle{0} Capabilities: SuppVideo CallProvider MultiUser PlaceEmerg SimSub  Audio Routes: BESW Schemes: tel voicemail  Extras: Bundle[{android.telecom.extra.SUPPORTS_VIDEO_CALLING_FALLBACK=true, android.telecom.extra.SORT_ORDER=1}] GroupId: ***] with handle: ComponentInfo{com.android.phone/com.android.services.telephony.TelephonyConnectionService}, ***, UserHandle{0}
06-07 16:22:59.530  2663  2663 I Telephony: PstnIncomingCallNotifier: Registering: Handler (com.qualcomm.qti.internal.telephony.QtiGsmCdmaPhone) {6b65d98}
06-07 16:22:59.578  2663  2663 I Telephony: PstnPhoneCapabilitiesNotifier: handleVideoCapabilitesChanged. Video capability - false
06-07 16:22:59.579  2663  2663 I chatty  : uid=1001(radio) com.android.phone identical 1 line
06-07 16:22:59.600  2663  2663 I Telephony: PstnPhoneCapabilitiesNotifier: handleVideoCapabilitesChanged. Video capability - false
06-07 16:22:59.616  2663  2663 I Telephony: PstnPhoneCapabilitiesNotifier: handleVideoCapabilitesChanged. Video capability - false
06-07 16:22:59.625  1959  5442 I chatty  : uid=1000(system) Binder:1959_16 expire 7 lines
06-07 16:22:59.968  1959  7264 I chatty  : uid=1000(system) Binder:1959_1A expire 3 lines
06-07 16:23:00.202  1959  2078 I chatty  : uid=1000(system) ActivityManager expire 18 lines
06-07 16:23:02.186  1959  2257 I chatty  : uid=1000(system) ConnectivitySer expire 3 lines
06-07 16:23:02.920  1959  9158 I chatty  : uid=1000(system) Binder:1959_1F expire 2 lines
06-07 16:23:03.299  1959  3620 I chatty  : uid=1000(system) Binder:1959_B expire 4 lines
06-07 16:23:05.316  1959  2247 I chatty  : uid=1000(system) tworkPolicy.uid expire 1 line
06-07 16:23:06.826  1959  2268 I chatty  : uid=1000(system) Binder:1959_3 expire 7 lines
06-07 16:23:15.513  1959  4680 I chatty  : uid=1000(system) Binder:1959_13 expire 4 lines
06-07 16:23:20.526  1959  2257 I chatty  : uid=1000(system) ConnectivitySer expire 20 lines
06-07 16:23:21.642  1959  3858 I chatty  : uid=1000(system) Binder:1959_F expire 6 lines
06-07 16:23:22.027  1959  2078 I chatty  : uid=1000(system) ActivityManager expire 11 lines
06-07 16:23:22.574  1959  5175 I chatty  : uid=1000(system) Binder:1959_14 expire 9 lines
06-07 16:23:29.382  1959  6083 I chatty  : uid=1000(system) Binder:1959_18 expire 5 lines
06-07 16:23:29.997  1959  3884 I chatty  : uid=1000(system) Binder:1959_10 expire 2 lines
06-07 16:23:32.520  1959  2338 I chatty  : uid=1000(system) Binder:1959_4 expire 2 lines
06-07 16:23:32.838  1959  7353 I chatty  : uid=1000(system) Binder:1959_1C expire 4 lines
06-07 16:23:34.002  1959  2077 I chatty  : uid=1000(system) ActivityManager expire 9 lines
06-07 16:23:37.497  1959  9391 I chatty  : uid=1000(system) Binder:1959_20 expire 11 lines
06-07 16:23:37.527  1959  2067 I chatty  : uid=1000(system) android.display expire 10 lines
06-07 16:23:37.629  1959  2088 I chatty  : uid=1000(system) batterystats-wo expire 8 lines
06-07 16:23:39.997  1959  3634 I chatty  : uid=1000(system) Binder:1959_D expire 10 lines
06-07 16:23:45.139  1959  5863 I chatty  : uid=1000(system) Binder:1959_17 expire 5 lines
06-07 16:23:47.317  1959  2031 I chatty  : uid=1000(system) Binder:1959_1 expire 2 lines
06-07 16:23:49.332  1959  7315 I chatty  : uid=1000(system) Binder:1959_1B expire 6 lines
06-07 16:23:49.366  1959  6287 I chatty  : uid=1000(system) Binder:1959_19 expire 1 line
06-07 16:23:49.833  1959  2435 I chatty  : uid=1000(system) Binder:1959_5 expire 6 lines
06-07 16:23:54.139  1959  4070 I chatty  : uid=1000(system) Binder:1959_11 expire 5 lines
06-07 16:23:56.204  1959  1959 I chatty  : uid=1000 system_server expire 24 lines
06-07 16:23:56.701  1959  2722 I chatty  : uid=1000(system) Binder:1959_7 expire 3 lines
06-07 16:23:57.224  4977  4977 D ActivityThread: Loading provider contacts;com.android.contacts: com.android.providers.contacts.ContactsProvider2
06-07 16:23:59.398  1959  2065 I chatty  : uid=1000(system) android.ui expire 4 lines
06-07 16:24:01.546  1959  3621 I chatty  : uid=1000(system) Binder:1959_C expire 4 lines
06-07 16:24:03.606  1959  3010 I chatty  : uid=1000(system) Binder:1959_9 expire 5 lines
06-07 16:24:11.309  1959  3620 I chatty  : uid=1000(system) Binder:1959_B expire 2 lines
06-07 16:24:14.033  1959  2078 I chatty  : uid=1000(system) ActivityManager expire 7 lines
06-07 16:24:14.192  1959  8215 I chatty  : uid=1000(system) Binder:1959_1D expire 2 lines
06-07 16:24:18.647  1959  3857 I chatty  : uid=1000(system) Binder:1959_E expire 2 lines
06-07 16:24:18.863  1959  2032 I chatty  : uid=1000(system) Binder:1959_2 expire 4 lines
06-07 16:24:20.038  1959  2606 I chatty  : uid=1000(system) Binder:1959_6 expire 4 lines
